Unloading conda_R/4.4
Loading conda_R/4.4

🔹 Processing: Amygdala excitatory
Found 120381 cells in metadata.
Matched 179234 cells in AnnData object.
Traceback (most recent call last):
  File "/dcs04/lieber/marmaypag/spatialAMY_LIBD4125/spatialAmygdala/code/snRNAseq/01_build_sce/loading_h5ad_AnnData.py", line 56, in <module>
    subset_and_save("Amygdala excitatory", out_exc_path)
  File "/dcs04/lieber/marmaypag/spatialAMY_LIBD4125/spatialAmygdala/code/snRNAseq/01_build_sce/loading_h5ad_AnnData.py", line 50, in subset_and_save
    adata_subset.write_h5ad(out_path)
  File "/users/mtotty/.local/lib/python3.10/site-packages/anndata/_core/anndata.py", line 1865, in write_h5ad
    write_h5ad(
  File "/users/mtotty/.local/lib/python3.10/site-packages/anndata/_io/h5ad.py", line 76, in write_h5ad
    with h5py.File(filepath, mode) as f:
  File "/users/mtotty/.local/lib/python3.10/site-packages/h5py/_hl/files.py", line 564, in __init__
    fid = make_fid(name, mode, userblock_size, fapl, fcpl, swmr=swmr)
  File "/users/mtotty/.local/lib/python3.10/site-packages/h5py/_hl/files.py", line 250, in make_fid
    fid = h5f.open(name, h5f.ACC_RDWR, fapl=fapl)
  File "h5py/_objects.pyx", line 54, in h5py._objects.with_phil.wrapper
  File "h5py/_objects.pyx", line 55, in h5py._objects.with_phil.wrapper
  File "h5py/h5f.pyx", line 102, in h5py.h5f.open
OSError: Unable to synchronously open file (truncated file: eof = 96, sblock->base_addr = 0, stored_eof = 2048)
