Unloading conda_R/4.4
Loading conda_R/4.5

The following have been reloaded with a version change:
  1) conda_R/4.4 => conda_R/4.5


Currently Loaded Modules:
  1) JHPCE_ROCKY9_DEFAULT_ENV   3) git-status-size/github   5) conda_R/4.5
  2) JHPCE_tools/3.0            4) conda/3-24.3.0

 

here() starts at /dcs04/lieber/marmaypag/spatialAMY_LIBD4125/spatialAmygdala
Loading required package: SingleCellExperiment
Loading required package: SummarizedExperiment
Loading required package: MatrixGenerics
Loading required package: matrixStats

Attaching package: ‘MatrixGenerics’

The following objects are masked from ‘package:matrixStats’:

    colAlls, colAnyNAs, colAnys, colAvgsPerRowSet, colCollapse,
    colCounts, colCummaxs, colCummins, colCumprods, colCumsums,
    colDiffs, colIQRDiffs, colIQRs, colLogSumExps, colMadDiffs,
    colMads, colMaxs, colMeans2, colMedians, colMins, colOrderStats,
    colProds, colQuantiles, colRanges, colRanks, colSdDiffs, colSds,
    colSums2, colTabulates, colVarDiffs, colVars, colWeightedMads,
    colWeightedMeans, colWeightedMedians, colWeightedSds,
    colWeightedVars, rowAlls, rowAnyNAs, rowAnys, rowAvgsPerColSet,
    rowCollapse, rowCounts, rowCummaxs, rowCummins, rowCumprods,
    rowCumsums, rowDiffs, rowIQRDiffs, rowIQRs, rowLogSumExps,
    rowMadDiffs, rowMads, rowMaxs, rowMeans2, rowMedians, rowMins,
    rowOrderStats, rowProds, rowQuantiles, rowRanges, rowRanks,
    rowSdDiffs, rowSds, rowSums2, rowTabulates, rowVarDiffs, rowVars,
    rowWeightedMads, rowWeightedMeans, rowWeightedMedians,
    rowWeightedSds, rowWeightedVars

Loading required package: GenomicRanges
Loading required package: stats4
Loading required package: BiocGenerics
Loading required package: generics

Attaching package: ‘generics’

The following objects are masked from ‘package:base’:

    as.difftime, as.factor, as.ordered, intersect, is.element, setdiff,
    setequal, union


Attaching package: ‘BiocGenerics’

The following objects are masked from ‘package:stats’:

    IQR, mad, sd, var, xtabs

The following objects are masked from ‘package:base’:

    anyDuplicated, aperm, append, as.data.frame, basename, cbind,
    colnames, dirname, do.call, duplicated, eval, evalq, Filter, Find,
    get, grep, grepl, is.unsorted, lapply, Map, mapply, match, mget,
    order, paste, pmax, pmax.int, pmin, pmin.int, Position, rank,
    rbind, Reduce, rownames, sapply, saveRDS, table, tapply, unique,
    unsplit, which.max, which.min

Loading required package: S4Vectors

Attaching package: ‘S4Vectors’

The following object is masked from ‘package:utils’:

    findMatches

The following objects are masked from ‘package:base’:

    expand.grid, I, unname

Loading required package: IRanges
Loading required package: GenomeInfoDb
Loading required package: Biobase
Welcome to Bioconductor

    Vignettes contain introductory material; view with
    'browseVignettes()'. To cite Bioconductor, see
    'citation("Biobase")', and for packages 'citation("pkgname")'.


Attaching package: ‘Biobase’

The following object is masked from ‘package:MatrixGenerics’:

    rowMedians

The following objects are masked from ‘package:matrixStats’:

    anyMissing, rowMedians

Processing sample: Br9206
Processing sample: Br9017
Processing sample: Br9192
Processing sample: Br9280
Warning messages:
1: In S4Vectors:::anyMissing(runValue(x_seqnames)) :
  'S4Vectors:::anyMissing()' is deprecated.
Use 'anyNA()' instead.
See help("Deprecated")
2: In S4Vectors:::anyMissing(runValue(strand(x))) :
  'S4Vectors:::anyMissing()' is deprecated.
Use 'anyNA()' instead.
See help("Deprecated")
3: In S4Vectors:::anyMissing(runValue(x_seqnames)) :
  'S4Vectors:::anyMissing()' is deprecated.
Use 'anyNA()' instead.
See help("Deprecated")
4: In S4Vectors:::anyMissing(runValue(strand(x))) :
  'S4Vectors:::anyMissing()' is deprecated.
Use 'anyNA()' instead.
See help("Deprecated")
5: In S4Vectors:::anyMissing(runValue(x_seqnames)) :
  'S4Vectors:::anyMissing()' is deprecated.
Use 'anyNA()' instead.
See help("Deprecated")
6: In S4Vectors:::anyMissing(runValue(strand(x))) :
  'S4Vectors:::anyMissing()' is deprecated.
Use 'anyNA()' instead.
See help("Deprecated")
7: In S4Vectors:::anyMissing(runValue(x_seqnames)) :
  'S4Vectors:::anyMissing()' is deprecated.
Use 'anyNA()' instead.
See help("Deprecated")
8: In S4Vectors:::anyMissing(runValue(strand(x))) :
  'S4Vectors:::anyMissing()' is deprecated.
Use 'anyNA()' instead.
See help("Deprecated")
