Unloading conda_R/4.4
Loading conda_R/4.4

Currently Loaded Modules:
  1) JHPCE_ROCKY9_DEFAULT_ENV   3) git-status-size/github   5) conda_R/4.4
  2) JHPCE_tools/3.0            4) conda/3-24.3.0

 

here() starts at /dcs04/lieber/marmaypag/spatialAMY_LIBD4125/spatialAmygdala

Attaching package: ‘SpatialFeatureExperiment’

The following object is masked from ‘package:base’:

    scale

Warning messages:
1: replacing previous import ‘S4Arrays::read_block’ by ‘DelayedArray::read_block’ when loading ‘SummarizedExperiment’ 
2: replacing previous import ‘S4Arrays::read_block’ by ‘DelayedArray::read_block’ when loading ‘HDF5Array’ 
Begin: process_cell_type_info
process_cell_type_info: number of cells in reference: 14552
process_cell_type_info: number of genes in reference: 36601
End: process_cell_type_info
create.RCTD: getting regression differentially expressed genes: 
get_de_genes: SST_TAC1 found DE genes: 29
get_de_genes: SST_NXPH2 found DE genes: 59
get_de_genes: SST_TMEM132C found DE genes: 89
get_de_genes: RELN_IL1RAPL2 found DE genes: 86
get_de_genes: CCK_CNR1 found DE genes: 107
get_de_genes: CALCR_PENK found DE genes: 71
get_de_genes: VIP_NRXN1 found DE genes: 74
get_de_genes: VIP_SEMA5A found DE genes: 64
get_de_genes: LAMP5_EGFR found DE genes: 121
get_de_genes: LAMP5_NOS1 found DE genes: 113
get_de_genes: PVALB_UNC5B found DE genes: 121
get_de_genes: PVALB_MYO5B found DE genes: 78
get_de_genes: PVALB_ST18 found DE genes: 90
get_de_genes: PENK_DRD2 found DE genes: 65
get_de_genes: TSHZ1_CPNE4 found DE genes: 80
get_de_genes: TSHZ1_PRKG1 found DE genes: 79
get_de_genes: DLK1_ZFHX3 found DE genes: 25
get_de_genes: SLC17A6_SIM1 found DE genes: 43
get_de_genes: SATB2_RXFP1 found DE genes: 81
get_de_genes: aBA_ESR1 found DE genes: 57
get_de_genes: BA_MYRIP found DE genes: 88
get_de_genes: LA_RORB found DE genes: 93
get_de_genes: ADARB2 found DE genes: 64
get_de_genes: BA_MOXD1 found DE genes: 72
get_de_genes: LA_ZBTB20 found DE genes: 69
get_de_genes: Ependymal found DE genes: 292
get_de_genes: Astrocyte found DE genes: 177
get_de_genes: Endothelial found DE genes: 216
get_de_genes: Microglia found DE genes: 256
get_de_genes: Oligodendrocyte found DE genes: 272
get_de_genes: total DE genes: 1580
create.RCTD: getting platform effect normalization differentially expressed genes: 
get_de_genes: SST_TAC1 found DE genes: 119
get_de_genes: SST_NXPH2 found DE genes: 157
get_de_genes: SST_TMEM132C found DE genes: 207
get_de_genes: RELN_IL1RAPL2 found DE genes: 199
get_de_genes: CCK_CNR1 found DE genes: 193
get_de_genes: CALCR_PENK found DE genes: 175
get_de_genes: VIP_NRXN1 found DE genes: 200
get_de_genes: VIP_SEMA5A found DE genes: 170
get_de_genes: LAMP5_EGFR found DE genes: 237
get_de_genes: LAMP5_NOS1 found DE genes: 231
get_de_genes: PVALB_UNC5B found DE genes: 229
get_de_genes: PVALB_MYO5B found DE genes: 191
get_de_genes: PVALB_ST18 found DE genes: 187
get_de_genes: PENK_DRD2 found DE genes: 195
get_de_genes: TSHZ1_CPNE4 found DE genes: 196
get_de_genes: TSHZ1_PRKG1 found DE genes: 175
get_de_genes: DLK1_ZFHX3 found DE genes: 103
get_de_genes: SLC17A6_SIM1 found DE genes: 299
get_de_genes: SATB2_RXFP1 found DE genes: 208
get_de_genes: aBA_ESR1 found DE genes: 178
get_de_genes: BA_MYRIP found DE genes: 238
get_de_genes: LA_RORB found DE genes: 246
get_de_genes: ADARB2 found DE genes: 209
get_de_genes: BA_MOXD1 found DE genes: 223
get_de_genes: LA_ZBTB20 found DE genes: 203
get_de_genes: Ependymal found DE genes: 637
get_de_genes: Astrocyte found DE genes: 499
get_de_genes: Endothelial found DE genes: 877
get_de_genes: Microglia found DE genes: 920
get_de_genes: Oligodendrocyte found DE genes: 696
get_de_genes: total DE genes: 3209
fitBulk: decomposing bulk
chooseSigma: using initial Q_mat with sigma =  1
Loading required package: spacexr
loaded spacexr and set parent environment
Loading required package: spacexr
loaded spacexr and set parent environment
Loading required package: spacexr
loaded spacexr and set parent environment
Loading required package: spacexr
loaded spacexr and set parent environment
Loading required package: spacexr
loaded spacexr and set parent environment
Loading required package: spacexr
loaded spacexr and set parent environment
Loading required package: spacexr
loaded spacexr and set parent environment
Loading required package: spacexr
loaded spacexr and set parent environment
Loading required package: spacexr
loaded spacexr and set parent environment
Loading required package: spacexr
loaded spacexr and set parent environment
Loading required package: spacexr
loaded spacexr and set parent environment
Loading required package: spacexr
loaded spacexr and set parent environment
Loading required package: spacexr
loaded spacexr and set parent environment
Loading required package: spacexr
loaded spacexr and set parent environment
Loading required package: spacexr
loaded spacexr and set parent environment
Loading required package: spacexr
loaded spacexr and set parent environment
Loading required package: spacexr
loaded spacexr and set parent environment
Loading required package: spacexr
loaded spacexr and set parent environment
Loading required package: spacexr
loaded spacexr and set parent environment
Loading required package: spacexr
loaded spacexr and set parent environment
Loading required package: spacexr
loaded spacexr and set parent environment
Loading required package: spacexr
loaded spacexr and set parent environment
Loading required package: spacexr
loaded spacexr and set parent environment
Loading required package: spacexr
loaded spacexr and set parent environment
Loading required package: spacexr
loaded spacexr and set parent environment
Loading required package: spacexr
loaded spacexr and set parent environment
Loading required package: spacexr
loaded spacexr and set parent environment
Loading required package: spacexr
loaded spacexr and set parent environment
Loading required package: spacexr
loaded spacexr and set parent environment
Loading required package: spacexr
loaded spacexr and set parent environment
Likelihood value: 738807.447506215
Sigma value:  0.84
Loading required package: spacexr
loaded spacexr and set parent environment
Loading required package: spacexr
loaded spacexr and set parent environment
Loading required package: spacexr
loaded spacexr and set parent environment
Loading required package: spacexr
loaded spacexr and set parent environment
Loading required package: spacexr
loaded spacexr and set parent environment
Loading required package: spacexr
loaded spacexr and set parent environment
Loading required package: spacexr
loaded spacexr and set parent environment
Loading required package: spacexr
loaded spacexr and set parent environment
Loading required package: spacexr
loaded spacexr and set parent environment
Loading required package: spacexr
loaded spacexr and set parent environment
Loading required package: spacexr
loaded spacexr and set parent environment
Loading required package: spacexr
loaded spacexr and set parent environment
Loading required package: spacexr
loaded spacexr and set parent environment
Loading required package: spacexr
loaded spacexr and set parent environment
Loading required package: spacexr
loaded spacexr and set parent environment
Loading required package: spacexr
Loading required package: spacexr
loaded spacexr and set parent environment
loaded spacexr and set parent environment
Loading required package: spacexr
loaded spacexr and set parent environment
Loading required package: spacexr
loaded spacexr and set parent environment
Loading required package: spacexr
loaded spacexr and set parent environment
Loading required package: spacexr
loaded spacexr and set parent environment
Loading required package: spacexr
loaded spacexr and set parent environment
Loading required package: spacexr
loaded spacexr and set parent environment
Loading required package: spacexr
loaded spacexr and set parent environment
Loading required package: spacexr
loaded spacexr and set parent environment
Loading required package: spacexr
loaded spacexr and set parent environment
Loading required package: spacexr
loaded spacexr and set parent environment
Loading required package: spacexr
loaded spacexr and set parent environment
Loading required package: spacexr
loaded spacexr and set parent environment
Loading required package: spacexr
loaded spacexr and set parent environment
Likelihood value: 728425.045810179
Sigma value:  0.69
Loading required package: spacexr
loaded spacexr and set parent environment
Loading required package: spacexr
loaded spacexr and set parent environment
Loading required package: spacexr
loaded spacexr and set parent environment
Loading required package: spacexr
loaded spacexr and set parent environment
Loading required package: spacexr
loaded spacexr and set parent environment
Loading required package: spacexr
loaded spacexr and set parent environment
Loading required package: spacexr
loaded spacexr and set parent environment
Loading required package: spacexr
loaded spacexr and set parent environment
Loading required package: spacexr
loaded spacexr and set parent environment
Loading required package: spacexr
loaded spacexr and set parent environment
Loading required package: spacexr
loaded spacexr and set parent environment
Loading required package: spacexr
loaded spacexr and set parent environment
Loading required package: spacexr
loaded spacexr and set parent environment
Loading required package: spacexr
loaded spacexr and set parent environment
Loading required package: spacexr
loaded spacexr and set parent environment
Loading required package: spacexr
loaded spacexr and set parent environment
Loading required package: spacexr
loaded spacexr and set parent environment
Loading required package: spacexr
loaded spacexr and set parent environment
Loading required package: spacexr
loaded spacexr and set parent environment
Loading required package: spacexr
loaded spacexr and set parent environment
Loading required package: spacexr
loaded spacexr and set parent environment
Loading required package: spacexr
loaded spacexr and set parent environment
Loading required package: spacexr
loaded spacexr and set parent environment
Loading required package: spacexr
loaded spacexr and set parent environment
Loading required package: spacexr
loaded spacexr and set parent environment
Loading required package: spacexr
loaded spacexr and set parent environment
Loading required package: spacexr
loaded spacexr and set parent environment
Loading required package: spacexr
loaded spacexr and set parent environment
Loading required package: spacexr
loaded spacexr and set parent environment
Loading required package: spacexr
loaded spacexr and set parent environment
Likelihood value: 720504.742525314
Sigma value:  0.61
Loading required package: spacexr
loaded spacexr and set parent environment
Loading required package: spacexr
loaded spacexr and set parent environment
Loading required package: spacexr
loaded spacexr and set parent environment
Loading required package: spacexr
loaded spacexr and set parent environment
Loading required package: spacexr
loaded spacexr and set parent environment
Loading required package: spacexr
loaded spacexr and set parent environment
Loading required package: spacexr
loaded spacexr and set parent environment
Loading required package: spacexr
loaded spacexr and set parent environment
Loading required package: spacexr
loaded spacexr and set parent environment
Loading required package: spacexr
loaded spacexr and set parent environment
Loading required package: spacexr
loaded spacexr and set parent environment
Loading required package: spacexr
loaded spacexr and set parent environment
Loading required package: spacexr
loaded spacexr and set parent environment
Loading required package: spacexr
loaded spacexr and set parent environment
Loading required package: spacexr
loaded spacexr and set parent environment
Loading required package: spacexr
loaded spacexr and set parent environment
Loading required package: spacexr
loaded spacexr and set parent environment
Loading required package: spacexr
loaded spacexr and set parent environment
Loading required package: spacexr
loaded spacexr and set parent environment
Loading required package: spacexr
loaded spacexr and set parent environment
Loading required package: spacexr
loaded spacexr and set parent environment
Loading required package: spacexr
loaded spacexr and set parent environment
Loading required package: spacexr
loaded spacexr and set parent environment
Loading required package: spacexr
loaded spacexr and set parent environment
Loading required package: spacexr
loaded spacexr and set parent environment
Loading required package: spacexr
loaded spacexr and set parent environment
Loading required package: spacexr
loaded spacexr and set parent environment
Loading required package: spacexr
loaded spacexr and set parent environment
Loading required package: spacexr
loaded spacexr and set parent environment
Loading required package: spacexr
loaded spacexr and set parent environment
Likelihood value: 717185.280621339
Sigma value:  0.53
Loading required package: spacexr
loaded spacexr and set parent environment
Loading required package: spacexr
loaded spacexr and set parent environment
Loading required package: spacexr
loaded spacexr and set parent environment
Loading required package: spacexr
loaded spacexr and set parent environment
Loading required package: spacexr
loaded spacexr and set parent environment
Loading required package: spacexr
loaded spacexr and set parent environment
Loading required package: spacexr
loaded spacexr and set parent environment
Loading required package: spacexr
Loading required package: spacexr
loaded spacexr and set parent environment
loaded spacexr and set parent environment
Loading required package: spacexr
loaded spacexr and set parent environment
Loading required package: spacexr
loaded spacexr and set parent environment
Loading required package: spacexr
loaded spacexr and set parent environment
Loading required package: spacexr
loaded spacexr and set parent environment
Loading required package: spacexr
loaded spacexr and set parent environment
Loading required package: spacexr
loaded spacexr and set parent environment
Loading required package: spacexr
loaded spacexr and set parent environment
Loading required package: spacexr
loaded spacexr and set parent environment
Loading required package: spacexr
loaded spacexr and set parent environment
Loading required package: spacexr
loaded spacexr and set parent environment
Loading required package: spacexr
loaded spacexr and set parent environment
Loading required package: spacexr
loaded spacexr and set parent environment
Loading required package: spacexr
loaded spacexr and set parent environment
Loading required package: spacexr
loaded spacexr and set parent environment
Loading required package: spacexr
loaded spacexr and set parent environment
Loading required package: spacexr
loaded spacexr and set parent environment
Loading required package: spacexr
loaded spacexr and set parent environment
Loading required package: spacexr
loaded spacexr and set parent environment
Loading required package: spacexr
loaded spacexr and set parent environment
Loading required package: spacexr
loaded spacexr and set parent environment
Loading required package: spacexr
loaded spacexr and set parent environment
Likelihood value: 714617.359019779
Sigma value:  0.45
Loading required package: spacexr
loaded spacexr and set parent environment
Loading required package: spacexr
loaded spacexr and set parent environment
Loading required package: spacexr
loaded spacexr and set parent environment
Loading required package: spacexr
loaded spacexr and set parent environment
Loading required package: spacexr
loaded spacexr and set parent environment
Loading required package: spacexr
loaded spacexr and set parent environment
Loading required package: spacexr
loaded spacexr and set parent environment
Loading required package: spacexr
loaded spacexr and set parent environment
Loading required package: spacexr
Loading required package: spacexr
Loading required package: spacexr
Loading required package: spacexr
loaded spacexr and set parent environment
loaded spacexr and set parent environment
loaded spacexr and set parent environment
loaded spacexr and set parent environment
Loading required package: spacexr
loaded spacexr and set parent environment
Loading required package: spacexr
loaded spacexr and set parent environment
Loading required package: spacexr
loaded spacexr and set parent environment
Loading required package: spacexr
loaded spacexr and set parent environment
Loading required package: spacexr
loaded spacexr and set parent environment
Loading required package: spacexr
loaded spacexr and set parent environment
Loading required package: spacexr
loaded spacexr and set parent environment
Loading required package: spacexr
loaded spacexr and set parent environment
Loading required package: spacexr
loaded spacexr and set parent environment
Loading required package: spacexr
loaded spacexr and set parent environment
Loading required package: spacexr
loaded spacexr and set parent environment
Loading required package: spacexr
loaded spacexr and set parent environment
Loading required package: spacexr
loaded spacexr and set parent environment
Loading required package: spacexr
loaded spacexr and set parent environment
Loading required package: spacexr
loaded spacexr and set parent environment
Loading required package: spacexr
loaded spacexr and set parent environment
Loading required package: spacexr
loaded spacexr and set parent environment
Loading required package: spacexr
loaded spacexr and set parent environment
Likelihood value: 712908.970398492
Sigma value:  0.38
Loading required package: spacexr
loaded spacexr and set parent environment
Loading required package: spacexr
loaded spacexr and set parent environment
Loading required package: spacexr
loaded spacexr and set parent environment
Loading required package: spacexr
loaded spacexr and set parent environment
Loading required package: spacexr
loaded spacexr and set parent environment
Loading required package: spacexr
loaded spacexr and set parent environment
Loading required package: spacexr
loaded spacexr and set parent environment
Loading required package: spacexr
loaded spacexr and set parent environment
Loading required package: spacexr
loaded spacexr and set parent environment
Loading required package: spacexr
loaded spacexr and set parent environment
Loading required package: spacexr
loaded spacexr and set parent environment
Loading required package: spacexr
loaded spacexr and set parent environment
Loading required package: spacexr
loaded spacexr and set parent environment
Loading required package: spacexr
loaded spacexr and set parent environment
Loading required package: spacexr
loaded spacexr and set parent environment
Loading required package: spacexr
loaded spacexr and set parent environment
Loading required package: spacexr
loaded spacexr and set parent environment
Loading required package: spacexr
loaded spacexr and set parent environment
Loading required package: spacexr
loaded spacexr and set parent environment
Loading required package: spacexr
Loading required package: spacexr
Loading required package: spacexr
Loading required package: spacexr
Loading required package: spacexr
loaded spacexr and set parent environment
loaded spacexr and set parent environment
loaded spacexr and set parent environment
loaded spacexr and set parent environment
loaded spacexr and set parent environment
Loading required package: spacexr
loaded spacexr and set parent environment
Loading required package: spacexr
loaded spacexr and set parent environment
Loading required package: spacexr
loaded spacexr and set parent environment
Loading required package: spacexr
loaded spacexr and set parent environment
Loading required package: spacexr
loaded spacexr and set parent environment
Loading required package: spacexr
loaded spacexr and set parent environment
Likelihood value: 712209.831904151
Sigma value:  0.36
Loading required package: spacexr
loaded spacexr and set parent environment
Loading required package: spacexr
loaded spacexr and set parent environment
Loading required package: spacexr
loaded spacexr and set parent environment
Loading required package: spacexr
loaded spacexr and set parent environment
Loading required package: spacexr
loaded spacexr and set parent environment
Loading required package: spacexr
loaded spacexr and set parent environment
Loading required package: spacexr
loaded spacexr and set parent environment
Loading required package: spacexr
loaded spacexr and set parent environment
Loading required package: spacexr
Loading required package: spacexr
Loading required package: spacexr
loaded spacexr and set parent environment
loaded spacexr and set parent environment
loaded spacexr and set parent environment
Loading required package: spacexr
loaded spacexr and set parent environment
Loading required package: spacexr
loaded spacexr and set parent environment
Loading required package: spacexr
loaded spacexr and set parent environment
Loading required package: spacexr
loaded spacexr and set parent environment
Loading required package: spacexr
loaded spacexr and set parent environment
Loading required package: spacexr
loaded spacexr and set parent environment
Loading required package: spacexr
loaded spacexr and set parent environment
Loading required package: spacexr
Loading required package: spacexr
Loading required package: spacexr
loaded spacexr and set parent environment
loaded spacexr and set parent environment
loaded spacexr and set parent environment
Loading required package: spacexr
loaded spacexr and set parent environment
Loading required package: spacexr
loaded spacexr and set parent environment
Loading required package: spacexr
loaded spacexr and set parent environment
Loading required package: spacexr
loaded spacexr and set parent environment
Loading required package: spacexr
loaded spacexr and set parent environment
Loading required package: spacexr
loaded spacexr and set parent environment
Loading required package: spacexr
loaded spacexr and set parent environment
Loading required package: spacexr
loaded spacexr and set parent environment
Loading required package: spacexr
loaded spacexr and set parent environment
Likelihood value: 712157.596212648
Sigma value:  0.35
Loading required package: spacexr
loaded spacexr and set parent environment
Loading required package: spacexr
loaded spacexr and set parent environment
Loading required package: spacexr
loaded spacexr and set parent environment
Loading required package: spacexr
loaded spacexr and set parent environment
Loading required package: spacexr
loaded spacexr and set parent environment
Loading required package: spacexr
loaded spacexr and set parent environment
Loading required package: spacexr
loaded spacexr and set parent environment
Loading required package: spacexr
loaded spacexr and set parent environment
Loading required package: spacexr
Loading required package: spacexr
loaded spacexr and set parent environment
loaded spacexr and set parent environment
Loading required package: spacexr
loaded spacexr and set parent environment
Loading required package: spacexr
loaded spacexr and set parent environment
Loading required package: spacexr
loaded spacexr and set parent environment
Loading required package: spacexr
loaded spacexr and set parent environment
Loading required package: spacexr
loaded spacexr and set parent environment
Loading required package: spacexr
loaded spacexr and set parent environment
Loading required package: spacexr
loaded spacexr and set parent environment
Loading required package: spacexr
loaded spacexr and set parent environment
Loading required package: spacexr
loaded spacexr and set parent environment
Loading required package: spacexr
loaded spacexr and set parent environment
Loading required package: spacexr
loaded spacexr and set parent environment
Loading required package: spacexr
loaded spacexr and set parent environment
Loading required package: spacexr
loaded spacexr and set parent environment
Loading required package: spacexr
loaded spacexr and set parent environment
Loading required package: spacexr
loaded spacexr and set parent environment
Loading required package: spacexr
loaded spacexr and set parent environment
Loading required package: spacexr
loaded spacexr and set parent environment
Loading required package: spacexr
loaded spacexr and set parent environment
Loading required package: spacexr
loaded spacexr and set parent environment
Loading required package: spacexr
loaded spacexr and set parent environment
Warning message:
In asMethod(object) :
  sparse->dense coercion: allocating vector of size 2.6 GiB
