Unloading conda_R/4.4
Loading conda_R/4.4

Currently Loaded Modules:
  1) JHPCE_ROCKY9_DEFAULT_ENV   3) git-status-size/github   5) conda_R/4.4
  2) JHPCE_tools/3.0            4) conda/3-24.3.0

 

here() starts at /dcs04/lieber/marmaypag/spatialAMY_LIBD4125/spatialAmygdala

Attaching package: ‘SpatialFeatureExperiment’

The following object is masked from ‘package:base’:

    scale

Warning messages:
1: replacing previous import ‘S4Arrays::read_block’ by ‘DelayedArray::read_block’ when loading ‘SummarizedExperiment’ 
2: replacing previous import ‘S4Arrays::read_block’ by ‘DelayedArray::read_block’ when loading ‘HDF5Array’ 
Warning message:
In Reference(ref_counts, cell_types, nUMI_ref) :
  Reference: number of cells per cell type is 23280, larger than maximum allowable of 10000. Downsampling number of cells to: 10000
Begin: process_cell_type_info
process_cell_type_info: number of cells in reference: 61744
process_cell_type_info: number of genes in reference: 21369
End: process_cell_type_info
create.RCTD: getting regression differentially expressed genes: 
get_de_genes: SLC17A6_CARTPT found DE genes: 95
get_de_genes: SST_NOS1 found DE genes: 98
get_de_genes: SST_TAC1 found DE genes: 28
get_de_genes: SST_NXPH2 found DE genes: 72
get_de_genes: SST_TMEM132C found DE genes: 80
get_de_genes: RELN_IL1RAPL2 found DE genes: 76
get_de_genes: CCK_CNR1 found DE genes: 97
get_de_genes: CALCR_PENK found DE genes: 76
get_de_genes: VIP_NRXN1 found DE genes: 89
get_de_genes: VIP_SEMA5A found DE genes: 75
get_de_genes: LAMP5_EGFR found DE genes: 116
get_de_genes: LAMP5_NOS1 found DE genes: 97
get_de_genes: PVALB_UNC5B found DE genes: 111
get_de_genes: PVALB_MYO5B found DE genes: 59
get_de_genes: PVALB_ST18 found DE genes: 97
get_de_genes: PENK_DRD2 found DE genes: 106
get_de_genes: TAC1_PPP1R1B found DE genes: 122
get_de_genes: TSHZ1_CPNE4 found DE genes: 60
get_de_genes: TSHZ1_PRKG1 found DE genes: 61
get_de_genes: DLK1_ZFHX3 found DE genes: 33
get_de_genes: SLC17A6_SIM1 found DE genes: 25
get_de_genes: SATB2_SLC17A8 found DE genes: 103
get_de_genes: SATB2_SULF1 found DE genes: 86
get_de_genes: aBA_GRIK3 found DE genes: 57
get_de_genes: SATB2_RXFP1 found DE genes: 50
get_de_genes: aBA_ESR1 found DE genes: 43
get_de_genes: BA_MYRIP found DE genes: 68
get_de_genes: LA_RORB found DE genes: 78
get_de_genes: ADARB2 found DE genes: 22
get_de_genes: BA_MOXD1 found DE genes: 61
get_de_genes: LA_ZBTB20 found DE genes: 60
get_de_genes: Ependymal found DE genes: 394
get_de_genes: Astrocyte found DE genes: 260
get_de_genes: Endothelial found DE genes: 348
get_de_genes: Microglia found DE genes: 498
get_de_genes: Oligodendrocyte found DE genes: 435
get_de_genes: total DE genes: 2086
create.RCTD: getting platform effect normalization differentially expressed genes: 
get_de_genes: SLC17A6_CARTPT found DE genes: 217
get_de_genes: SST_NOS1 found DE genes: 218
get_de_genes: SST_TAC1 found DE genes: 99
get_de_genes: SST_NXPH2 found DE genes: 169
get_de_genes: SST_TMEM132C found DE genes: 178
get_de_genes: RELN_IL1RAPL2 found DE genes: 164
get_de_genes: CCK_CNR1 found DE genes: 195
get_de_genes: CALCR_PENK found DE genes: 166
get_de_genes: VIP_NRXN1 found DE genes: 208
get_de_genes: VIP_SEMA5A found DE genes: 183
get_de_genes: LAMP5_EGFR found DE genes: 233
get_de_genes: LAMP5_NOS1 found DE genes: 223
get_de_genes: PVALB_UNC5B found DE genes: 231
get_de_genes: PVALB_MYO5B found DE genes: 157
get_de_genes: PVALB_ST18 found DE genes: 222
get_de_genes: PENK_DRD2 found DE genes: 269
get_de_genes: TAC1_PPP1R1B found DE genes: 273
get_de_genes: TSHZ1_CPNE4 found DE genes: 168
get_de_genes: TSHZ1_PRKG1 found DE genes: 174
get_de_genes: DLK1_ZFHX3 found DE genes: 143
get_de_genes: SLC17A6_SIM1 found DE genes: 91
get_de_genes: SATB2_SLC17A8 found DE genes: 256
get_de_genes: SATB2_SULF1 found DE genes: 209
get_de_genes: aBA_GRIK3 found DE genes: 203
get_de_genes: SATB2_RXFP1 found DE genes: 196
get_de_genes: aBA_ESR1 found DE genes: 158
get_de_genes: BA_MYRIP found DE genes: 186
get_de_genes: LA_RORB found DE genes: 218
get_de_genes: ADARB2 found DE genes: 121
get_de_genes: BA_MOXD1 found DE genes: 187
get_de_genes: LA_ZBTB20 found DE genes: 193
get_de_genes: Ependymal found DE genes: 727
get_de_genes: Astrocyte found DE genes: 500
get_de_genes: Endothelial found DE genes: 784
get_de_genes: Microglia found DE genes: 925
get_de_genes: Oligodendrocyte found DE genes: 742
get_de_genes: total DE genes: 3492
Warning messages:
1: In asMethod(object) :
  sparse->dense coercion: allocating vector of size 1.6 GiB
2: In asMethod(object) :
  sparse->dense coercion: allocating vector of size 1.3 GiB
3: In asMethod(object) :
  sparse->dense coercion: allocating vector of size 1.6 GiB
fitBulk: decomposing bulk
chooseSigma: using initial Q_mat with sigma =  1
Loading required package: spacexr
loaded spacexr and set parent environment
Loading required package: spacexr
loaded spacexr and set parent environment
Loading required package: spacexr
loaded spacexr and set parent environment
Loading required package: spacexr
loaded spacexr and set parent environment
Loading required package: spacexr
loaded spacexr and set parent environment
Loading required package: spacexr
loaded spacexr and set parent environment
Loading required package: spacexr
loaded spacexr and set parent environment
Loading required package: spacexr
loaded spacexr and set parent environment
Loading required package: spacexr
loaded spacexr and set parent environment
Loading required package: spacexr
loaded spacexr and set parent environment
Loading required package: spacexr
loaded spacexr and set parent environment
Loading required package: spacexr
loaded spacexr and set parent environment
Loading required package: spacexr
loaded spacexr and set parent environment
Loading required package: spacexr
loaded spacexr and set parent environment
Loading required package: spacexr
loaded spacexr and set parent environment
Loading required package: spacexr
loaded spacexr and set parent environment
Loading required package: spacexr
loaded spacexr and set parent environment
Loading required package: spacexr
loaded spacexr and set parent environment
Loading required package: spacexr
loaded spacexr and set parent environment
Loading required package: spacexr
loaded spacexr and set parent environment
Loading required package: spacexr
loaded spacexr and set parent environment
Loading required package: spacexr
loaded spacexr and set parent environment
Loading required package: spacexr
loaded spacexr and set parent environment
Loading required package: spacexr
loaded spacexr and set parent environment
Loading required package: spacexr
loaded spacexr and set parent environment
Loading required package: spacexr
loaded spacexr and set parent environment
Loading required package: spacexr
loaded spacexr and set parent environment
Loading required package: spacexr
Loading required package: spacexr
Loading required package: spacexr
loaded spacexr and set parent environment
loaded spacexr and set parent environment
loaded spacexr and set parent environment
Likelihood value: 844080.391042158
Sigma value:  0.84
Loading required package: spacexr
loaded spacexr and set parent environment
Loading required package: spacexr
loaded spacexr and set parent environment
Loading required package: spacexr
loaded spacexr and set parent environment
Loading required package: spacexr
loaded spacexr and set parent environment
Loading required package: spacexr
loaded spacexr and set parent environment
Loading required package: spacexr
loaded spacexr and set parent environment
Loading required package: spacexr
loaded spacexr and set parent environment
Loading required package: spacexr
loaded spacexr and set parent environment
Loading required package: spacexr
loaded spacexr and set parent environment
Loading required package: spacexr
loaded spacexr and set parent environment
Loading required package: spacexr
loaded spacexr and set parent environment
Loading required package: spacexr
loaded spacexr and set parent environment
Loading required package: spacexr
loaded spacexr and set parent environment
Loading required package: spacexr
loaded spacexr and set parent environment
Loading required package: spacexr
loaded spacexr and set parent environment
Loading required package: spacexr
Loading required package: spacexr
Loading required package: spacexr
loaded spacexr and set parent environment
loaded spacexr and set parent environment
loaded spacexr and set parent environment
Loading required package: spacexr
loaded spacexr and set parent environment
Loading required package: spacexr
loaded spacexr and set parent environment
Loading required package: spacexr
loaded spacexr and set parent environment
Loading required package: spacexr
loaded spacexr and set parent environment
Loading required package: spacexr
loaded spacexr and set parent environment
Loading required package: spacexr
loaded spacexr and set parent environment
Loading required package: spacexr
Loading required package: spacexr
loaded spacexr and set parent environment
loaded spacexr and set parent environment
Loading required package: spacexr
loaded spacexr and set parent environment
Loading required package: spacexr
loaded spacexr and set parent environment
Loading required package: spacexr
loaded spacexr and set parent environment
Loading required package: spacexr
loaded spacexr and set parent environment
Likelihood value: 835060.928255028
Sigma value:  0.69
Loading required package: spacexr
loaded spacexr and set parent environment
Loading required package: spacexr
loaded spacexr and set parent environment
Loading required package: spacexr
loaded spacexr and set parent environment
Loading required package: spacexr
loaded spacexr and set parent environment
Loading required package: spacexr
loaded spacexr and set parent environment
Loading required package: spacexr
loaded spacexr and set parent environment
Loading required package: spacexr
loaded spacexr and set parent environment
Loading required package: spacexr
loaded spacexr and set parent environment
Loading required package: spacexr
loaded spacexr and set parent environment
Loading required package: spacexr
loaded spacexr and set parent environment
Loading required package: spacexr
Loading required package: spacexr
Loading required package: spacexr
Loading required package: spacexr
loaded spacexr and set parent environment
loaded spacexr and set parent environment
loaded spacexr and set parent environment
loaded spacexr and set parent environment
Loading required package: spacexr
loaded spacexr and set parent environment
Loading required package: spacexr
loaded spacexr and set parent environment
Loading required package: spacexr
loaded spacexr and set parent environment
Loading required package: spacexr
loaded spacexr and set parent environment
Loading required package: spacexr
loaded spacexr and set parent environment
Loading required package: spacexr
loaded spacexr and set parent environment
Loading required package: spacexr
loaded spacexr and set parent environment
Loading required package: spacexr
loaded spacexr and set parent environment
Loading required package: spacexr
loaded spacexr and set parent environment
Loading required package: spacexr
loaded spacexr and set parent environment
Loading required package: spacexr
loaded spacexr and set parent environment
Loading required package: spacexr
loaded spacexr and set parent environment
Loading required package: spacexr
Loading required package: spacexr
Loading required package: spacexr
Loading required package: spacexr
loaded spacexr and set parent environment
loaded spacexr and set parent environment
loaded spacexr and set parent environment
loaded spacexr and set parent environment
Likelihood value: 828676.846705391
Sigma value:  0.61
Loading required package: spacexr
loaded spacexr and set parent environment
Loading required package: spacexr
loaded spacexr and set parent environment
Loading required package: spacexr
loaded spacexr and set parent environment
Loading required package: spacexr
loaded spacexr and set parent environment
Loading required package: spacexr
loaded spacexr and set parent environment
Loading required package: spacexr
loaded spacexr and set parent environment
Loading required package: spacexr
loaded spacexr and set parent environment
Loading required package: spacexr
loaded spacexr and set parent environment
Loading required package: spacexr
loaded spacexr and set parent environment
Loading required package: spacexr
loaded spacexr and set parent environment
Loading required package: spacexr
loaded spacexr and set parent environment
Loading required package: spacexr
loaded spacexr and set parent environment
Loading required package: spacexr
loaded spacexr and set parent environment
Loading required package: spacexr
loaded spacexr and set parent environment
Loading required package: spacexr
Loading required package: spacexr
Loading required package: spacexr
Loading required package: spacexr
Loading required package: spacexr
loaded spacexr and set parent environment
loaded spacexr and set parent environment
loaded spacexr and set parent environment
loaded spacexr and set parent environment
loaded spacexr and set parent environment
Loading required package: spacexr
loaded spacexr and set parent environment
Loading required package: spacexr
loaded spacexr and set parent environment
Loading required package: spacexr
loaded spacexr and set parent environment
Loading required package: spacexr
loaded spacexr and set parent environment
Loading required package: spacexr
loaded spacexr and set parent environment
Loading required package: spacexr
loaded spacexr and set parent environment
Loading required package: spacexr
loaded spacexr and set parent environment
Loading required package: spacexr
loaded spacexr and set parent environment
Loading required package: spacexr
loaded spacexr and set parent environment
Loading required package: spacexr
loaded spacexr and set parent environment
Loading required package: spacexr
loaded spacexr and set parent environment
Likelihood value: 826214.159357426
Sigma value:  0.53
Loading required package: spacexr
loaded spacexr and set parent environment
Loading required package: spacexr
loaded spacexr and set parent environment
Loading required package: spacexr
loaded spacexr and set parent environment
Loading required package: spacexr
loaded spacexr and set parent environment
Loading required package: spacexr
loaded spacexr and set parent environment
Loading required package: spacexr
Loading required package: spacexr
Loading required package: spacexr
Loading required package: spacexr
Loading required package: spacexr
Loading required package: spacexr
loaded spacexr and set parent environment
loaded spacexr and set parent environment
loaded spacexr and set parent environment
loaded spacexr and set parent environment
loaded spacexr and set parent environment
loaded spacexr and set parent environment
Loading required package: spacexr
loaded spacexr and set parent environment
Loading required package: spacexr
loaded spacexr and set parent environment
Loading required package: spacexr
loaded spacexr and set parent environment
Loading required package: spacexr
loaded spacexr and set parent environment
Loading required package: spacexr
loaded spacexr and set parent environment
Loading required package: spacexr
loaded spacexr and set parent environment
Loading required package: spacexr
loaded spacexr and set parent environment
Loading required package: spacexr
loaded spacexr and set parent environment
Loading required package: spacexr
loaded spacexr and set parent environment
Loading required package: spacexr
loaded spacexr and set parent environment
Loading required package: spacexr
loaded spacexr and set parent environment
Loading required package: spacexr
loaded spacexr and set parent environment
Loading required package: spacexr
loaded spacexr and set parent environment
Loading required package: spacexr
loaded spacexr and set parent environment
Loading required package: spacexr
loaded spacexr and set parent environment
Loading required package: spacexr
loaded spacexr and set parent environment
Loading required package: spacexr
loaded spacexr and set parent environment
Loading required package: spacexr
loaded spacexr and set parent environment
Loading required package: spacexr
loaded spacexr and set parent environment
Likelihood value: 824461.217022314
Sigma value:  0.45
Loading required package: spacexr
loaded spacexr and set parent environment
Loading required package: spacexr
loaded spacexr and set parent environment
Loading required package: spacexr
loaded spacexr and set parent environment
Loading required package: spacexr
loaded spacexr and set parent environment
Loading required package: spacexr
loaded spacexr and set parent environment
Loading required package: spacexr
loaded spacexr and set parent environment
Loading required package: spacexr
loaded spacexr and set parent environment
Loading required package: spacexr
loaded spacexr and set parent environment
Loading required package: spacexr
loaded spacexr and set parent environment
Loading required package: spacexr
loaded spacexr and set parent environment
Loading required package: spacexr
Loading required package: spacexr
Loading required package: spacexr
Loading required package: spacexr
Loading required package: spacexr
loaded spacexr and set parent environment
loaded spacexr and set parent environment
loaded spacexr and set parent environment
loaded spacexr and set parent environment
loaded spacexr and set parent environment
Loading required package: spacexr
loaded spacexr and set parent environment
Loading required package: spacexr
loaded spacexr and set parent environment
Loading required package: spacexr
loaded spacexr and set parent environment
Loading required package: spacexr
loaded spacexr and set parent environment
Loading required package: spacexr
loaded spacexr and set parent environment
Loading required package: spacexr
loaded spacexr and set parent environment
Loading required package: spacexr
loaded spacexr and set parent environment
Loading required package: spacexr
loaded spacexr and set parent environment
Loading required package: spacexr
loaded spacexr and set parent environment
Loading required package: spacexr
loaded spacexr and set parent environment
Loading required package: spacexr
loaded spacexr and set parent environment
Loading required package: spacexr
loaded spacexr and set parent environment
Loading required package: spacexr
loaded spacexr and set parent environment
Loading required package: spacexr
loaded spacexr and set parent environment
Loading required package: spacexr
loaded spacexr and set parent environment
Likelihood value: 823443.077151635
Sigma value:  0.41
Loading required package: spacexr
loaded spacexr and set parent environment
Loading required package: spacexr
loaded spacexr and set parent environment
Loading required package: spacexr
loaded spacexr and set parent environment
Loading required package: spacexr
loaded spacexr and set parent environment
Loading required package: spacexr
loaded spacexr and set parent environment
Loading required package: spacexr
loaded spacexr and set parent environment
Loading required package: spacexr
loaded spacexr and set parent environment
Loading required package: spacexr
loaded spacexr and set parent environment
Loading required package: spacexr
loaded spacexr and set parent environment
Loading required package: spacexr
loaded spacexr and set parent environment
Loading required package: spacexr
loaded spacexr and set parent environment
Loading required package: spacexr
loaded spacexr and set parent environment
Loading required package: spacexr
loaded spacexr and set parent environment
Loading required package: spacexr
Loading required package: spacexr
Loading required package: spacexr
Loading required package: spacexr
Loading required package: spacexr
Loading required package: spacexr
loaded spacexr and set parent environment
loaded spacexr and set parent environment
loaded spacexr and set parent environment
loaded spacexr and set parent environment
loaded spacexr and set parent environment
loaded spacexr and set parent environment
Loading required package: spacexr
loaded spacexr and set parent environment
Loading required package: spacexr
loaded spacexr and set parent environment
Loading required package: spacexr
loaded spacexr and set parent environment
Loading required package: spacexr
loaded spacexr and set parent environment
Loading required package: spacexr
loaded spacexr and set parent environment
Loading required package: spacexr
loaded spacexr and set parent environment
Loading required package: spacexr
loaded spacexr and set parent environment
Loading required package: spacexr
loaded spacexr and set parent environment
Loading required package: spacexr
loaded spacexr and set parent environment
Loading required package: spacexr
loaded spacexr and set parent environment
Loading required package: spacexr
loaded spacexr and set parent environment
Likelihood value: 823211.283256189
Sigma value:  0.39
Loading required package: spacexr
loaded spacexr and set parent environment
Loading required package: spacexr
loaded spacexr and set parent environment
Loading required package: spacexr
Loading required package: spacexr
Loading required package: spacexr
Loading required package: spacexr
loaded spacexr and set parent environment
loaded spacexr and set parent environment
loaded spacexr and set parent environment
loaded spacexr and set parent environment
Loading required package: spacexr
loaded spacexr and set parent environment
Loading required package: spacexr
loaded spacexr and set parent environment
Loading required package: spacexr
loaded spacexr and set parent environment
Loading required package: spacexr
loaded spacexr and set parent environment
Loading required package: spacexr
loaded spacexr and set parent environment
Loading required package: spacexr
loaded spacexr and set parent environment
Loading required package: spacexr
loaded spacexr and set parent environment
Loading required package: spacexr
loaded spacexr and set parent environment
Loading required package: spacexr
loaded spacexr and set parent environment
Loading required package: spacexr
loaded spacexr and set parent environment
Loading required package: spacexr
loaded spacexr and set parent environment
Loading required package: spacexr
loaded spacexr and set parent environment
Loading required package: spacexr
loaded spacexr and set parent environment
Loading required package: spacexr
loaded spacexr and set parent environment
Loading required package: spacexr
loaded spacexr and set parent environment
Loading required package: spacexr
loaded spacexr and set parent environment
Loading required package: spacexr
loaded spacexr and set parent environment
Loading required package: spacexr
loaded spacexr and set parent environment
Loading required package: spacexr
Loading required package: spacexr
Loading required package: spacexr
Loading required package: spacexr
Loading required package: spacexr
loaded spacexr and set parent environment
loaded spacexr and set parent environment
loaded spacexr and set parent environment
loaded spacexr and set parent environment
loaded spacexr and set parent environment
Loading required package: spacexr
loaded spacexr and set parent environment
Likelihood value: 823163.950696256
Sigma value:  0.38
Loading required package: spacexr
loaded spacexr and set parent environment
Loading required package: spacexr
loaded spacexr and set parent environment
Loading required package: spacexr
loaded spacexr and set parent environment
Loading required package: spacexr
loaded spacexr and set parent environment
Loading required package: spacexr
loaded spacexr and set parent environment
Loading required package: spacexr
loaded spacexr and set parent environment
Loading required package: spacexr
loaded spacexr and set parent environment
Loading required package: spacexr
loaded spacexr and set parent environment
Loading required package: spacexr
loaded spacexr and set parent environment
Loading required package: spacexr
loaded spacexr and set parent environment
Loading required package: spacexr
loaded spacexr and set parent environment
Loading required package: spacexr
loaded spacexr and set parent environment
Loading required package: spacexr
loaded spacexr and set parent environment
Loading required package: spacexr
loaded spacexr and set parent environment
Loading required package: spacexr
loaded spacexr and set parent environment
Loading required package: spacexr
loaded spacexr and set parent environment
Loading required package: spacexr
loaded spacexr and set parent environment
Loading required package: spacexr
loaded spacexr and set parent environment
Loading required package: spacexr
loaded spacexr and set parent environment
Loading required package: spacexr
loaded spacexr and set parent environment
Loading required package: spacexr
loaded spacexr and set parent environment
Loading required package: spacexr
loaded spacexr and set parent environment
Loading required package: spacexr
loaded spacexr and set parent environment
Loading required package: spacexr
loaded spacexr and set parent environment
Loading required package: spacexr
loaded spacexr and set parent environment
Loading required package: spacexr
loaded spacexr and set parent environment
Loading required package: spacexr
loaded spacexr and set parent environment
Loading required package: spacexr
loaded spacexr and set parent environment
Loading required package: spacexr
loaded spacexr and set parent environment
Loading required package: spacexr
loaded spacexr and set parent environment
Warning message:
In asMethod(object) :
  sparse->dense coercion: allocating vector of size 3.5 GiB
