Loading LIBD SLURM module for xeniumranger/2.0.0
Reference files, for use with the '--transcriptome' argument, can be accessed
or downloaded into /dcs04/lieber/lcolladotor/annotationFiles_LIBD001/10x. 

Currently Loaded Modules:
  1) JHPCE_ROCKY9_DEFAULT_ENV   2) JHPCE_tools/3.0   3) xeniumranger/2.0.0

 

find: ‘/dcs04/lieber/marmaypag/spatialAMY_LIBD4125/spatialAmygdala/code/Xenium/01_resegment/xenium_seg/20240425__170523__0023004/XENIUM_RANGER_CS/XR_RESEGMENT/SETUP_CELL_SEGMENTOR_FINALIZER’: No such file or directory
tar: Removing leading `/' from member names
tar: Removing leading `/' from hard link targets
tar: /dcs04/lieber/marmaypag/spatialAMY_LIBD4125/spatialAmygdala/code/Xenium/01_resegment/xenium_seg/20240425__170523__0023004/XENIUM_RANGER_CS/XR_RESEGMENT/_CELL_SEGMENTOR_FINALIZER/EXPAND_NUCLEI/fork0/chnk220-u4c39d356af/_log: Cannot open: No such file or directory
tar: /dcs04/lieber/marmaypag/spatialAMY_LIBD4125/spatialAmygdala/code/Xenium/01_resegment/xenium_seg/20240425__170523__0023004/XENIUM_RANGER_CS/XR_RESEGMENT/_CELL_SEGMENTOR_FINALIZER/EXPAND_NUCLEI/fork0/chnk220-u4c39d356af/_outs: Cannot open: No such file or directory
tar: /dcs04/lieber/marmaypag/spatialAMY_LIBD4125/spatialAmygdala/code/Xenium/01_resegment/xenium_seg/20240425__170523__0023004/XENIUM_RANGER_CS/XR_RESEGMENT/_CELL_SEGMENTOR_FINALIZER/EXPAND_NUCLEI/fork0/chnk220-u4c39d356af/_jobinfo: Cannot open: No such file or directory
tar: /dcs04/lieber/marmaypag/spatialAMY_LIBD4125/spatialAmygdala/code/Xenium/01_resegment/xenium_seg/20240425__170523__0023004/XENIUM_RANGER_CS/XR_RESEGMENT/_CELL_SEGMENTOR_FINALIZER/EXPAND_NUCLEI/fork0/chnk220-u4c39d356af/_stdout: Cannot open: No such file or directory
tar: /dcs04/lieber/marmaypag/spatialAMY_LIBD4125/spatialAmygdala/code/Xenium/01_resegment/xenium_seg/20240425__170523__0023004/XENIUM_RANGER_CS/XR_RESEGMENT/_CELL_SEGMENTOR_FINALIZER/EXPAND_NUCLEI/fork0/chnk220-u4c39d356af/_args: Cannot open: No such file or directory
tar: /dcs04/lieber/marmaypag/spatialAMY_LIBD4125/spatialAmygdala/code/Xenium/01_resegment/xenium_seg/20240425__170523__0023004/XENIUM_RANGER_CS/XR_RESEGMENT/_CELL_SEGMENTOR_FINALIZER/EXPAND_NUCLEI/fork0/chnk220-u4c39d356af/_stderr: Cannot open: No such file or directory
tar: /dcs04/lieber/marmaypag/spatialAMY_LIBD4125/spatialAmygdala/code/Xenium/01_resegment/xenium_seg/20240425__170523__0023004/XENIUM_RANGER_CS/XR_RESEGMENT/_CELL_SEGMENTOR_FINALIZER/EXPAND_NUCLEI/fork0/chnk220-u4c39d356af/_complete: Cannot open: No such file or directory
tar: /dcs04/lieber/marmaypag/spatialAMY_LIBD4125/spatialAmygdala/code/Xenium/01_resegment/xenium_seg/20240425__170523__0023004/XENIUM_RANGER_CS/XR_RESEGMENT/_CELL_SEGMENTOR_FINALIZER/EXPAND_NUCLEI/fork0/chnk222-u4c39d356af/_outs: Cannot open: No such file or directory
tar: /dcs04/lieber/marmaypag/spatialAMY_LIBD4125/spatialAmygdala/code/Xenium/01_resegment/xenium_seg/20240425__170523__0023004/XENIUM_RANGER_CS/XR_RESEGMENT/_CELL_SEGMENTOR_FINALIZER/EXPAND_NUCLEI/fork0/chnk222-u4c39d356af/_log: Cannot open: No such file or directory
tar: /dcs04/lieber/marmaypag/spatialAMY_LIBD4125/spatialAmygdala/code/Xenium/01_resegment/xenium_seg/20240425__170523__0023004/XENIUM_RANGER_CS/XR_RESEGMENT/_CELL_SEGMENTOR_FINALIZER/EXPAND_NUCLEI/fork0/chnk222-u4c39d356af/_stdout: Cannot open: No such file or directory
tar: /dcs04/lieber/marmaypag/spatialAMY_LIBD4125/spatialAmygdala/code/Xenium/01_resegment/xenium_seg/20240425__170523__0023004/XENIUM_RANGER_CS/XR_RESEGMENT/_CELL_SEGMENTOR_FINALIZER/EXPAND_NUCLEI/fork0/chnk222-u4c39d356af/_jobinfo: Cannot open: No such file or directory
tar: /dcs04/lieber/marmaypag/spatialAMY_LIBD4125/spatialAmygdala/code/Xenium/01_resegment/xenium_seg/20240425__170523__0023004/XENIUM_RANGER_CS/XR_RESEGMENT/_CELL_SEGMENTOR_FINALIZER/EXPAND_NUCLEI/fork0/chnk222-u4c39d356af/_complete: Cannot open: No such file or directory
tar: /dcs04/lieber/marmaypag/spatialAMY_LIBD4125/spatialAmygdala/code/Xenium/01_resegment/xenium_seg/20240425__170523__0023004/XENIUM_RANGER_CS/XR_RESEGMENT/_CELL_SEGMENTOR_FINALIZER/EXPAND_NUCLEI/fork0/chnk222-u4c39d356af/_args: Cannot open: No such file or directory
tar: /dcs04/lieber/marmaypag/spatialAMY_LIBD4125/spatialAmygdala/code/Xenium/01_resegment/xenium_seg/20240425__170523__0023004/XENIUM_RANGER_CS/XR_RESEGMENT/_CELL_SEGMENTOR_FINALIZER/EXPAND_NUCLEI/fork0/chnk222-u4c39d356af/_stderr: Cannot open: No such file or directory
tar: /dcs04/lieber/marmaypag/spatialAMY_LIBD4125/spatialAmygdala/code/Xenium/01_resegment/xenium_seg/20240425__170523__0023004/XENIUM_RANGER_CS/XR_RESEGMENT/_CELL_SEGMENTOR_FINALIZER/EXPAND_NUCLEI/fork0/chnk224-u4c39d356af/_stderr: Cannot open: No such file or directory
tar: /dcs04/lieber/marmaypag/spatialAMY_LIBD4125/spatialAmygdala/code/Xenium/01_resegment/xenium_seg/20240425__170523__0023004/XENIUM_RANGER_CS/XR_RESEGMENT/_CELL_SEGMENTOR_FINALIZER/EXPAND_NUCLEI/fork0/chnk224-u4c39d356af/_log: Cannot open: No such file or directory
tar: /dcs04/lieber/marmaypag/spatialAMY_LIBD4125/spatialAmygdala/code/Xenium/01_resegment/xenium_seg/20240425__170523__0023004/XENIUM_RANGER_CS/XR_RESEGMENT/_CELL_SEGMENTOR_FINALIZER/EXPAND_NUCLEI/fork0/chnk224-u4c39d356af/_args: Cannot open: No such file or directory
tar: /dcs04/lieber/marmaypag/spatialAMY_LIBD4125/spatialAmygdala/code/Xenium/01_resegment/xenium_seg/20240425__170523__0023004/XENIUM_RANGER_CS/XR_RESEGMENT/_CELL_SEGMENTOR_FINALIZER/EXPAND_NUCLEI/fork0/chnk224-u4c39d356af/_complete: Cannot open: No such file or directory
tar: /dcs04/lieber/marmaypag/spatialAMY_LIBD4125/spatialAmygdala/code/Xenium/01_resegment/xenium_seg/20240425__170523__0023004/XENIUM_RANGER_CS/XR_RESEGMENT/_CELL_SEGMENTOR_FINALIZER/EXPAND_NUCLEI/fork0/chnk224-u4c39d356af/_stdout: Cannot open: No such file or directory
tar: /dcs04/lieber/marmaypag/spatialAMY_LIBD4125/spatialAmygdala/code/Xenium/01_resegment/xenium_seg/20240425__170523__0023004/XENIUM_RANGER_CS/XR_RESEGMENT/_CELL_SEGMENTOR_FINALIZER/EXPAND_NUCLEI/fork0/chnk224-u4c39d356af/_outs: Cannot open: No such file or directory
tar: /dcs04/lieber/marmaypag/spatialAMY_LIBD4125/spatialAmygdala/code/Xenium/01_resegment/xenium_seg/20240425__170523__0023004/XENIUM_RANGER_CS/XR_RESEGMENT/_CELL_SEGMENTOR_FINALIZER/EXPAND_NUCLEI/fork0/chnk224-u4c39d356af/_jobinfo: Cannot open: No such file or directory
tar: /dcs04/lieber/marmaypag/spatialAMY_LIBD4125/spatialAmygdala/code/Xenium/01_resegment/xenium_seg/20240425__170523__0023004/XENIUM_RANGER_CS/XR_RESEGMENT/_CELL_SEGMENTOR_FINALIZER/EXPAND_NUCLEI/fork0/chnk226-u4c39d356af/_args: Cannot open: No such file or directory
tar: /dcs04/lieber/marmaypag/spatialAMY_LIBD4125/spatialAmygdala/code/Xenium/01_resegment/xenium_seg/20240425__170523__0023004/XENIUM_RANGER_CS/XR_RESEGMENT/_CELL_SEGMENTOR_FINALIZER/EXPAND_NUCLEI/fork0/chnk226-u4c39d356af/_complete: Cannot open: No such file or directory
tar: /dcs04/lieber/marmaypag/spatialAMY_LIBD4125/spatialAmygdala/code/Xenium/01_resegment/xenium_seg/20240425__170523__0023004/XENIUM_RANGER_CS/XR_RESEGMENT/_CELL_SEGMENTOR_FINALIZER/EXPAND_NUCLEI/fork0/chnk226-u4c39d356af/_stderr: Cannot open: No such file or directory
tar: /dcs04/lieber/marmaypag/spatialAMY_LIBD4125/spatialAmygdala/code/Xenium/01_resegment/xenium_seg/20240425__170523__0023004/XENIUM_RANGER_CS/XR_RESEGMENT/_CELL_SEGMENTOR_FINALIZER/EXPAND_NUCLEI/fork0/chnk226-u4c39d356af/_jobinfo: Cannot open: No such file or directory
tar: /dcs04/lieber/marmaypag/spatialAMY_LIBD4125/spatialAmygdala/code/Xenium/01_resegment/xenium_seg/20240425__170523__0023004/XENIUM_RANGER_CS/XR_RESEGMENT/_CELL_SEGMENTOR_FINALIZER/EXPAND_NUCLEI/fork0/chnk226-u4c39d356af/_log: Cannot open: No such file or directory
tar: /dcs04/lieber/marmaypag/spatialAMY_LIBD4125/spatialAmygdala/code/Xenium/01_resegment/xenium_seg/20240425__170523__0023004/XENIUM_RANGER_CS/XR_RESEGMENT/_CELL_SEGMENTOR_FINALIZER/EXPAND_NUCLEI/fork0/chnk226-u4c39d356af/_outs: Cannot open: No such file or directory
tar: /dcs04/lieber/marmaypag/spatialAMY_LIBD4125/spatialAmygdala/code/Xenium/01_resegment/xenium_seg/20240425__170523__0023004/XENIUM_RANGER_CS/XR_RESEGMENT/_CELL_SEGMENTOR_FINALIZER/EXPAND_NUCLEI/fork0/chnk226-u4c39d356af/_stdout: Cannot open: No such file or directory
tar: /dcs04/lieber/marmaypag/spatialAMY_LIBD4125/spatialAmygdala/code/Xenium/01_resegment/xenium_seg/20240425__170523__0023004/XENIUM_RANGER_CS/XR_RESEGMENT/_CELL_SEGMENTOR_FINALIZER/EXPAND_NUCLEI/fork0/chnk229-u4c39d356af/_complete: Cannot open: No such file or directory
tar: /dcs04/lieber/marmaypag/spatialAMY_LIBD4125/spatialAmygdala/code/Xenium/01_resegment/xenium_seg/20240425__170523__0023004/XENIUM_RANGER_CS/XR_RESEGMENT/_CELL_SEGMENTOR_FINALIZER/EXPAND_NUCLEI/fork0/chnk229-u4c39d356af/_stderr: Cannot open: No such file or directory
tar: /dcs04/lieber/marmaypag/spatialAMY_LIBD4125/spatialAmygdala/code/Xenium/01_resegment/xenium_seg/20240425__170523__0023004/XENIUM_RANGER_CS/XR_RESEGMENT/_CELL_SEGMENTOR_FINALIZER/EXPAND_NUCLEI/fork0/chnk229-u4c39d356af/_log: Cannot open: No such file or directory
tar: /dcs04/lieber/marmaypag/spatialAMY_LIBD4125/spatialAmygdala/code/Xenium/01_resegment/xenium_seg/20240425__170523__0023004/XENIUM_RANGER_CS/XR_RESEGMENT/_CELL_SEGMENTOR_FINALIZER/EXPAND_NUCLEI/fork0/chnk229-u4c39d356af/_args: Cannot open: No such file or directory
tar: /dcs04/lieber/marmaypag/spatialAMY_LIBD4125/spatialAmygdala/code/Xenium/01_resegment/xenium_seg/20240425__170523__0023004/XENIUM_RANGER_CS/XR_RESEGMENT/_CELL_SEGMENTOR_FINALIZER/EXPAND_NUCLEI/fork0/chnk229-u4c39d356af/_outs: Cannot open: No such file or directory
tar: /dcs04/lieber/marmaypag/spatialAMY_LIBD4125/spatialAmygdala/code/Xenium/01_resegment/xenium_seg/20240425__170523__0023004/XENIUM_RANGER_CS/XR_RESEGMENT/_CELL_SEGMENTOR_FINALIZER/EXPAND_NUCLEI/fork0/chnk229-u4c39d356af/_stdout: Cannot open: No such file or directory
tar: /dcs04/lieber/marmaypag/spatialAMY_LIBD4125/spatialAmygdala/code/Xenium/01_resegment/xenium_seg/20240425__170523__0023004/XENIUM_RANGER_CS/XR_RESEGMENT/_CELL_SEGMENTOR_FINALIZER/EXPAND_NUCLEI/fork0/chnk229-u4c39d356af/_jobinfo: Cannot open: No such file or directory
tar: /dcs04/lieber/marmaypag/spatialAMY_LIBD4125/spatialAmygdala/code/Xenium/01_resegment/xenium_seg/20240425__170523__0023004/XENIUM_RANGER_CS/XR_RESEGMENT/_CELL_SEGMENTOR_FINALIZER/EXPAND_NUCLEI/fork0/chnk231-u4c39d356af/_args: Cannot open: No such file or directory
tar: /dcs04/lieber/marmaypag/spatialAMY_LIBD4125/spatialAmygdala/code/Xenium/01_resegment/xenium_seg/20240425__170523__0023004/XENIUM_RANGER_CS/XR_RESEGMENT/_CELL_SEGMENTOR_FINALIZER/EXPAND_NUCLEI/fork0/chnk231-u4c39d356af/_jobinfo: Cannot open: No such file or directory
tar: /dcs04/lieber/marmaypag/spatialAMY_LIBD4125/spatialAmygdala/code/Xenium/01_resegment/xenium_seg/20240425__170523__0023004/XENIUM_RANGER_CS/XR_RESEGMENT/_CELL_SEGMENTOR_FINALIZER/EXPAND_NUCLEI/fork0/chnk231-u4c39d356af/_complete: Cannot open: No such file or directory
tar: /dcs04/lieber/marmaypag/spatialAMY_LIBD4125/spatialAmygdala/code/Xenium/01_resegment/xenium_seg/20240425__170523__0023004/XENIUM_RANGER_CS/XR_RESEGMENT/_CELL_SEGMENTOR_FINALIZER/EXPAND_NUCLEI/fork0/chnk231-u4c39d356af/_log: Cannot open: No such file or directory
tar: /dcs04/lieber/marmaypag/spatialAMY_LIBD4125/spatialAmygdala/code/Xenium/01_resegment/xenium_seg/20240425__170523__0023004/XENIUM_RANGER_CS/XR_RESEGMENT/_CELL_SEGMENTOR_FINALIZER/EXPAND_NUCLEI/fork0/chnk231-u4c39d356af/_outs: Cannot open: No such file or directory
tar: Exiting with failure status due to previous errors
