**** cauchy start ****
Mon Aug 10 07:45:44 PM EDT 2026
ARM=functional TRAIT=Epilepsy_GGE host=compute-154.cm.cluster job=34800543
                                   ___  ___            
                                   |  \/  |            
                          __ _ ___ | .  . | __ _ _ __  
                         / _` / __|| |\/| |/ _` | '_ \ 
                        | (_| \__ \| |  | | (_| | |_) |
                         \__, |___/\_|  |_/\__,_| .__/ 
                          __/ |                 | |    
                         |___/                  |_|
                                Version: 1.73.7                                 
================================================================================
[2026-08-10 19:45:44,743] INFO | gsMap - Running run_cauchy_combination...
[2026-08-10 19:45:44,743] INFO | gsMap - Started at: 2026-08-10 19:45:44
Using the following arguments for CauchyCombinationConfig:
{   'annotation': 'BS_k16_Semisupervised_wAI',
    'output_file': '/dcs04/lieber/marmaypag/spatialAMY_LIBD4125/spatialAmygdala/processed-data/Visium/16_LDSC/gsMap_cond_functional/cauchy_across_samples/Epilepsy_GGE_cauchy.csv.gz',
    'sample_name': None,
    'sample_name_list': [   'Br6471',
                            'Br6660',
                            'Br6423',
                            'Br2743',
                            'Br8325',
                            'Br9192',
                            'Br9280'],
    'trait_name': 'Epilepsy_GGE',
    'workdir': '/dcs04/lieber/marmaypag/spatialAMY_LIBD4125/spatialAmygdala/processed-data/Visium/16_LDSC/gsMap_cond_functional'}
[2026-08-10 19:45:47,210] INFO | gsMap.cauchy_combination_test - ------Loading LDSC results for sample Br6471...
[2026-08-10 19:45:47,307] INFO | gsMap.cauchy_combination_test - ------Loading ST data for sample Br6471...
[2026-08-10 19:45:48,084] INFO | gsMap.cauchy_combination_test - ------Loading LDSC results for sample Br6660...
[2026-08-10 19:45:48,179] INFO | gsMap.cauchy_combination_test - ------Loading ST data for sample Br6660...
[2026-08-10 19:45:49,184] INFO | gsMap.cauchy_combination_test - ------Loading LDSC results for sample Br6423...
[2026-08-10 19:45:49,277] INFO | gsMap.cauchy_combination_test - ------Loading ST data for sample Br6423...
[2026-08-10 19:45:50,227] INFO | gsMap.cauchy_combination_test - ------Loading LDSC results for sample Br2743...
[2026-08-10 19:45:50,341] INFO | gsMap.cauchy_combination_test - ------Loading ST data for sample Br2743...
[2026-08-10 19:45:50,992] INFO | gsMap.cauchy_combination_test - ------Loading LDSC results for sample Br8325...
[2026-08-10 19:45:51,098] INFO | gsMap.cauchy_combination_test - ------Loading ST data for sample Br8325...
[2026-08-10 19:45:51,825] INFO | gsMap.cauchy_combination_test - ------Loading LDSC results for sample Br9192...
[2026-08-10 19:45:52,010] INFO | gsMap.cauchy_combination_test - ------Loading ST data for sample Br9192...
[2026-08-10 19:45:52,538] INFO | gsMap.cauchy_combination_test - ------Loading LDSC results for sample Br9280...
[2026-08-10 19:45:52,609] INFO | gsMap.cauchy_combination_test - ------Loading ST data for sample Br9280...
[2026-08-10 19:45:53,044] INFO | gsMap.cauchy_combination_test - Removed 1/12183 outliers (median + 3IQR) for CoA.
[2026-08-10 19:45:53,094] INFO | gsMap.cauchy_combination_test - Removed 180/49673 outliers (median + 3IQR) for BL.
[2026-08-10 19:45:53,327] INFO | gsMap.cauchy_combination_test - Removed 12/13913 outliers (median + 3IQR) for MeA.
[2026-08-10 19:45:53,362] INFO | gsMap.cauchy_combination_test - Removed 2/10638 outliers (median + 3IQR) for PL.
[2026-08-10 19:45:53,380] INFO | gsMap.cauchy_combination_test - Removed 1/4834 outliers (median + 3IQR) for CLA.
[2026-08-10 19:45:53,490] INFO | gsMap.cauchy_combination_test - Cauchy combination results saved at /dcs04/lieber/marmaypag/spatialAMY_LIBD4125/spatialAmygdala/processed-data/Visium/16_LDSC/gsMap_cond_functional/cauchy_across_samples/Epilepsy_GGE_cauchy.csv.gz.
[2026-08-10 19:45:53,500] INFO | gsMap - Finished running run_cauchy_combination at: 2026-08-10 19:45:53.
[2026-08-10 19:45:53,814] INFO | gsMap - Resource usage summary:
[2026-08-10 19:45:53,814] INFO | gsMap -   • Wall clock time: 9.08 seconds
[2026-08-10 19:45:53,814] INFO | gsMap -   • CPU time: 7.24 seconds
[2026-08-10 19:45:53,814] INFO | gsMap -   • Average CPU utilization: 83.4%
[2026-08-10 19:45:53,814] INFO | gsMap -   • Peak memory usage: 9.71 GB
gsmap rc=0 (non-fatal; success judged by output file)
OK Epilepsy_GGE -> /dcs04/lieber/marmaypag/spatialAMY_LIBD4125/spatialAmygdala/processed-data/Visium/16_LDSC/gsMap_cond_functional/cauchy_across_samples/Epilepsy_GGE_cauchy.csv.gz
-rw-rw----+ 1 mtotty hickslab 455 Aug 10 19:45 /dcs04/lieber/marmaypag/spatialAMY_LIBD4125/spatialAmygdala/processed-data/Visium/16_LDSC/gsMap_cond_functional/cauchy_across_samples/Epilepsy_GGE_cauchy.csv.gz
**** cauchy end ****
Mon Aug 10 07:45:54 PM EDT 2026
