**** cauchy start ****
Mon Aug 10 07:46:15 PM EDT 2026
ARM=functional TRAIT=GSCAN_CigDay host=compute-154.cm.cluster job=34800545
                                   ___  ___            
                                   |  \/  |            
                          __ _ ___ | .  . | __ _ _ __  
                         / _` / __|| |\/| |/ _` | '_ \ 
                        | (_| \__ \| |  | | (_| | |_) |
                         \__, |___/\_|  |_/\__,_| .__/ 
                          __/ |                 | |    
                         |___/                  |_|
                                Version: 1.73.7                                 
================================================================================
[2026-08-10 19:46:15,281] INFO | gsMap - Running run_cauchy_combination...
[2026-08-10 19:46:15,281] INFO | gsMap - Started at: 2026-08-10 19:46:15
Using the following arguments for CauchyCombinationConfig:
{   'annotation': 'BS_k16_Semisupervised_wAI',
    'output_file': '/dcs04/lieber/marmaypag/spatialAMY_LIBD4125/spatialAmygdala/processed-data/Visium/16_LDSC/gsMap_cond_functional/cauchy_across_samples/GSCAN_CigDay_cauchy.csv.gz',
    'sample_name': None,
    'sample_name_list': [   'Br6471',
                            'Br6660',
                            'Br6423',
                            'Br2743',
                            'Br8325',
                            'Br9192',
                            'Br9280'],
    'trait_name': 'GSCAN_CigDay',
    'workdir': '/dcs04/lieber/marmaypag/spatialAMY_LIBD4125/spatialAmygdala/processed-data/Visium/16_LDSC/gsMap_cond_functional'}
[2026-08-10 19:46:17,842] INFO | gsMap.cauchy_combination_test - ------Loading LDSC results for sample Br6471...
[2026-08-10 19:46:17,968] INFO | gsMap.cauchy_combination_test - ------Loading ST data for sample Br6471...
[2026-08-10 19:46:18,820] INFO | gsMap.cauchy_combination_test - ------Loading LDSC results for sample Br6660...
[2026-08-10 19:46:18,906] INFO | gsMap.cauchy_combination_test - ------Loading ST data for sample Br6660...
[2026-08-10 19:46:19,856] INFO | gsMap.cauchy_combination_test - ------Loading LDSC results for sample Br6423...
[2026-08-10 19:46:19,953] INFO | gsMap.cauchy_combination_test - ------Loading ST data for sample Br6423...
[2026-08-10 19:46:20,884] INFO | gsMap.cauchy_combination_test - ------Loading LDSC results for sample Br2743...
[2026-08-10 19:46:20,985] INFO | gsMap.cauchy_combination_test - ------Loading ST data for sample Br2743...
[2026-08-10 19:46:21,598] INFO | gsMap.cauchy_combination_test - ------Loading LDSC results for sample Br8325...
[2026-08-10 19:46:21,691] INFO | gsMap.cauchy_combination_test - ------Loading ST data for sample Br8325...
[2026-08-10 19:46:22,369] INFO | gsMap.cauchy_combination_test - ------Loading LDSC results for sample Br9192...
[2026-08-10 19:46:22,438] INFO | gsMap.cauchy_combination_test - ------Loading ST data for sample Br9192...
[2026-08-10 19:46:22,980] INFO | gsMap.cauchy_combination_test - ------Loading LDSC results for sample Br9280...
[2026-08-10 19:46:23,073] INFO | gsMap.cauchy_combination_test - ------Loading ST data for sample Br9280...
[2026-08-10 19:46:23,516] INFO | gsMap.cauchy_combination_test - Removed 10/12183 outliers (median + 3IQR) for CoA.
[2026-08-10 19:46:23,537] INFO | gsMap.cauchy_combination_test - Removed 3/10363 outliers (median + 3IQR) for BM.
[2026-08-10 19:46:23,563] INFO | gsMap.cauchy_combination_test - Removed 138/49673 outliers (median + 3IQR) for BL.
[2026-08-10 19:46:23,650] INFO | gsMap.cauchy_combination_test - Removed 12/40228 outliers (median + 3IQR) for LA.
[2026-08-10 19:46:23,692] INFO | gsMap.cauchy_combination_test - Removed 21/11331 outliers (median + 3IQR) for BLD.
[2026-08-10 19:46:23,712] INFO | gsMap.cauchy_combination_test - Removed 52/11678 outliers (median + 3IQR) for CeA.
[2026-08-10 19:46:23,767] INFO | gsMap.cauchy_combination_test - Removed 1/1573 outliers (median + 3IQR) for AI.
[2026-08-10 19:46:23,777] INFO | gsMap.cauchy_combination_test - Removed 25/3075 outliers (median + 3IQR) for CHAT.
[2026-08-10 19:46:23,790] INFO | gsMap.cauchy_combination_test - Removed 6/13913 outliers (median + 3IQR) for MeA.
[2026-08-10 19:46:23,810] INFO | gsMap.cauchy_combination_test - Removed 3/4774 outliers (median + 3IQR) for HPC.
[2026-08-10 19:46:23,825] INFO | gsMap.cauchy_combination_test - Removed 15/10638 outliers (median + 3IQR) for PL.
[2026-08-10 19:46:23,843] INFO | gsMap.cauchy_combination_test - Removed 8/4834 outliers (median + 3IQR) for CLA.
[2026-08-10 19:46:23,954] INFO | gsMap.cauchy_combination_test - Cauchy combination results saved at /dcs04/lieber/marmaypag/spatialAMY_LIBD4125/spatialAmygdala/processed-data/Visium/16_LDSC/gsMap_cond_functional/cauchy_across_samples/GSCAN_CigDay_cauchy.csv.gz.
[2026-08-10 19:46:23,963] INFO | gsMap - Finished running run_cauchy_combination at: 2026-08-10 19:46:23.
[2026-08-10 19:46:24,364] INFO | gsMap - Resource usage summary:
[2026-08-10 19:46:24,364] INFO | gsMap -   • Wall clock time: 9.09 seconds
[2026-08-10 19:46:24,364] INFO | gsMap -   • CPU time: 7.31 seconds
[2026-08-10 19:46:24,364] INFO | gsMap -   • Average CPU utilization: 85.0%
[2026-08-10 19:46:24,364] INFO | gsMap -   • Peak memory usage: 9.71 GB
gsmap rc=0 (non-fatal; success judged by output file)
OK GSCAN_CigDay -> /dcs04/lieber/marmaypag/spatialAMY_LIBD4125/spatialAmygdala/processed-data/Visium/16_LDSC/gsMap_cond_functional/cauchy_across_samples/GSCAN_CigDay_cauchy.csv.gz
-rw-rw----+ 1 mtotty hickslab 442 Aug 10 19:46 /dcs04/lieber/marmaypag/spatialAMY_LIBD4125/spatialAmygdala/processed-data/Visium/16_LDSC/gsMap_cond_functional/cauchy_across_samples/GSCAN_CigDay_cauchy.csv.gz
**** cauchy end ****
Mon Aug 10 07:46:24 PM EDT 2026
