**** cauchy start ****
Mon Aug 10 07:39:37 PM EDT 2026
ARM=functional TRAIT=SCZ host=compute-147.cm.cluster job=34800348
                                   ___  ___            
                                   |  \/  |            
                          __ _ ___ | .  . | __ _ _ __  
                         / _` / __|| |\/| |/ _` | '_ \ 
                        | (_| \__ \| |  | | (_| | |_) |
                         \__, |___/\_|  |_/\__,_| .__/ 
                          __/ |                 | |    
                         |___/                  |_|
                                Version: 1.73.7                                 
================================================================================
[2026-08-10 19:39:37,627] INFO | gsMap - Running run_cauchy_combination...
[2026-08-10 19:39:37,627] INFO | gsMap - Started at: 2026-08-10 19:39:37
Using the following arguments for CauchyCombinationConfig:
{   'annotation': 'BS_k16_Semisupervised_wAI',
    'output_file': '/dcs04/lieber/marmaypag/spatialAMY_LIBD4125/spatialAmygdala/processed-data/Visium/16_LDSC/gsMap_cond_functional/cauchy_across_samples/SCZ_cauchy.csv.gz',
    'sample_name': None,
    'sample_name_list': [   'Br6471',
                            'Br6660',
                            'Br6423',
                            'Br2743',
                            'Br8325',
                            'Br9192',
                            'Br9280'],
    'trait_name': 'SCZ',
    'workdir': '/dcs04/lieber/marmaypag/spatialAMY_LIBD4125/spatialAmygdala/processed-data/Visium/16_LDSC/gsMap_cond_functional'}
[2026-08-10 19:39:40,357] INFO | gsMap.cauchy_combination_test - ------Loading LDSC results for sample Br6471...
[2026-08-10 19:39:40,478] INFO | gsMap.cauchy_combination_test - ------Loading ST data for sample Br6471...
[2026-08-10 19:39:49,595] INFO | gsMap.cauchy_combination_test - ------Loading LDSC results for sample Br6660...
[2026-08-10 19:39:49,700] INFO | gsMap.cauchy_combination_test - ------Loading ST data for sample Br6660...
[2026-08-10 19:40:08,468] INFO | gsMap.cauchy_combination_test - ------Loading LDSC results for sample Br6423...
[2026-08-10 19:40:08,572] INFO | gsMap.cauchy_combination_test - ------Loading ST data for sample Br6423...
[2026-08-10 19:40:24,173] INFO | gsMap.cauchy_combination_test - ------Loading LDSC results for sample Br2743...
[2026-08-10 19:40:24,264] INFO | gsMap.cauchy_combination_test - ------Loading ST data for sample Br2743...
[2026-08-10 19:40:32,301] INFO | gsMap.cauchy_combination_test - ------Loading LDSC results for sample Br8325...
[2026-08-10 19:40:32,402] INFO | gsMap.cauchy_combination_test - ------Loading ST data for sample Br8325...
[2026-08-10 19:40:43,801] INFO | gsMap.cauchy_combination_test - ------Loading LDSC results for sample Br9192...
[2026-08-10 19:40:43,976] INFO | gsMap.cauchy_combination_test - ------Loading ST data for sample Br9192...
[2026-08-10 19:40:53,905] INFO | gsMap.cauchy_combination_test - ------Loading LDSC results for sample Br9280...
[2026-08-10 19:40:54,008] INFO | gsMap.cauchy_combination_test - ------Loading ST data for sample Br9280...
[2026-08-10 19:41:03,372] INFO | gsMap.cauchy_combination_test - Removed 3/49673 outliers (median + 3IQR) for BL.
[2026-08-10 19:41:03,568] INFO | gsMap.cauchy_combination_test - Removed 2/11331 outliers (median + 3IQR) for BLD.
[2026-08-10 19:41:03,985] INFO | gsMap.cauchy_combination_test - Cauchy combination results saved at /dcs04/lieber/marmaypag/spatialAMY_LIBD4125/spatialAmygdala/processed-data/Visium/16_LDSC/gsMap_cond_functional/cauchy_across_samples/SCZ_cauchy.csv.gz.
[2026-08-10 19:41:03,999] INFO | gsMap - Finished running run_cauchy_combination at: 2026-08-10 19:41:03.
[2026-08-10 19:41:04,337] INFO | gsMap - Resource usage summary:
[2026-08-10 19:41:04,338] INFO | gsMap -   • Wall clock time: 1.45 minutes
[2026-08-10 19:41:04,338] INFO | gsMap -   • CPU time: 13.31 seconds
[2026-08-10 19:41:04,338] INFO | gsMap -   • Average CPU utilization: 15.6%
[2026-08-10 19:41:04,338] INFO | gsMap -   • Peak memory usage: 8.09 GB
gsmap rc=0 (non-fatal; success judged by output file)
OK SCZ -> /dcs04/lieber/marmaypag/spatialAMY_LIBD4125/spatialAmygdala/processed-data/Visium/16_LDSC/gsMap_cond_functional/cauchy_across_samples/SCZ_cauchy.csv.gz
-rw-rw----+ 1 mtotty hickslab 464 Aug 10 19:41 /dcs04/lieber/marmaypag/spatialAMY_LIBD4125/spatialAmygdala/processed-data/Visium/16_LDSC/gsMap_cond_functional/cauchy_across_samples/SCZ_cauchy.csv.gz
**** cauchy end ****
Mon Aug 10 07:41:07 PM EDT 2026
