**** cauchy start ****
Mon Aug 10 07:47:47 PM EDT 2026
ARM=functional TRAIT=Neuroticism host=compute-106.cm.cluster job=34800553
                                   ___  ___            
                                   |  \/  |            
                          __ _ ___ | .  . | __ _ _ __  
                         / _` / __|| |\/| |/ _` | '_ \ 
                        | (_| \__ \| |  | | (_| | |_) |
                         \__, |___/\_|  |_/\__,_| .__/ 
                          __/ |                 | |    
                         |___/                  |_|
                                Version: 1.73.7                                 
================================================================================
[2026-08-10 19:47:47,256] INFO | gsMap - Running run_cauchy_combination...
[2026-08-10 19:47:47,256] INFO | gsMap - Started at: 2026-08-10 19:47:47
Using the following arguments for CauchyCombinationConfig:
{   'annotation': 'BS_k16_Semisupervised_wAI',
    'output_file': '/dcs04/lieber/marmaypag/spatialAMY_LIBD4125/spatialAmygdala/processed-data/Visium/16_LDSC/gsMap_cond_functional/cauchy_across_samples/Neuroticism_cauchy.csv.gz',
    'sample_name': None,
    'sample_name_list': [   'Br6471',
                            'Br6660',
                            'Br6423',
                            'Br2743',
                            'Br8325',
                            'Br9192',
                            'Br9280'],
    'trait_name': 'Neuroticism',
    'workdir': '/dcs04/lieber/marmaypag/spatialAMY_LIBD4125/spatialAmygdala/processed-data/Visium/16_LDSC/gsMap_cond_functional'}
[2026-08-10 19:47:50,598] INFO | gsMap.cauchy_combination_test - ------Loading LDSC results for sample Br6471...
[2026-08-10 19:47:50,726] INFO | gsMap.cauchy_combination_test - ------Loading ST data for sample Br6471...
[2026-08-10 19:48:04,885] INFO | gsMap.cauchy_combination_test - ------Loading LDSC results for sample Br6660...
[2026-08-10 19:48:05,070] INFO | gsMap.cauchy_combination_test - ------Loading ST data for sample Br6660...
[2026-08-10 19:48:23,345] INFO | gsMap.cauchy_combination_test - ------Loading LDSC results for sample Br6423...
[2026-08-10 19:48:23,566] INFO | gsMap.cauchy_combination_test - ------Loading ST data for sample Br6423...
[2026-08-10 19:48:44,303] INFO | gsMap.cauchy_combination_test - ------Loading LDSC results for sample Br2743...
[2026-08-10 19:48:44,432] INFO | gsMap.cauchy_combination_test - ------Loading ST data for sample Br2743...
[2026-08-10 19:48:50,893] INFO | gsMap.cauchy_combination_test - ------Loading LDSC results for sample Br8325...
[2026-08-10 19:48:50,991] INFO | gsMap.cauchy_combination_test - ------Loading ST data for sample Br8325...
[2026-08-10 19:48:52,541] INFO | gsMap.cauchy_combination_test - ------Loading LDSC results for sample Br9192...
[2026-08-10 19:48:52,645] INFO | gsMap.cauchy_combination_test - ------Loading ST data for sample Br9192...
[2026-08-10 19:48:57,841] INFO | gsMap.cauchy_combination_test - ------Loading LDSC results for sample Br9280...
[2026-08-10 19:48:57,940] INFO | gsMap.cauchy_combination_test - ------Loading ST data for sample Br9280...
[2026-08-10 19:49:03,445] INFO | gsMap.cauchy_combination_test - Removed 2/12183 outliers (median + 3IQR) for CoA.
[2026-08-10 19:49:03,487] INFO | gsMap.cauchy_combination_test - Removed 3/10363 outliers (median + 3IQR) for BM.
[2026-08-10 19:49:03,536] INFO | gsMap.cauchy_combination_test - Removed 87/49673 outliers (median + 3IQR) for BL.
[2026-08-10 19:49:03,733] INFO | gsMap.cauchy_combination_test - Removed 1/40228 outliers (median + 3IQR) for LA.
[2026-08-10 19:49:03,827] INFO | gsMap.cauchy_combination_test - Removed 1/11331 outliers (median + 3IQR) for BLD.
[2026-08-10 19:49:04,029] INFO | gsMap.cauchy_combination_test - Removed 14/13913 outliers (median + 3IQR) for MeA.
[2026-08-10 19:49:04,154] INFO | gsMap.cauchy_combination_test - Cauchy combination results saved at /dcs04/lieber/marmaypag/spatialAMY_LIBD4125/spatialAmygdala/processed-data/Visium/16_LDSC/gsMap_cond_functional/cauchy_across_samples/Neuroticism_cauchy.csv.gz.
[2026-08-10 19:49:04,165] INFO | gsMap - Finished running run_cauchy_combination at: 2026-08-10 19:49:04.
[2026-08-10 19:49:04,621] INFO | gsMap - Resource usage summary:
[2026-08-10 19:49:04,621] INFO | gsMap -   • Wall clock time: 1.29 minutes
[2026-08-10 19:49:04,621] INFO | gsMap -   • CPU time: 17.55 seconds
[2026-08-10 19:49:04,621] INFO | gsMap -   • Average CPU utilization: 23.1%
[2026-08-10 19:49:04,621] INFO | gsMap -   • Peak memory usage: 9.71 GB
gsmap rc=0 (non-fatal; success judged by output file)
OK Neuroticism -> /dcs04/lieber/marmaypag/spatialAMY_LIBD4125/spatialAmygdala/processed-data/Visium/16_LDSC/gsMap_cond_functional/cauchy_across_samples/Neuroticism_cauchy.csv.gz
-rw-rw----+ 1 mtotty hickslab 460 Aug 10 19:49 /dcs04/lieber/marmaypag/spatialAMY_LIBD4125/spatialAmygdala/processed-data/Visium/16_LDSC/gsMap_cond_functional/cauchy_across_samples/Neuroticism_cauchy.csv.gz
**** cauchy end ****
Mon Aug 10 07:49:05 PM EDT 2026
