**** cauchy start ****
Mon Aug 10 07:40:39 PM EDT 2026
ARM=functional TRAIT=OUD_MVP1 host=compute-107.cm.cluster job=34800375
                                   ___  ___            
                                   |  \/  |            
                          __ _ ___ | .  . | __ _ _ __  
                         / _` / __|| |\/| |/ _` | '_ \ 
                        | (_| \__ \| |  | | (_| | |_) |
                         \__, |___/\_|  |_/\__,_| .__/ 
                          __/ |                 | |    
                         |___/                  |_|
                                Version: 1.73.7                                 
================================================================================
[2026-08-10 19:40:40,175] INFO | gsMap - Running run_cauchy_combination...
[2026-08-10 19:40:40,175] INFO | gsMap - Started at: 2026-08-10 19:40:40
Using the following arguments for CauchyCombinationConfig:
{   'annotation': 'BS_k16_Semisupervised_wAI',
    'output_file': '/dcs04/lieber/marmaypag/spatialAMY_LIBD4125/spatialAmygdala/processed-data/Visium/16_LDSC/gsMap_cond_functional/cauchy_across_samples/OUD_MVP1_cauchy.csv.gz',
    'sample_name': None,
    'sample_name_list': [   'Br6471',
                            'Br6660',
                            'Br6423',
                            'Br2743',
                            'Br8325',
                            'Br9192',
                            'Br9280'],
    'trait_name': 'OUD_MVP1',
    'workdir': '/dcs04/lieber/marmaypag/spatialAMY_LIBD4125/spatialAmygdala/processed-data/Visium/16_LDSC/gsMap_cond_functional'}
[2026-08-10 19:40:43,636] INFO | gsMap.cauchy_combination_test - ------Loading LDSC results for sample Br6471...
[2026-08-10 19:40:43,768] INFO | gsMap.cauchy_combination_test - ------Loading ST data for sample Br6471...
[2026-08-10 19:40:50,138] INFO | gsMap.cauchy_combination_test - ------Loading LDSC results for sample Br6660...
[2026-08-10 19:40:50,324] INFO | gsMap.cauchy_combination_test - ------Loading ST data for sample Br6660...
[2026-08-10 19:41:02,302] INFO | gsMap.cauchy_combination_test - ------Loading LDSC results for sample Br6423...
[2026-08-10 19:41:02,752] INFO | gsMap.cauchy_combination_test - ------Loading ST data for sample Br6423...
[2026-08-10 19:41:10,500] INFO | gsMap.cauchy_combination_test - ------Loading LDSC results for sample Br2743...
[2026-08-10 19:41:10,653] INFO | gsMap.cauchy_combination_test - ------Loading ST data for sample Br2743...
[2026-08-10 19:41:14,733] INFO | gsMap.cauchy_combination_test - ------Loading LDSC results for sample Br8325...
[2026-08-10 19:41:14,835] INFO | gsMap.cauchy_combination_test - ------Loading ST data for sample Br8325...
[2026-08-10 19:41:39,929] INFO | gsMap.cauchy_combination_test - ------Loading LDSC results for sample Br9192...
[2026-08-10 19:41:42,740] INFO | gsMap.cauchy_combination_test - ------Loading ST data for sample Br9192...
[2026-08-10 19:42:52,158] INFO | gsMap.cauchy_combination_test - ------Loading LDSC results for sample Br9280...
[2026-08-10 19:42:52,785] INFO | gsMap.cauchy_combination_test - ------Loading ST data for sample Br9280...
[2026-08-10 19:43:38,248] INFO | gsMap.cauchy_combination_test - Removed 50/12183 outliers (median + 3IQR) for CoA.
[2026-08-10 19:43:38,975] INFO | gsMap.cauchy_combination_test - Removed 42/10363 outliers (median + 3IQR) for BM.
[2026-08-10 19:43:39,045] INFO | gsMap.cauchy_combination_test - Removed 414/49673 outliers (median + 3IQR) for BL.
[2026-08-10 19:43:39,460] INFO | gsMap.cauchy_combination_test - Removed 194/40228 outliers (median + 3IQR) for LA.
[2026-08-10 19:43:39,585] INFO | gsMap.cauchy_combination_test - Removed 94/11331 outliers (median + 3IQR) for BLD.
[2026-08-10 19:43:39,674] INFO | gsMap.cauchy_combination_test - Removed 53/11678 outliers (median + 3IQR) for CeA.
[2026-08-10 19:43:39,819] INFO | gsMap.cauchy_combination_test - Removed 5/1573 outliers (median + 3IQR) for AI.
[2026-08-10 19:43:39,895] INFO | gsMap.cauchy_combination_test - Removed 102/13913 outliers (median + 3IQR) for MeA.
[2026-08-10 19:43:39,984] INFO | gsMap.cauchy_combination_test - Removed 16/4774 outliers (median + 3IQR) for HPC.
[2026-08-10 19:43:40,037] INFO | gsMap.cauchy_combination_test - Removed 28/10638 outliers (median + 3IQR) for PL.
[2026-08-10 19:43:40,144] INFO | gsMap.cauchy_combination_test - Removed 17/4834 outliers (median + 3IQR) for CLA.
[2026-08-10 19:43:46,479] INFO | gsMap.cauchy_combination_test - Cauchy combination results saved at /dcs04/lieber/marmaypag/spatialAMY_LIBD4125/spatialAmygdala/processed-data/Visium/16_LDSC/gsMap_cond_functional/cauchy_across_samples/OUD_MVP1_cauchy.csv.gz.
[2026-08-10 19:43:46,978] INFO | gsMap - Finished running run_cauchy_combination at: 2026-08-10 19:43:46.
[2026-08-10 19:43:48,082] INFO | gsMap - Resource usage summary:
[2026-08-10 19:43:48,082] INFO | gsMap -   • Wall clock time: 3.13 minutes
[2026-08-10 19:43:48,082] INFO | gsMap -   • CPU time: 22.97 seconds
[2026-08-10 19:43:48,082] INFO | gsMap -   • Average CPU utilization: 13.3%
[2026-08-10 19:43:48,082] INFO | gsMap -   • Peak memory usage: 8.09 GB
gsmap rc=0 (non-fatal; success judged by output file)
OK OUD_MVP1 -> /dcs04/lieber/marmaypag/spatialAMY_LIBD4125/spatialAmygdala/processed-data/Visium/16_LDSC/gsMap_cond_functional/cauchy_across_samples/OUD_MVP1_cauchy.csv.gz
-rw-rw----+ 1 mtotty hickslab 432 Aug 10 19:43 /dcs04/lieber/marmaypag/spatialAMY_LIBD4125/spatialAmygdala/processed-data/Visium/16_LDSC/gsMap_cond_functional/cauchy_across_samples/OUD_MVP1_cauchy.csv.gz
**** cauchy end ****
Mon Aug 10 07:44:38 PM EDT 2026
