**** cauchy start ****
Thu Aug 20 08:58:11 AM EDT 2026
ARM=functional TRAIT=PTSD_F3 host=compute-178.cm.cluster job=35028646
                                   ___  ___            
                                   |  \/  |            
                          __ _ ___ | .  . | __ _ _ __  
                         / _` / __|| |\/| |/ _` | '_ \ 
                        | (_| \__ \| |  | | (_| | |_) |
                         \__, |___/\_|  |_/\__,_| .__/ 
                          __/ |                 | |    
                         |___/                  |_|
                                Version: 1.73.7                                 
================================================================================
[2026-08-20 08:58:11,759] INFO | gsMap - Running run_cauchy_combination...
[2026-08-20 08:58:11,759] INFO | gsMap - Started at: 2026-08-20 08:58:11
Using the following arguments for CauchyCombinationConfig:
{   'annotation': 'BS_k16_Semisupervised_wAI',
    'output_file': '/dcs04/lieber/marmaypag/spatialAMY_LIBD4125/spatialAmygdala/processed-data/Visium/16_LDSC/gsMap_cond_functional/cauchy_across_samples/PTSD_F3_cauchy.csv.gz',
    'sample_name': None,
    'sample_name_list': [   'Br6471',
                            'Br6660',
                            'Br6423',
                            'Br2743',
                            'Br8325',
                            'Br9192',
                            'Br9280'],
    'trait_name': 'PTSD_F3',
    'workdir': '/dcs04/lieber/marmaypag/spatialAMY_LIBD4125/spatialAmygdala/processed-data/Visium/16_LDSC/gsMap_cond_functional'}
[2026-08-20 08:58:15,524] INFO | gsMap.cauchy_combination_test - ------Loading LDSC results for sample Br6471...
[2026-08-20 08:58:15,662] INFO | gsMap.cauchy_combination_test - ------Loading ST data for sample Br6471...
[2026-08-20 08:58:26,465] INFO | gsMap.cauchy_combination_test - ------Loading LDSC results for sample Br6660...
[2026-08-20 08:58:26,588] INFO | gsMap.cauchy_combination_test - ------Loading ST data for sample Br6660...
[2026-08-20 08:58:51,525] INFO | gsMap.cauchy_combination_test - ------Loading LDSC results for sample Br6423...
[2026-08-20 08:58:51,637] INFO | gsMap.cauchy_combination_test - ------Loading ST data for sample Br6423...
[2026-08-20 08:59:14,039] INFO | gsMap.cauchy_combination_test - ------Loading LDSC results for sample Br2743...
[2026-08-20 08:59:14,137] INFO | gsMap.cauchy_combination_test - ------Loading ST data for sample Br2743...
[2026-08-20 08:59:23,656] INFO | gsMap.cauchy_combination_test - ------Loading LDSC results for sample Br8325...
[2026-08-20 08:59:23,751] INFO | gsMap.cauchy_combination_test - ------Loading ST data for sample Br8325...
[2026-08-20 08:59:37,904] INFO | gsMap.cauchy_combination_test - ------Loading LDSC results for sample Br9192...
[2026-08-20 08:59:38,024] INFO | gsMap.cauchy_combination_test - ------Loading ST data for sample Br9192...
[2026-08-20 08:59:45,425] INFO | gsMap.cauchy_combination_test - ------Loading LDSC results for sample Br9280...
[2026-08-20 08:59:45,514] INFO | gsMap.cauchy_combination_test - ------Loading ST data for sample Br9280...
[2026-08-20 08:59:51,776] INFO | gsMap.cauchy_combination_test - Removed 17/12183 outliers (median + 3IQR) for CoA.
[2026-08-20 08:59:51,803] INFO | gsMap.cauchy_combination_test - Removed 29/10363 outliers (median + 3IQR) for BM.
[2026-08-20 08:59:51,834] INFO | gsMap.cauchy_combination_test - Removed 110/49673 outliers (median + 3IQR) for BL.
[2026-08-20 08:59:51,942] INFO | gsMap.cauchy_combination_test - Removed 39/40228 outliers (median + 3IQR) for LA.
[2026-08-20 08:59:51,994] INFO | gsMap.cauchy_combination_test - Removed 27/11331 outliers (median + 3IQR) for BLD.
[2026-08-20 08:59:52,045] INFO | gsMap.cauchy_combination_test - Removed 186/19502 outliers (median + 3IQR) for WM.2.
[2026-08-20 08:59:52,104] INFO | gsMap.cauchy_combination_test - Removed 10/3075 outliers (median + 3IQR) for CHAT.
[2026-08-20 08:59:52,122] INFO | gsMap.cauchy_combination_test - Removed 29/13913 outliers (median + 3IQR) for MeA.
[2026-08-20 08:59:52,147] INFO | gsMap.cauchy_combination_test - Removed 2/4774 outliers (median + 3IQR) for HPC.
[2026-08-20 08:59:52,166] INFO | gsMap.cauchy_combination_test - Removed 14/10638 outliers (median + 3IQR) for PL.
[2026-08-20 08:59:52,189] INFO | gsMap.cauchy_combination_test - Removed 1/4834 outliers (median + 3IQR) for CLA.
[2026-08-20 08:59:52,212] INFO | gsMap.cauchy_combination_test - Cauchy combination results saved at /dcs04/lieber/marmaypag/spatialAMY_LIBD4125/spatialAmygdala/processed-data/Visium/16_LDSC/gsMap_cond_functional/cauchy_across_samples/PTSD_F3_cauchy.csv.gz.
[2026-08-20 08:59:52,222] INFO | gsMap - Finished running run_cauchy_combination at: 2026-08-20 08:59:52.
[2026-08-20 08:59:52,574] INFO | gsMap - Resource usage summary:
[2026-08-20 08:59:52,574] INFO | gsMap -   • Wall clock time: 1.68 minutes
[2026-08-20 08:59:52,574] INFO | gsMap -   • CPU time: 11.70 seconds
[2026-08-20 08:59:52,574] INFO | gsMap -   • Average CPU utilization: 12.0%
[2026-08-20 08:59:52,574] INFO | gsMap -   • Peak memory usage: 9.71 GB
gsmap rc=0 (non-fatal; success judged by output file)
OK PTSD_F3 -> /dcs04/lieber/marmaypag/spatialAMY_LIBD4125/spatialAmygdala/processed-data/Visium/16_LDSC/gsMap_cond_functional/cauchy_across_samples/PTSD_F3_cauchy.csv.gz
-rw-rw----+ 1 mtotty hickslab 438 Aug 20 08:59 /dcs04/lieber/marmaypag/spatialAMY_LIBD4125/spatialAmygdala/processed-data/Visium/16_LDSC/gsMap_cond_functional/cauchy_across_samples/PTSD_F3_cauchy.csv.gz
**** cauchy end ****
Thu Aug 20 08:59:53 AM EDT 2026
