**** cauchy start ****
Mon Aug 10 07:40:40 PM EDT 2026
ARM=functional TRAIT=GSCAN_CigDay host=compute-106.cm.cluster job=34800366
                                   ___  ___            
                                   |  \/  |            
                          __ _ ___ | .  . | __ _ _ __  
                         / _` / __|| |\/| |/ _` | '_ \ 
                        | (_| \__ \| |  | | (_| | |_) |
                         \__, |___/\_|  |_/\__,_| .__/ 
                          __/ |                 | |    
                         |___/                  |_|
                                Version: 1.73.7                                 
================================================================================
[2026-08-10 19:40:40,213] INFO | gsMap - Running run_cauchy_combination...
[2026-08-10 19:40:40,213] INFO | gsMap - Started at: 2026-08-10 19:40:40
Using the following arguments for CauchyCombinationConfig:
{   'annotation': 'BS_k16_Semisupervised_wAI',
    'output_file': '/dcs04/lieber/marmaypag/spatialAMY_LIBD4125/spatialAmygdala/processed-data/Visium/16_LDSC/gsMap_cond_functional/cauchy_across_samples/GSCAN_CigDay_cauchy.csv.gz',
    'sample_name': None,
    'sample_name_list': [   'Br6471',
                            'Br6660',
                            'Br6423',
                            'Br2743',
                            'Br8325',
                            'Br9192',
                            'Br9280'],
    'trait_name': 'GSCAN_CigDay',
    'workdir': '/dcs04/lieber/marmaypag/spatialAMY_LIBD4125/spatialAmygdala/processed-data/Visium/16_LDSC/gsMap_cond_functional'}
[2026-08-10 19:40:48,099] INFO | gsMap.cauchy_combination_test - ------Loading LDSC results for sample Br6471...
[2026-08-10 19:40:48,234] INFO | gsMap.cauchy_combination_test - ------Loading ST data for sample Br6471...
[2026-08-10 19:40:50,435] INFO | gsMap.cauchy_combination_test - ------Loading LDSC results for sample Br6660...
[2026-08-10 19:40:50,576] INFO | gsMap.cauchy_combination_test - ------Loading ST data for sample Br6660...
[2026-08-10 19:41:02,368] INFO | gsMap.cauchy_combination_test - ------Loading LDSC results for sample Br6423...
[2026-08-10 19:41:02,714] INFO | gsMap.cauchy_combination_test - ------Loading ST data for sample Br6423...
[2026-08-10 19:41:13,373] INFO | gsMap.cauchy_combination_test - ------Loading LDSC results for sample Br2743...
[2026-08-10 19:41:13,485] INFO | gsMap.cauchy_combination_test - ------Loading ST data for sample Br2743...
[2026-08-10 19:41:17,976] INFO | gsMap.cauchy_combination_test - ------Loading LDSC results for sample Br8325...
[2026-08-10 19:41:18,110] INFO | gsMap.cauchy_combination_test - ------Loading ST data for sample Br8325...
[2026-08-10 19:41:21,433] INFO | gsMap.cauchy_combination_test - ------Loading LDSC results for sample Br9192...
[2026-08-10 19:41:23,048] INFO | gsMap.cauchy_combination_test - ------Loading ST data for sample Br9192...
[2026-08-10 19:42:35,126] INFO | gsMap.cauchy_combination_test - ------Loading LDSC results for sample Br9280...
[2026-08-10 19:42:35,833] INFO | gsMap.cauchy_combination_test - ------Loading ST data for sample Br9280...
[2026-08-10 19:43:29,677] INFO | gsMap.cauchy_combination_test - Removed 10/12183 outliers (median + 3IQR) for CoA.
[2026-08-10 19:43:30,409] INFO | gsMap.cauchy_combination_test - Removed 3/10363 outliers (median + 3IQR) for BM.
[2026-08-10 19:43:30,482] INFO | gsMap.cauchy_combination_test - Removed 138/49673 outliers (median + 3IQR) for BL.
[2026-08-10 19:43:30,955] INFO | gsMap.cauchy_combination_test - Removed 12/40228 outliers (median + 3IQR) for LA.
[2026-08-10 19:43:31,060] INFO | gsMap.cauchy_combination_test - Removed 21/11331 outliers (median + 3IQR) for BLD.
[2026-08-10 19:43:31,176] INFO | gsMap.cauchy_combination_test - Removed 52/11678 outliers (median + 3IQR) for CeA.
[2026-08-10 19:43:31,379] INFO | gsMap.cauchy_combination_test - Removed 1/1573 outliers (median + 3IQR) for AI.
[2026-08-10 19:43:31,411] INFO | gsMap.cauchy_combination_test - Removed 25/3075 outliers (median + 3IQR) for CHAT.
[2026-08-10 19:43:31,446] INFO | gsMap.cauchy_combination_test - Removed 6/13913 outliers (median + 3IQR) for MeA.
[2026-08-10 19:43:31,491] INFO | gsMap.cauchy_combination_test - Removed 3/4774 outliers (median + 3IQR) for HPC.
[2026-08-10 19:43:31,591] INFO | gsMap.cauchy_combination_test - Removed 15/10638 outliers (median + 3IQR) for PL.
[2026-08-10 19:43:31,637] INFO | gsMap.cauchy_combination_test - Removed 8/4834 outliers (median + 3IQR) for CLA.
[2026-08-10 19:43:36,105] INFO | gsMap.cauchy_combination_test - Cauchy combination results saved at /dcs04/lieber/marmaypag/spatialAMY_LIBD4125/spatialAmygdala/processed-data/Visium/16_LDSC/gsMap_cond_functional/cauchy_across_samples/GSCAN_CigDay_cauchy.csv.gz.
[2026-08-10 19:43:36,561] INFO | gsMap - Finished running run_cauchy_combination at: 2026-08-10 19:43:36.
[2026-08-10 19:43:37,293] INFO | gsMap - Resource usage summary:
[2026-08-10 19:43:37,293] INFO | gsMap -   • Wall clock time: 2.95 minutes
[2026-08-10 19:43:37,294] INFO | gsMap -   • CPU time: 22.87 seconds
[2026-08-10 19:43:37,294] INFO | gsMap -   • Average CPU utilization: 13.7%
[2026-08-10 19:43:37,294] INFO | gsMap -   • Peak memory usage: 8.11 GB
gsmap rc=0 (non-fatal; success judged by output file)
OK GSCAN_CigDay -> /dcs04/lieber/marmaypag/spatialAMY_LIBD4125/spatialAmygdala/processed-data/Visium/16_LDSC/gsMap_cond_functional/cauchy_across_samples/GSCAN_CigDay_cauchy.csv.gz
-rw-rw----+ 1 mtotty hickslab 442 Aug 10 19:43 /dcs04/lieber/marmaypag/spatialAMY_LIBD4125/spatialAmygdala/processed-data/Visium/16_LDSC/gsMap_cond_functional/cauchy_across_samples/GSCAN_CigDay_cauchy.csv.gz
**** cauchy end ****
Mon Aug 10 07:44:12 PM EDT 2026
