**** cauchy start ****
Mon Aug 10 07:47:45 PM EDT 2026
ARM=functional TRAIT=OUD_MVP1 host=compute-154.cm.cluster job=34800554
                                   ___  ___            
                                   |  \/  |            
                          __ _ ___ | .  . | __ _ _ __  
                         / _` / __|| |\/| |/ _` | '_ \ 
                        | (_| \__ \| |  | | (_| | |_) |
                         \__, |___/\_|  |_/\__,_| .__/ 
                          __/ |                 | |    
                         |___/                  |_|
                                Version: 1.73.7                                 
================================================================================
[2026-08-10 19:47:46,025] INFO | gsMap - Running run_cauchy_combination...
[2026-08-10 19:47:46,025] INFO | gsMap - Started at: 2026-08-10 19:47:46
Using the following arguments for CauchyCombinationConfig:
{   'annotation': 'BS_k16_Semisupervised_wAI',
    'output_file': '/dcs04/lieber/marmaypag/spatialAMY_LIBD4125/spatialAmygdala/processed-data/Visium/16_LDSC/gsMap_cond_functional/cauchy_across_samples/OUD_MVP1_cauchy.csv.gz',
    'sample_name': None,
    'sample_name_list': [   'Br6471',
                            'Br6660',
                            'Br6423',
                            'Br2743',
                            'Br8325',
                            'Br9192',
                            'Br9280'],
    'trait_name': 'OUD_MVP1',
    'workdir': '/dcs04/lieber/marmaypag/spatialAMY_LIBD4125/spatialAmygdala/processed-data/Visium/16_LDSC/gsMap_cond_functional'}
[2026-08-10 19:47:48,412] INFO | gsMap.cauchy_combination_test - ------Loading LDSC results for sample Br6471...
[2026-08-10 19:47:48,504] INFO | gsMap.cauchy_combination_test - ------Loading ST data for sample Br6471...
[2026-08-10 19:47:49,299] INFO | gsMap.cauchy_combination_test - ------Loading LDSC results for sample Br6660...
[2026-08-10 19:47:49,389] INFO | gsMap.cauchy_combination_test - ------Loading ST data for sample Br6660...
[2026-08-10 19:47:50,337] INFO | gsMap.cauchy_combination_test - ------Loading LDSC results for sample Br6423...
[2026-08-10 19:47:50,443] INFO | gsMap.cauchy_combination_test - ------Loading ST data for sample Br6423...
[2026-08-10 19:47:51,369] INFO | gsMap.cauchy_combination_test - ------Loading LDSC results for sample Br2743...
[2026-08-10 19:47:51,469] INFO | gsMap.cauchy_combination_test - ------Loading ST data for sample Br2743...
[2026-08-10 19:47:52,020] INFO | gsMap.cauchy_combination_test - ------Loading LDSC results for sample Br8325...
[2026-08-10 19:47:52,110] INFO | gsMap.cauchy_combination_test - ------Loading ST data for sample Br8325...
[2026-08-10 19:47:52,820] INFO | gsMap.cauchy_combination_test - ------Loading LDSC results for sample Br9192...
[2026-08-10 19:47:52,919] INFO | gsMap.cauchy_combination_test - ------Loading ST data for sample Br9192...
[2026-08-10 19:47:53,442] INFO | gsMap.cauchy_combination_test - ------Loading LDSC results for sample Br9280...
[2026-08-10 19:47:53,543] INFO | gsMap.cauchy_combination_test - ------Loading ST data for sample Br9280...
[2026-08-10 19:47:53,945] INFO | gsMap.cauchy_combination_test - Removed 50/12183 outliers (median + 3IQR) for CoA.
[2026-08-10 19:47:53,966] INFO | gsMap.cauchy_combination_test - Removed 42/10363 outliers (median + 3IQR) for BM.
[2026-08-10 19:47:53,994] INFO | gsMap.cauchy_combination_test - Removed 414/49673 outliers (median + 3IQR) for BL.
[2026-08-10 19:47:54,086] INFO | gsMap.cauchy_combination_test - Removed 194/40228 outliers (median + 3IQR) for LA.
[2026-08-10 19:47:54,130] INFO | gsMap.cauchy_combination_test - Removed 94/11331 outliers (median + 3IQR) for BLD.
[2026-08-10 19:47:54,151] INFO | gsMap.cauchy_combination_test - Removed 53/11678 outliers (median + 3IQR) for CeA.
[2026-08-10 19:47:54,210] INFO | gsMap.cauchy_combination_test - Removed 5/1573 outliers (median + 3IQR) for AI.
[2026-08-10 19:47:54,235] INFO | gsMap.cauchy_combination_test - Removed 102/13913 outliers (median + 3IQR) for MeA.
[2026-08-10 19:47:54,256] INFO | gsMap.cauchy_combination_test - Removed 16/4774 outliers (median + 3IQR) for HPC.
[2026-08-10 19:47:54,272] INFO | gsMap.cauchy_combination_test - Removed 28/10638 outliers (median + 3IQR) for PL.
[2026-08-10 19:47:54,291] INFO | gsMap.cauchy_combination_test - Removed 17/4834 outliers (median + 3IQR) for CLA.
[2026-08-10 19:47:54,300] INFO | gsMap.cauchy_combination_test - Cauchy combination results saved at /dcs04/lieber/marmaypag/spatialAMY_LIBD4125/spatialAmygdala/processed-data/Visium/16_LDSC/gsMap_cond_functional/cauchy_across_samples/OUD_MVP1_cauchy.csv.gz.
[2026-08-10 19:47:54,308] INFO | gsMap - Finished running run_cauchy_combination at: 2026-08-10 19:47:54.
[2026-08-10 19:47:54,544] INFO | gsMap - Resource usage summary:
[2026-08-10 19:47:54,544] INFO | gsMap -   • Wall clock time: 8.52 seconds
[2026-08-10 19:47:54,544] INFO | gsMap -   • CPU time: 7.22 seconds
[2026-08-10 19:47:54,544] INFO | gsMap -   • Average CPU utilization: 86.7%
[2026-08-10 19:47:54,544] INFO | gsMap -   • Peak memory usage: 9.71 GB
gsmap rc=0 (non-fatal; success judged by output file)
OK OUD_MVP1 -> /dcs04/lieber/marmaypag/spatialAMY_LIBD4125/spatialAmygdala/processed-data/Visium/16_LDSC/gsMap_cond_functional/cauchy_across_samples/OUD_MVP1_cauchy.csv.gz
-rw-rw----+ 1 mtotty hickslab 433 Aug 10 19:47 /dcs04/lieber/marmaypag/spatialAMY_LIBD4125/spatialAmygdala/processed-data/Visium/16_LDSC/gsMap_cond_functional/cauchy_across_samples/OUD_MVP1_cauchy.csv.gz
**** cauchy end ****
Mon Aug 10 07:47:54 PM EDT 2026
