**** cauchy start ****
Mon Aug 10 07:40:40 PM EDT 2026
ARM=functional TRAIT=T2D host=compute-149.cm.cluster job=34800385
                                   ___  ___            
                                   |  \/  |            
                          __ _ ___ | .  . | __ _ _ __  
                         / _` / __|| |\/| |/ _` | '_ \ 
                        | (_| \__ \| |  | | (_| | |_) |
                         \__, |___/\_|  |_/\__,_| .__/ 
                          __/ |                 | |    
                         |___/                  |_|
                                Version: 1.73.7                                 
================================================================================
[2026-08-10 19:40:40,361] INFO | gsMap - Running run_cauchy_combination...
[2026-08-10 19:40:40,361] INFO | gsMap - Started at: 2026-08-10 19:40:40
Using the following arguments for CauchyCombinationConfig:
{   'annotation': 'BS_k16_Semisupervised_wAI',
    'output_file': '/dcs04/lieber/marmaypag/spatialAMY_LIBD4125/spatialAmygdala/processed-data/Visium/16_LDSC/gsMap_cond_functional/cauchy_across_samples/T2D_cauchy.csv.gz',
    'sample_name': None,
    'sample_name_list': [   'Br6471',
                            'Br6660',
                            'Br6423',
                            'Br2743',
                            'Br8325',
                            'Br9192',
                            'Br9280'],
    'trait_name': 'T2D',
    'workdir': '/dcs04/lieber/marmaypag/spatialAMY_LIBD4125/spatialAmygdala/processed-data/Visium/16_LDSC/gsMap_cond_functional'}
[2026-08-10 19:40:44,712] INFO | gsMap.cauchy_combination_test - ------Loading LDSC results for sample Br6471...
[2026-08-10 19:40:44,876] INFO | gsMap.cauchy_combination_test - ------Loading ST data for sample Br6471...
[2026-08-10 19:40:50,318] INFO | gsMap.cauchy_combination_test - ------Loading LDSC results for sample Br6660...
[2026-08-10 19:40:50,487] INFO | gsMap.cauchy_combination_test - ------Loading ST data for sample Br6660...
[2026-08-10 19:41:02,468] INFO | gsMap.cauchy_combination_test - ------Loading LDSC results for sample Br6423...
[2026-08-10 19:41:02,778] INFO | gsMap.cauchy_combination_test - ------Loading ST data for sample Br6423...
[2026-08-10 19:41:10,730] INFO | gsMap.cauchy_combination_test - ------Loading LDSC results for sample Br2743...
[2026-08-10 19:41:10,884] INFO | gsMap.cauchy_combination_test - ------Loading ST data for sample Br2743...
[2026-08-10 19:41:15,053] INFO | gsMap.cauchy_combination_test - ------Loading LDSC results for sample Br8325...
[2026-08-10 19:41:15,182] INFO | gsMap.cauchy_combination_test - ------Loading ST data for sample Br8325...
[2026-08-10 19:41:24,801] INFO | gsMap.cauchy_combination_test - ------Loading LDSC results for sample Br9192...
[2026-08-10 19:41:24,988] INFO | gsMap.cauchy_combination_test - ------Loading ST data for sample Br9192...
[2026-08-10 19:41:32,288] INFO | gsMap.cauchy_combination_test - ------Loading LDSC results for sample Br9280...
[2026-08-10 19:41:32,439] INFO | gsMap.cauchy_combination_test - ------Loading ST data for sample Br9280...
[2026-08-10 19:41:36,975] INFO | gsMap.cauchy_combination_test - Removed 106/12183 outliers (median + 3IQR) for CoA.
[2026-08-10 19:41:37,219] INFO | gsMap.cauchy_combination_test - Removed 352/40228 outliers (median + 3IQR) for LA.
[2026-08-10 19:41:37,305] INFO | gsMap.cauchy_combination_test - Removed 67/11331 outliers (median + 3IQR) for BLD.
[2026-08-10 19:41:37,440] INFO | gsMap.cauchy_combination_test - Removed 6/1573 outliers (median + 3IQR) for AI.
[2026-08-10 19:41:37,480] INFO | gsMap.cauchy_combination_test - Removed 130/13913 outliers (median + 3IQR) for MeA.
[2026-08-10 19:41:37,516] INFO | gsMap.cauchy_combination_test - Removed 31/4774 outliers (median + 3IQR) for HPC.
[2026-08-10 19:41:37,542] INFO | gsMap.cauchy_combination_test - Removed 55/10638 outliers (median + 3IQR) for PL.
[2026-08-10 19:41:37,572] INFO | gsMap.cauchy_combination_test - Removed 28/4834 outliers (median + 3IQR) for CLA.
[2026-08-10 19:41:37,649] INFO | gsMap.cauchy_combination_test - Cauchy combination results saved at /dcs04/lieber/marmaypag/spatialAMY_LIBD4125/spatialAmygdala/processed-data/Visium/16_LDSC/gsMap_cond_functional/cauchy_across_samples/T2D_cauchy.csv.gz.
[2026-08-10 19:41:37,669] INFO | gsMap - Finished running run_cauchy_combination at: 2026-08-10 19:41:37.
[2026-08-10 19:41:38,132] INFO | gsMap - Resource usage summary:
[2026-08-10 19:41:38,132] INFO | gsMap -   • Wall clock time: 57.78 seconds
[2026-08-10 19:41:38,132] INFO | gsMap -   • CPU time: 24.28 seconds
[2026-08-10 19:41:38,132] INFO | gsMap -   • Average CPU utilization: 42.6%
[2026-08-10 19:41:38,132] INFO | gsMap -   • Peak memory usage: 8.09 GB
gsmap rc=0 (non-fatal; success judged by output file)
OK T2D -> /dcs04/lieber/marmaypag/spatialAMY_LIBD4125/spatialAmygdala/processed-data/Visium/16_LDSC/gsMap_cond_functional/cauchy_across_samples/T2D_cauchy.csv.gz
-rw-rw----+ 1 mtotty hickslab 426 Aug 10 19:41 /dcs04/lieber/marmaypag/spatialAMY_LIBD4125/spatialAmygdala/processed-data/Visium/16_LDSC/gsMap_cond_functional/cauchy_across_samples/T2D_cauchy.csv.gz
**** cauchy end ****
Mon Aug 10 07:41:42 PM EDT 2026
