**** cauchy start ****
Mon Aug 10 07:47:16 PM EDT 2026
ARM=functional TRAIT=Intelligence host=compute-154.cm.cluster job=34800550
                                   ___  ___            
                                   |  \/  |            
                          __ _ ___ | .  . | __ _ _ __  
                         / _` / __|| |\/| |/ _` | '_ \ 
                        | (_| \__ \| |  | | (_| | |_) |
                         \__, |___/\_|  |_/\__,_| .__/ 
                          __/ |                 | |    
                         |___/                  |_|
                                Version: 1.73.7                                 
================================================================================
[2026-08-10 19:47:16,256] INFO | gsMap - Running run_cauchy_combination...
[2026-08-10 19:47:16,256] INFO | gsMap - Started at: 2026-08-10 19:47:16
Using the following arguments for CauchyCombinationConfig:
{   'annotation': 'BS_k16_Semisupervised_wAI',
    'output_file': '/dcs04/lieber/marmaypag/spatialAMY_LIBD4125/spatialAmygdala/processed-data/Visium/16_LDSC/gsMap_cond_functional/cauchy_across_samples/Intelligence_cauchy.csv.gz',
    'sample_name': None,
    'sample_name_list': [   'Br6471',
                            'Br6660',
                            'Br6423',
                            'Br2743',
                            'Br8325',
                            'Br9192',
                            'Br9280'],
    'trait_name': 'Intelligence',
    'workdir': '/dcs04/lieber/marmaypag/spatialAMY_LIBD4125/spatialAmygdala/processed-data/Visium/16_LDSC/gsMap_cond_functional'}
[2026-08-10 19:47:18,248] INFO | gsMap.cauchy_combination_test - ------Loading LDSC results for sample Br6471...
[2026-08-10 19:47:18,367] INFO | gsMap.cauchy_combination_test - ------Loading ST data for sample Br6471...
[2026-08-10 19:47:19,148] INFO | gsMap.cauchy_combination_test - ------Loading LDSC results for sample Br6660...
[2026-08-10 19:47:19,237] INFO | gsMap.cauchy_combination_test - ------Loading ST data for sample Br6660...
[2026-08-10 19:47:20,261] INFO | gsMap.cauchy_combination_test - ------Loading LDSC results for sample Br6423...
[2026-08-10 19:47:20,347] INFO | gsMap.cauchy_combination_test - ------Loading ST data for sample Br6423...
[2026-08-10 19:47:21,258] INFO | gsMap.cauchy_combination_test - ------Loading LDSC results for sample Br2743...
[2026-08-10 19:47:21,346] INFO | gsMap.cauchy_combination_test - ------Loading ST data for sample Br2743...
[2026-08-10 19:47:21,990] INFO | gsMap.cauchy_combination_test - ------Loading LDSC results for sample Br8325...
[2026-08-10 19:47:22,068] INFO | gsMap.cauchy_combination_test - ------Loading ST data for sample Br8325...
[2026-08-10 19:47:22,782] INFO | gsMap.cauchy_combination_test - ------Loading LDSC results for sample Br9192...
[2026-08-10 19:47:22,907] INFO | gsMap.cauchy_combination_test - ------Loading ST data for sample Br9192...
[2026-08-10 19:47:23,472] INFO | gsMap.cauchy_combination_test - ------Loading LDSC results for sample Br9280...
[2026-08-10 19:47:23,632] INFO | gsMap.cauchy_combination_test - ------Loading ST data for sample Br9280...
[2026-08-10 19:47:24,087] INFO | gsMap.cauchy_combination_test - Removed 2/10363 outliers (median + 3IQR) for BM.
[2026-08-10 19:47:24,117] INFO | gsMap.cauchy_combination_test - Removed 67/49673 outliers (median + 3IQR) for BL.
[2026-08-10 19:47:24,261] INFO | gsMap.cauchy_combination_test - Removed 2/11331 outliers (median + 3IQR) for BLD.
[2026-08-10 19:47:24,365] INFO | gsMap.cauchy_combination_test - Removed 5/13913 outliers (median + 3IQR) for MeA.
[2026-08-10 19:47:25,023] INFO | gsMap.cauchy_combination_test - Cauchy combination results saved at /dcs04/lieber/marmaypag/spatialAMY_LIBD4125/spatialAmygdala/processed-data/Visium/16_LDSC/gsMap_cond_functional/cauchy_across_samples/Intelligence_cauchy.csv.gz.
[2026-08-10 19:47:25,032] INFO | gsMap - Finished running run_cauchy_combination at: 2026-08-10 19:47:25.
[2026-08-10 19:47:25,281] INFO | gsMap - Resource usage summary:
[2026-08-10 19:47:25,281] INFO | gsMap -   • Wall clock time: 9.03 seconds
[2026-08-10 19:47:25,281] INFO | gsMap -   • CPU time: 7.32 seconds
[2026-08-10 19:47:25,281] INFO | gsMap -   • Average CPU utilization: 85.7%
[2026-08-10 19:47:25,281] INFO | gsMap -   • Peak memory usage: 9.71 GB
gsmap rc=0 (non-fatal; success judged by output file)
OK Intelligence -> /dcs04/lieber/marmaypag/spatialAMY_LIBD4125/spatialAmygdala/processed-data/Visium/16_LDSC/gsMap_cond_functional/cauchy_across_samples/Intelligence_cauchy.csv.gz
-rw-rw----+ 1 mtotty hickslab 465 Aug 10 19:47 /dcs04/lieber/marmaypag/spatialAMY_LIBD4125/spatialAmygdala/processed-data/Visium/16_LDSC/gsMap_cond_functional/cauchy_across_samples/Intelligence_cauchy.csv.gz
**** cauchy end ****
Mon Aug 10 07:47:25 PM EDT 2026
