**** cauchy start ****
Mon Aug 10 07:48:16 PM EDT 2026
ARM=functional TRAIT=OUD_MVP2 host=compute-154.cm.cluster job=34800555
                                   ___  ___            
                                   |  \/  |            
                          __ _ ___ | .  . | __ _ _ __  
                         / _` / __|| |\/| |/ _` | '_ \ 
                        | (_| \__ \| |  | | (_| | |_) |
                         \__, |___/\_|  |_/\__,_| .__/ 
                          __/ |                 | |    
                         |___/                  |_|
                                Version: 1.73.7                                 
================================================================================
[2026-08-10 19:48:16,620] INFO | gsMap - Running run_cauchy_combination...
[2026-08-10 19:48:16,620] INFO | gsMap - Started at: 2026-08-10 19:48:16
Using the following arguments for CauchyCombinationConfig:
{   'annotation': 'BS_k16_Semisupervised_wAI',
    'output_file': '/dcs04/lieber/marmaypag/spatialAMY_LIBD4125/spatialAmygdala/processed-data/Visium/16_LDSC/gsMap_cond_functional/cauchy_across_samples/OUD_MVP2_cauchy.csv.gz',
    'sample_name': None,
    'sample_name_list': [   'Br6471',
                            'Br6660',
                            'Br6423',
                            'Br2743',
                            'Br8325',
                            'Br9192',
                            'Br9280'],
    'trait_name': 'OUD_MVP2',
    'workdir': '/dcs04/lieber/marmaypag/spatialAMY_LIBD4125/spatialAmygdala/processed-data/Visium/16_LDSC/gsMap_cond_functional'}
[2026-08-10 19:48:18,706] INFO | gsMap.cauchy_combination_test - ------Loading LDSC results for sample Br6471...
[2026-08-10 19:48:18,790] INFO | gsMap.cauchy_combination_test - ------Loading ST data for sample Br6471...
[2026-08-10 19:48:19,585] INFO | gsMap.cauchy_combination_test - ------Loading LDSC results for sample Br6660...
[2026-08-10 19:48:19,679] INFO | gsMap.cauchy_combination_test - ------Loading ST data for sample Br6660...
[2026-08-10 19:48:20,622] INFO | gsMap.cauchy_combination_test - ------Loading LDSC results for sample Br6423...
[2026-08-10 19:48:20,713] INFO | gsMap.cauchy_combination_test - ------Loading ST data for sample Br6423...
[2026-08-10 19:48:21,685] INFO | gsMap.cauchy_combination_test - ------Loading LDSC results for sample Br2743...
[2026-08-10 19:48:21,773] INFO | gsMap.cauchy_combination_test - ------Loading ST data for sample Br2743...
[2026-08-10 19:48:22,370] INFO | gsMap.cauchy_combination_test - ------Loading LDSC results for sample Br8325...
[2026-08-10 19:48:22,453] INFO | gsMap.cauchy_combination_test - ------Loading ST data for sample Br8325...
[2026-08-10 19:48:23,167] INFO | gsMap.cauchy_combination_test - ------Loading LDSC results for sample Br9192...
[2026-08-10 19:48:23,258] INFO | gsMap.cauchy_combination_test - ------Loading ST data for sample Br9192...
[2026-08-10 19:48:23,800] INFO | gsMap.cauchy_combination_test - ------Loading LDSC results for sample Br9280...
[2026-08-10 19:48:23,882] INFO | gsMap.cauchy_combination_test - ------Loading ST data for sample Br9280...
[2026-08-10 19:48:24,320] INFO | gsMap.cauchy_combination_test - Removed 19/12183 outliers (median + 3IQR) for CoA.
[2026-08-10 19:48:24,343] INFO | gsMap.cauchy_combination_test - Removed 30/10363 outliers (median + 3IQR) for BM.
[2026-08-10 19:48:24,372] INFO | gsMap.cauchy_combination_test - Removed 418/49673 outliers (median + 3IQR) for BL.
[2026-08-10 19:48:24,467] INFO | gsMap.cauchy_combination_test - Removed 292/40228 outliers (median + 3IQR) for LA.
[2026-08-10 19:48:24,512] INFO | gsMap.cauchy_combination_test - Removed 20/11331 outliers (median + 3IQR) for BLD.
[2026-08-10 19:48:24,588] INFO | gsMap.cauchy_combination_test - Removed 1/1573 outliers (median + 3IQR) for AI.
[2026-08-10 19:48:24,598] INFO | gsMap.cauchy_combination_test - Removed 26/3075 outliers (median + 3IQR) for CHAT.
[2026-08-10 19:48:24,611] INFO | gsMap.cauchy_combination_test - Removed 17/13913 outliers (median + 3IQR) for MeA.
[2026-08-10 19:48:24,631] INFO | gsMap.cauchy_combination_test - Removed 8/4774 outliers (median + 3IQR) for HPC.
[2026-08-10 19:48:24,646] INFO | gsMap.cauchy_combination_test - Removed 9/10638 outliers (median + 3IQR) for PL.
[2026-08-10 19:48:24,664] INFO | gsMap.cauchy_combination_test - Removed 13/4834 outliers (median + 3IQR) for CLA.
[2026-08-10 19:48:24,672] INFO | gsMap.cauchy_combination_test - Cauchy combination results saved at /dcs04/lieber/marmaypag/spatialAMY_LIBD4125/spatialAmygdala/processed-data/Visium/16_LDSC/gsMap_cond_functional/cauchy_across_samples/OUD_MVP2_cauchy.csv.gz.
[2026-08-10 19:48:24,681] INFO | gsMap - Finished running run_cauchy_combination at: 2026-08-10 19:48:24.
[2026-08-10 19:48:25,163] INFO | gsMap - Resource usage summary:
[2026-08-10 19:48:25,163] INFO | gsMap -   • Wall clock time: 8.55 seconds
[2026-08-10 19:48:25,163] INFO | gsMap -   • CPU time: 7.12 seconds
[2026-08-10 19:48:25,163] INFO | gsMap -   • Average CPU utilization: 88.2%
[2026-08-10 19:48:25,163] INFO | gsMap -   • Peak memory usage: 9.71 GB
gsmap rc=0 (non-fatal; success judged by output file)
OK OUD_MVP2 -> /dcs04/lieber/marmaypag/spatialAMY_LIBD4125/spatialAmygdala/processed-data/Visium/16_LDSC/gsMap_cond_functional/cauchy_across_samples/OUD_MVP2_cauchy.csv.gz
-rw-rw----+ 1 mtotty hickslab 437 Aug 10 19:48 /dcs04/lieber/marmaypag/spatialAMY_LIBD4125/spatialAmygdala/processed-data/Visium/16_LDSC/gsMap_cond_functional/cauchy_across_samples/OUD_MVP2_cauchy.csv.gz
**** cauchy end ****
Mon Aug 10 07:48:25 PM EDT 2026
