**** cauchy start ****
Mon Aug 10 09:03:30 PM EDT 2026
ARM=neuronal TRAIT=GSCAN_SmkInit host=compute-166.cm.cluster job=34801704
                                   ___  ___            
                                   |  \/  |            
                          __ _ ___ | .  . | __ _ _ __  
                         / _` / __|| |\/| |/ _` | '_ \ 
                        | (_| \__ \| |  | | (_| | |_) |
                         \__, |___/\_|  |_/\__,_| .__/ 
                          __/ |                 | |    
                         |___/                  |_|
                                Version: 1.73.7                                 
================================================================================
[2026-08-10 21:03:30,984] INFO | gsMap - Running run_cauchy_combination...
[2026-08-10 21:03:30,984] INFO | gsMap - Started at: 2026-08-10 21:03:30
Using the following arguments for CauchyCombinationConfig:
{   'annotation': 'BS_k16_Semisupervised_wAI',
    'output_file': '/dcs04/lieber/marmaypag/spatialAMY_LIBD4125/spatialAmygdala/processed-data/Visium/16_LDSC/gsMap_cond_neuronal/cauchy_across_samples/GSCAN_SmkInit_cauchy.csv.gz',
    'sample_name': None,
    'sample_name_list': [   'Br6471',
                            'Br6660',
                            'Br6423',
                            'Br2743',
                            'Br8325',
                            'Br9192',
                            'Br9280'],
    'trait_name': 'GSCAN_SmkInit',
    'workdir': '/dcs04/lieber/marmaypag/spatialAMY_LIBD4125/spatialAmygdala/processed-data/Visium/16_LDSC/gsMap_cond_neuronal'}
[2026-08-10 21:03:33,610] INFO | gsMap.cauchy_combination_test - ------Loading LDSC results for sample Br6471...
[2026-08-10 21:03:33,720] INFO | gsMap.cauchy_combination_test - ------Loading ST data for sample Br6471...
[2026-08-10 21:03:51,008] INFO | gsMap.cauchy_combination_test - ------Loading LDSC results for sample Br6660...
[2026-08-10 21:03:51,388] INFO | gsMap.cauchy_combination_test - ------Loading ST data for sample Br6660...
[2026-08-10 21:04:20,132] INFO | gsMap.cauchy_combination_test - ------Loading LDSC results for sample Br6423...
[2026-08-10 21:04:20,219] INFO | gsMap.cauchy_combination_test - ------Loading ST data for sample Br6423...
[2026-08-10 21:04:36,711] INFO | gsMap.cauchy_combination_test - ------Loading LDSC results for sample Br2743...
[2026-08-10 21:04:36,805] INFO | gsMap.cauchy_combination_test - ------Loading ST data for sample Br2743...
[2026-08-10 21:04:46,110] INFO | gsMap.cauchy_combination_test - ------Loading LDSC results for sample Br8325...
[2026-08-10 21:04:46,221] INFO | gsMap.cauchy_combination_test - ------Loading ST data for sample Br8325...
[2026-08-10 21:04:57,823] INFO | gsMap.cauchy_combination_test - ------Loading LDSC results for sample Br9192...
[2026-08-10 21:04:57,908] INFO | gsMap.cauchy_combination_test - ------Loading ST data for sample Br9192...
[2026-08-10 21:05:00,028] INFO | gsMap.cauchy_combination_test - ------Loading LDSC results for sample Br9280...
[2026-08-10 21:05:00,102] INFO | gsMap.cauchy_combination_test - ------Loading ST data for sample Br9280...
[2026-08-10 21:05:02,898] INFO | gsMap.cauchy_combination_test - Removed 8/12183 outliers (median + 3IQR) for CoA.
[2026-08-10 21:05:02,917] INFO | gsMap.cauchy_combination_test - Removed 2/10363 outliers (median + 3IQR) for BM.
[2026-08-10 21:05:02,940] INFO | gsMap.cauchy_combination_test - Removed 129/49673 outliers (median + 3IQR) for BL.
[2026-08-10 21:05:03,023] INFO | gsMap.cauchy_combination_test - Removed 1/40228 outliers (median + 3IQR) for LA.
[2026-08-10 21:05:03,081] INFO | gsMap.cauchy_combination_test - Removed 44/11678 outliers (median + 3IQR) for CeA.
[2026-08-10 21:05:03,142] INFO | gsMap.cauchy_combination_test - Removed 2/3075 outliers (median + 3IQR) for CHAT.
[2026-08-10 21:05:03,172] INFO | gsMap.cauchy_combination_test - Removed 6/4774 outliers (median + 3IQR) for HPC.
[2026-08-10 21:05:03,186] INFO | gsMap.cauchy_combination_test - Removed 2/10638 outliers (median + 3IQR) for PL.
[2026-08-10 21:05:03,287] INFO | gsMap.cauchy_combination_test - Cauchy combination results saved at /dcs04/lieber/marmaypag/spatialAMY_LIBD4125/spatialAmygdala/processed-data/Visium/16_LDSC/gsMap_cond_neuronal/cauchy_across_samples/GSCAN_SmkInit_cauchy.csv.gz.
[2026-08-10 21:05:03,296] INFO | gsMap - Finished running run_cauchy_combination at: 2026-08-10 21:05:03.
[2026-08-10 21:05:03,703] INFO | gsMap - Resource usage summary:
[2026-08-10 21:05:03,703] INFO | gsMap -   • Wall clock time: 1.55 minutes
[2026-08-10 21:05:03,703] INFO | gsMap -   • CPU time: 10.45 seconds
[2026-08-10 21:05:03,703] INFO | gsMap -   • Average CPU utilization: 12.9%
[2026-08-10 21:05:03,703] INFO | gsMap -   • Peak memory usage: 9.71 GB
gsmap rc=0 (non-fatal; success judged by output file)
OK GSCAN_SmkInit -> /dcs04/lieber/marmaypag/spatialAMY_LIBD4125/spatialAmygdala/processed-data/Visium/16_LDSC/gsMap_cond_neuronal/cauchy_across_samples/GSCAN_SmkInit_cauchy.csv.gz
-rw-rw----+ 1 mtotty hickslab 450 Aug 10 21:05 /dcs04/lieber/marmaypag/spatialAMY_LIBD4125/spatialAmygdala/processed-data/Visium/16_LDSC/gsMap_cond_neuronal/cauchy_across_samples/GSCAN_SmkInit_cauchy.csv.gz
**** cauchy end ****
Mon Aug 10 09:05:04 PM EDT 2026
