**** cauchy start ****
Mon Aug 10 07:46:45 PM EDT 2026
ARM=functional TRAIT=GSCAN_SmkInit host=compute-154.cm.cluster job=34800548
                                   ___  ___            
                                   |  \/  |            
                          __ _ ___ | .  . | __ _ _ __  
                         / _` / __|| |\/| |/ _` | '_ \ 
                        | (_| \__ \| |  | | (_| | |_) |
                         \__, |___/\_|  |_/\__,_| .__/ 
                          __/ |                 | |    
                         |___/                  |_|
                                Version: 1.73.7                                 
================================================================================
[2026-08-10 19:46:45,305] INFO | gsMap - Running run_cauchy_combination...
[2026-08-10 19:46:45,305] INFO | gsMap - Started at: 2026-08-10 19:46:45
Using the following arguments for CauchyCombinationConfig:
{   'annotation': 'BS_k16_Semisupervised_wAI',
    'output_file': '/dcs04/lieber/marmaypag/spatialAMY_LIBD4125/spatialAmygdala/processed-data/Visium/16_LDSC/gsMap_cond_functional/cauchy_across_samples/GSCAN_SmkInit_cauchy.csv.gz',
    'sample_name': None,
    'sample_name_list': [   'Br6471',
                            'Br6660',
                            'Br6423',
                            'Br2743',
                            'Br8325',
                            'Br9192',
                            'Br9280'],
    'trait_name': 'GSCAN_SmkInit',
    'workdir': '/dcs04/lieber/marmaypag/spatialAMY_LIBD4125/spatialAmygdala/processed-data/Visium/16_LDSC/gsMap_cond_functional'}
[2026-08-10 19:46:47,429] INFO | gsMap.cauchy_combination_test - ------Loading LDSC results for sample Br6471...
[2026-08-10 19:46:47,534] INFO | gsMap.cauchy_combination_test - ------Loading ST data for sample Br6471...
[2026-08-10 19:46:48,309] INFO | gsMap.cauchy_combination_test - ------Loading LDSC results for sample Br6660...
[2026-08-10 19:46:48,408] INFO | gsMap.cauchy_combination_test - ------Loading ST data for sample Br6660...
[2026-08-10 19:46:49,461] INFO | gsMap.cauchy_combination_test - ------Loading LDSC results for sample Br6423...
[2026-08-10 19:46:49,562] INFO | gsMap.cauchy_combination_test - ------Loading ST data for sample Br6423...
[2026-08-10 19:46:50,589] INFO | gsMap.cauchy_combination_test - ------Loading LDSC results for sample Br2743...
[2026-08-10 19:46:50,671] INFO | gsMap.cauchy_combination_test - ------Loading ST data for sample Br2743...
[2026-08-10 19:46:51,235] INFO | gsMap.cauchy_combination_test - ------Loading LDSC results for sample Br8325...
[2026-08-10 19:46:51,325] INFO | gsMap.cauchy_combination_test - ------Loading ST data for sample Br8325...
[2026-08-10 19:46:52,032] INFO | gsMap.cauchy_combination_test - ------Loading LDSC results for sample Br9192...
[2026-08-10 19:46:52,110] INFO | gsMap.cauchy_combination_test - ------Loading ST data for sample Br9192...
[2026-08-10 19:46:52,628] INFO | gsMap.cauchy_combination_test - ------Loading LDSC results for sample Br9280...
[2026-08-10 19:46:52,706] INFO | gsMap.cauchy_combination_test - ------Loading ST data for sample Br9280...
[2026-08-10 19:46:53,906] INFO | gsMap.cauchy_combination_test - Removed 29/49673 outliers (median + 3IQR) for BL.
[2026-08-10 19:46:54,054] INFO | gsMap.cauchy_combination_test - Removed 44/11678 outliers (median + 3IQR) for CeA.
[2026-08-10 19:46:54,123] INFO | gsMap.cauchy_combination_test - Removed 4/3075 outliers (median + 3IQR) for CHAT.
[2026-08-10 19:46:54,200] INFO | gsMap.cauchy_combination_test - Cauchy combination results saved at /dcs04/lieber/marmaypag/spatialAMY_LIBD4125/spatialAmygdala/processed-data/Visium/16_LDSC/gsMap_cond_functional/cauchy_across_samples/GSCAN_SmkInit_cauchy.csv.gz.
[2026-08-10 19:46:54,208] INFO | gsMap - Finished running run_cauchy_combination at: 2026-08-10 19:46:54.
[2026-08-10 19:46:54,440] INFO | gsMap - Resource usage summary:
[2026-08-10 19:46:54,440] INFO | gsMap -   • Wall clock time: 9.14 seconds
[2026-08-10 19:46:54,440] INFO | gsMap -   • CPU time: 7.35 seconds
[2026-08-10 19:46:54,440] INFO | gsMap -   • Average CPU utilization: 86.9%
[2026-08-10 19:46:54,440] INFO | gsMap -   • Peak memory usage: 9.71 GB
gsmap rc=0 (non-fatal; success judged by output file)
OK GSCAN_SmkInit -> /dcs04/lieber/marmaypag/spatialAMY_LIBD4125/spatialAmygdala/processed-data/Visium/16_LDSC/gsMap_cond_functional/cauchy_across_samples/GSCAN_SmkInit_cauchy.csv.gz
-rw-rw----+ 1 mtotty hickslab 449 Aug 10 19:46 /dcs04/lieber/marmaypag/spatialAMY_LIBD4125/spatialAmygdala/processed-data/Visium/16_LDSC/gsMap_cond_functional/cauchy_across_samples/GSCAN_SmkInit_cauchy.csv.gz
**** cauchy end ****
Mon Aug 10 07:46:54 PM EDT 2026
