**** cauchy start ****
Mon Aug 10 09:05:04 PM EDT 2026
ARM=neuronal TRAIT=OUD_MVP2 host=compute-092.cm.cluster job=34801706
                                   ___  ___            
                                   |  \/  |            
                          __ _ ___ | .  . | __ _ _ __  
                         / _` / __|| |\/| |/ _` | '_ \ 
                        | (_| \__ \| |  | | (_| | |_) |
                         \__, |___/\_|  |_/\__,_| .__/ 
                          __/ |                 | |    
                         |___/                  |_|
                                Version: 1.73.7                                 
================================================================================
[2026-08-10 21:05:04,931] INFO | gsMap - Running run_cauchy_combination...
[2026-08-10 21:05:04,931] INFO | gsMap - Started at: 2026-08-10 21:05:04
Using the following arguments for CauchyCombinationConfig:
{   'annotation': 'BS_k16_Semisupervised_wAI',
    'output_file': '/dcs04/lieber/marmaypag/spatialAMY_LIBD4125/spatialAmygdala/processed-data/Visium/16_LDSC/gsMap_cond_neuronal/cauchy_across_samples/OUD_MVP2_cauchy.csv.gz',
    'sample_name': None,
    'sample_name_list': [   'Br6471',
                            'Br6660',
                            'Br6423',
                            'Br2743',
                            'Br8325',
                            'Br9192',
                            'Br9280'],
    'trait_name': 'OUD_MVP2',
    'workdir': '/dcs04/lieber/marmaypag/spatialAMY_LIBD4125/spatialAmygdala/processed-data/Visium/16_LDSC/gsMap_cond_neuronal'}
[2026-08-10 21:05:08,457] INFO | gsMap.cauchy_combination_test - ------Loading LDSC results for sample Br6471...
[2026-08-10 21:05:08,621] INFO | gsMap.cauchy_combination_test - ------Loading ST data for sample Br6471...
[2026-08-10 21:05:15,661] INFO | gsMap.cauchy_combination_test - ------Loading LDSC results for sample Br6660...
[2026-08-10 21:05:15,841] INFO | gsMap.cauchy_combination_test - ------Loading ST data for sample Br6660...
[2026-08-10 21:05:24,264] INFO | gsMap.cauchy_combination_test - ------Loading LDSC results for sample Br6423...
[2026-08-10 21:05:24,501] INFO | gsMap.cauchy_combination_test - ------Loading ST data for sample Br6423...
[2026-08-10 21:05:37,941] INFO | gsMap.cauchy_combination_test - ------Loading LDSC results for sample Br2743...
[2026-08-10 21:05:38,057] INFO | gsMap.cauchy_combination_test - ------Loading ST data for sample Br2743...
[2026-08-10 21:05:47,323] INFO | gsMap.cauchy_combination_test - ------Loading LDSC results for sample Br8325...
[2026-08-10 21:05:47,432] INFO | gsMap.cauchy_combination_test - ------Loading ST data for sample Br8325...
[2026-08-10 21:05:58,525] INFO | gsMap.cauchy_combination_test - ------Loading LDSC results for sample Br9192...
[2026-08-10 21:05:58,691] INFO | gsMap.cauchy_combination_test - ------Loading ST data for sample Br9192...
[2026-08-10 21:06:01,986] INFO | gsMap.cauchy_combination_test - ------Loading LDSC results for sample Br9280...
[2026-08-10 21:06:02,085] INFO | gsMap.cauchy_combination_test - ------Loading ST data for sample Br9280...
[2026-08-10 21:06:03,273] INFO | gsMap.cauchy_combination_test - Removed 17/12183 outliers (median + 3IQR) for CoA.
[2026-08-10 21:06:03,326] INFO | gsMap.cauchy_combination_test - Removed 35/10363 outliers (median + 3IQR) for BM.
[2026-08-10 21:06:03,615] INFO | gsMap.cauchy_combination_test - Removed 313/40228 outliers (median + 3IQR) for LA.
[2026-08-10 21:06:03,730] INFO | gsMap.cauchy_combination_test - Removed 26/11331 outliers (median + 3IQR) for BLD.
[2026-08-10 21:06:03,925] INFO | gsMap.cauchy_combination_test - Removed 1/1573 outliers (median + 3IQR) for AI.
[2026-08-10 21:06:03,948] INFO | gsMap.cauchy_combination_test - Removed 24/3075 outliers (median + 3IQR) for CHAT.
[2026-08-10 21:06:03,979] INFO | gsMap.cauchy_combination_test - Removed 19/13913 outliers (median + 3IQR) for MeA.
[2026-08-10 21:06:04,030] INFO | gsMap.cauchy_combination_test - Removed 10/4774 outliers (median + 3IQR) for HPC.
[2026-08-10 21:06:04,065] INFO | gsMap.cauchy_combination_test - Removed 10/10638 outliers (median + 3IQR) for PL.
[2026-08-10 21:06:04,109] INFO | gsMap.cauchy_combination_test - Removed 10/4834 outliers (median + 3IQR) for CLA.
[2026-08-10 21:06:04,193] INFO | gsMap.cauchy_combination_test - Cauchy combination results saved at /dcs04/lieber/marmaypag/spatialAMY_LIBD4125/spatialAmygdala/processed-data/Visium/16_LDSC/gsMap_cond_neuronal/cauchy_across_samples/OUD_MVP2_cauchy.csv.gz.
[2026-08-10 21:06:04,207] INFO | gsMap - Finished running run_cauchy_combination at: 2026-08-10 21:06:04.
[2026-08-10 21:06:04,479] INFO | gsMap - Resource usage summary:
[2026-08-10 21:06:04,479] INFO | gsMap -   • Wall clock time: 59.55 seconds
[2026-08-10 21:06:04,479] INFO | gsMap -   • CPU time: 18.33 seconds
[2026-08-10 21:06:04,479] INFO | gsMap -   • Average CPU utilization: 32.6%
[2026-08-10 21:06:04,479] INFO | gsMap -   • Peak memory usage: 9.71 GB
gsmap rc=0 (non-fatal; success judged by output file)
OK OUD_MVP2 -> /dcs04/lieber/marmaypag/spatialAMY_LIBD4125/spatialAmygdala/processed-data/Visium/16_LDSC/gsMap_cond_neuronal/cauchy_across_samples/OUD_MVP2_cauchy.csv.gz
-rw-rw----+ 1 mtotty hickslab 438 Aug 10 21:06 /dcs04/lieber/marmaypag/spatialAMY_LIBD4125/spatialAmygdala/processed-data/Visium/16_LDSC/gsMap_cond_neuronal/cauchy_across_samples/OUD_MVP2_cauchy.csv.gz
**** cauchy end ****
Mon Aug 10 09:06:05 PM EDT 2026
