**** cauchy start ****
Mon Aug 10 07:43:42 PM EDT 2026
ARM=functional TRAIT=BIP_PGC3 host=compute-154.cm.cluster job=34800541
                                   ___  ___            
                                   |  \/  |            
                          __ _ ___ | .  . | __ _ _ __  
                         / _` / __|| |\/| |/ _` | '_ \ 
                        | (_| \__ \| |  | | (_| | |_) |
                         \__, |___/\_|  |_/\__,_| .__/ 
                          __/ |                 | |    
                         |___/                  |_|
                                Version: 1.73.7                                 
================================================================================
[2026-08-10 19:43:43,075] INFO | gsMap - Running run_cauchy_combination...
[2026-08-10 19:43:43,075] INFO | gsMap - Started at: 2026-08-10 19:43:43
Using the following arguments for CauchyCombinationConfig:
{   'annotation': 'BS_k16_Semisupervised_wAI',
    'output_file': '/dcs04/lieber/marmaypag/spatialAMY_LIBD4125/spatialAmygdala/processed-data/Visium/16_LDSC/gsMap_cond_functional/cauchy_across_samples/BIP_PGC3_cauchy.csv.gz',
    'sample_name': None,
    'sample_name_list': [   'Br6471',
                            'Br6660',
                            'Br6423',
                            'Br2743',
                            'Br8325',
                            'Br9192',
                            'Br9280'],
    'trait_name': 'BIP_PGC3',
    'workdir': '/dcs04/lieber/marmaypag/spatialAMY_LIBD4125/spatialAmygdala/processed-data/Visium/16_LDSC/gsMap_cond_functional'}
[2026-08-10 19:43:45,480] INFO | gsMap.cauchy_combination_test - ------Loading LDSC results for sample Br6471...
[2026-08-10 19:43:45,576] INFO | gsMap.cauchy_combination_test - ------Loading ST data for sample Br6471...
[2026-08-10 19:43:55,490] INFO | gsMap.cauchy_combination_test - ------Loading LDSC results for sample Br6660...
[2026-08-10 19:43:55,583] INFO | gsMap.cauchy_combination_test - ------Loading ST data for sample Br6660...
[2026-08-10 19:44:15,467] INFO | gsMap.cauchy_combination_test - ------Loading LDSC results for sample Br6423...
[2026-08-10 19:44:15,561] INFO | gsMap.cauchy_combination_test - ------Loading ST data for sample Br6423...
[2026-08-10 19:44:37,418] INFO | gsMap.cauchy_combination_test - ------Loading LDSC results for sample Br2743...
[2026-08-10 19:44:37,539] INFO | gsMap.cauchy_combination_test - ------Loading ST data for sample Br2743...
[2026-08-10 19:44:46,516] INFO | gsMap.cauchy_combination_test - ------Loading LDSC results for sample Br8325...
[2026-08-10 19:44:46,595] INFO | gsMap.cauchy_combination_test - ------Loading ST data for sample Br8325...
[2026-08-10 19:45:02,448] INFO | gsMap.cauchy_combination_test - ------Loading LDSC results for sample Br9192...
[2026-08-10 19:45:02,521] INFO | gsMap.cauchy_combination_test - ------Loading ST data for sample Br9192...
[2026-08-10 19:45:05,924] INFO | gsMap.cauchy_combination_test - ------Loading LDSC results for sample Br9280...
[2026-08-10 19:45:06,004] INFO | gsMap.cauchy_combination_test - ------Loading ST data for sample Br9280...
[2026-08-10 19:45:10,596] INFO | gsMap.cauchy_combination_test - Removed 33/49673 outliers (median + 3IQR) for BL.
[2026-08-10 19:45:10,763] INFO | gsMap.cauchy_combination_test - Removed 115/11678 outliers (median + 3IQR) for CeA.
[2026-08-10 19:45:10,915] INFO | gsMap.cauchy_combination_test - Cauchy combination results saved at /dcs04/lieber/marmaypag/spatialAMY_LIBD4125/spatialAmygdala/processed-data/Visium/16_LDSC/gsMap_cond_functional/cauchy_across_samples/BIP_PGC3_cauchy.csv.gz.
[2026-08-10 19:45:10,923] INFO | gsMap - Finished running run_cauchy_combination at: 2026-08-10 19:45:10.
[2026-08-10 19:45:11,148] INFO | gsMap - Resource usage summary:
[2026-08-10 19:45:11,148] INFO | gsMap -   • Wall clock time: 1.47 minutes
[2026-08-10 19:45:11,148] INFO | gsMap -   • CPU time: 9.47 seconds
[2026-08-10 19:45:11,148] INFO | gsMap -   • Average CPU utilization: 10.6%
[2026-08-10 19:45:11,148] INFO | gsMap -   • Peak memory usage: 9.71 GB
gsmap rc=0 (non-fatal; success judged by output file)
OK BIP_PGC3 -> /dcs04/lieber/marmaypag/spatialAMY_LIBD4125/spatialAmygdala/processed-data/Visium/16_LDSC/gsMap_cond_functional/cauchy_across_samples/BIP_PGC3_cauchy.csv.gz
-rw-rw----+ 1 mtotty hickslab 468 Aug 10 19:45 /dcs04/lieber/marmaypag/spatialAMY_LIBD4125/spatialAmygdala/processed-data/Visium/16_LDSC/gsMap_cond_functional/cauchy_across_samples/BIP_PGC3_cauchy.csv.gz
**** cauchy end ****
Mon Aug 10 07:45:11 PM EDT 2026
