**** cauchy start ****
Mon Aug 10 09:03:30 PM EDT 2026
ARM=neuronal TRAIT=Epilepsy_All host=compute-159.cm.cluster job=34801699
                                   ___  ___            
                                   |  \/  |            
                          __ _ ___ | .  . | __ _ _ __  
                         / _` / __|| |\/| |/ _` | '_ \ 
                        | (_| \__ \| |  | | (_| | |_) |
                         \__, |___/\_|  |_/\__,_| .__/ 
                          __/ |                 | |    
                         |___/                  |_|
                                Version: 1.73.7                                 
================================================================================
[2026-08-10 21:03:30,963] INFO | gsMap - Running run_cauchy_combination...
[2026-08-10 21:03:30,963] INFO | gsMap - Started at: 2026-08-10 21:03:30
Using the following arguments for CauchyCombinationConfig:
{   'annotation': 'BS_k16_Semisupervised_wAI',
    'output_file': '/dcs04/lieber/marmaypag/spatialAMY_LIBD4125/spatialAmygdala/processed-data/Visium/16_LDSC/gsMap_cond_neuronal/cauchy_across_samples/Epilepsy_All_cauchy.csv.gz',
    'sample_name': None,
    'sample_name_list': [   'Br6471',
                            'Br6660',
                            'Br6423',
                            'Br2743',
                            'Br8325',
                            'Br9192',
                            'Br9280'],
    'trait_name': 'Epilepsy_All',
    'workdir': '/dcs04/lieber/marmaypag/spatialAMY_LIBD4125/spatialAmygdala/processed-data/Visium/16_LDSC/gsMap_cond_neuronal'}
[2026-08-10 21:03:33,575] INFO | gsMap.cauchy_combination_test - ------Loading LDSC results for sample Br6471...
[2026-08-10 21:03:33,687] INFO | gsMap.cauchy_combination_test - ------Loading ST data for sample Br6471...
[2026-08-10 21:03:51,123] INFO | gsMap.cauchy_combination_test - ------Loading LDSC results for sample Br6660...
[2026-08-10 21:03:52,125] INFO | gsMap.cauchy_combination_test - ------Loading ST data for sample Br6660...
[2026-08-10 21:04:20,134] INFO | gsMap.cauchy_combination_test - ------Loading LDSC results for sample Br6423...
[2026-08-10 21:04:20,223] INFO | gsMap.cauchy_combination_test - ------Loading ST data for sample Br6423...
[2026-08-10 21:04:36,712] INFO | gsMap.cauchy_combination_test - ------Loading LDSC results for sample Br2743...
[2026-08-10 21:04:36,797] INFO | gsMap.cauchy_combination_test - ------Loading ST data for sample Br2743...
[2026-08-10 21:04:46,107] INFO | gsMap.cauchy_combination_test - ------Loading LDSC results for sample Br8325...
[2026-08-10 21:04:46,189] INFO | gsMap.cauchy_combination_test - ------Loading ST data for sample Br8325...
[2026-08-10 21:04:57,815] INFO | gsMap.cauchy_combination_test - ------Loading LDSC results for sample Br9192...
[2026-08-10 21:04:57,944] INFO | gsMap.cauchy_combination_test - ------Loading ST data for sample Br9192...
[2026-08-10 21:05:00,158] INFO | gsMap.cauchy_combination_test - ------Loading LDSC results for sample Br9280...
[2026-08-10 21:05:00,232] INFO | gsMap.cauchy_combination_test - ------Loading ST data for sample Br9280...
[2026-08-10 21:05:02,937] INFO | gsMap.cauchy_combination_test - Removed 63/12183 outliers (median + 3IQR) for CoA.
[2026-08-10 21:05:02,956] INFO | gsMap.cauchy_combination_test - Removed 37/10363 outliers (median + 3IQR) for BM.
[2026-08-10 21:05:03,063] INFO | gsMap.cauchy_combination_test - Removed 52/40228 outliers (median + 3IQR) for LA.
[2026-08-10 21:05:03,105] INFO | gsMap.cauchy_combination_test - Removed 14/11331 outliers (median + 3IQR) for BLD.
[2026-08-10 21:05:03,125] INFO | gsMap.cauchy_combination_test - Removed 97/11678 outliers (median + 3IQR) for CeA.
[2026-08-10 21:05:03,190] INFO | gsMap.cauchy_combination_test - Removed 26/3075 outliers (median + 3IQR) for CHAT.
[2026-08-10 21:05:03,204] INFO | gsMap.cauchy_combination_test - Removed 72/13913 outliers (median + 3IQR) for MeA.
[2026-08-10 21:05:03,224] INFO | gsMap.cauchy_combination_test - Removed 2/4774 outliers (median + 3IQR) for HPC.
[2026-08-10 21:05:03,238] INFO | gsMap.cauchy_combination_test - Removed 10/10638 outliers (median + 3IQR) for PL.
[2026-08-10 21:05:03,255] INFO | gsMap.cauchy_combination_test - Removed 23/4834 outliers (median + 3IQR) for CLA.
[2026-08-10 21:05:03,289] INFO | gsMap.cauchy_combination_test - Cauchy combination results saved at /dcs04/lieber/marmaypag/spatialAMY_LIBD4125/spatialAmygdala/processed-data/Visium/16_LDSC/gsMap_cond_neuronal/cauchy_across_samples/Epilepsy_All_cauchy.csv.gz.
[2026-08-10 21:05:03,298] INFO | gsMap - Finished running run_cauchy_combination at: 2026-08-10 21:05:03.
[2026-08-10 21:05:03,592] INFO | gsMap - Resource usage summary:
[2026-08-10 21:05:03,592] INFO | gsMap -   • Wall clock time: 1.54 minutes
[2026-08-10 21:05:03,592] INFO | gsMap -   • CPU time: 9.63 seconds
[2026-08-10 21:05:03,592] INFO | gsMap -   • Average CPU utilization: 11.7%
[2026-08-10 21:05:03,592] INFO | gsMap -   • Peak memory usage: 9.71 GB
gsmap rc=0 (non-fatal; success judged by output file)
OK Epilepsy_All -> /dcs04/lieber/marmaypag/spatialAMY_LIBD4125/spatialAmygdala/processed-data/Visium/16_LDSC/gsMap_cond_neuronal/cauchy_across_samples/Epilepsy_All_cauchy.csv.gz
-rw-rw----+ 1 mtotty hickslab 445 Aug 10 21:05 /dcs04/lieber/marmaypag/spatialAMY_LIBD4125/spatialAmygdala/processed-data/Visium/16_LDSC/gsMap_cond_neuronal/cauchy_across_samples/Epilepsy_All_cauchy.csv.gz
**** cauchy end ****
Mon Aug 10 09:05:04 PM EDT 2026
