**** cauchy start ****
Mon Aug 10 07:40:40 PM EDT 2026
ARM=functional TRAIT=GSCAN_AgeSmk host=compute-106.cm.cluster job=34800365
                                   ___  ___            
                                   |  \/  |            
                          __ _ ___ | .  . | __ _ _ __  
                         / _` / __|| |\/| |/ _` | '_ \ 
                        | (_| \__ \| |  | | (_| | |_) |
                         \__, |___/\_|  |_/\__,_| .__/ 
                          __/ |                 | |    
                         |___/                  |_|
                                Version: 1.73.7                                 
================================================================================
[2026-08-10 19:40:40,986] INFO | gsMap - Running run_cauchy_combination...
[2026-08-10 19:40:40,986] INFO | gsMap - Started at: 2026-08-10 19:40:40
Using the following arguments for CauchyCombinationConfig:
{   'annotation': 'BS_k16_Semisupervised_wAI',
    'output_file': '/dcs04/lieber/marmaypag/spatialAMY_LIBD4125/spatialAmygdala/processed-data/Visium/16_LDSC/gsMap_cond_functional/cauchy_across_samples/GSCAN_AgeSmk_cauchy.csv.gz',
    'sample_name': None,
    'sample_name_list': [   'Br6471',
                            'Br6660',
                            'Br6423',
                            'Br2743',
                            'Br8325',
                            'Br9192',
                            'Br9280'],
    'trait_name': 'GSCAN_AgeSmk',
    'workdir': '/dcs04/lieber/marmaypag/spatialAMY_LIBD4125/spatialAmygdala/processed-data/Visium/16_LDSC/gsMap_cond_functional'}
[2026-08-10 19:40:43,664] INFO | gsMap.cauchy_combination_test - ------Loading LDSC results for sample Br6471...
[2026-08-10 19:40:43,798] INFO | gsMap.cauchy_combination_test - ------Loading ST data for sample Br6471...
[2026-08-10 19:40:50,323] INFO | gsMap.cauchy_combination_test - ------Loading LDSC results for sample Br6660...
[2026-08-10 19:40:50,484] INFO | gsMap.cauchy_combination_test - ------Loading ST data for sample Br6660...
[2026-08-10 19:41:02,325] INFO | gsMap.cauchy_combination_test - ------Loading LDSC results for sample Br6423...
[2026-08-10 19:41:02,713] INFO | gsMap.cauchy_combination_test - ------Loading ST data for sample Br6423...
[2026-08-10 19:41:13,373] INFO | gsMap.cauchy_combination_test - ------Loading LDSC results for sample Br2743...
[2026-08-10 19:41:13,486] INFO | gsMap.cauchy_combination_test - ------Loading ST data for sample Br2743...
[2026-08-10 19:41:18,011] INFO | gsMap.cauchy_combination_test - ------Loading LDSC results for sample Br8325...
[2026-08-10 19:41:18,133] INFO | gsMap.cauchy_combination_test - ------Loading ST data for sample Br8325...
[2026-08-10 19:41:21,832] INFO | gsMap.cauchy_combination_test - ------Loading LDSC results for sample Br9192...
[2026-08-10 19:41:22,413] INFO | gsMap.cauchy_combination_test - ------Loading ST data for sample Br9192...
[2026-08-10 19:42:36,596] INFO | gsMap.cauchy_combination_test - ------Loading LDSC results for sample Br9280...
[2026-08-10 19:42:37,963] INFO | gsMap.cauchy_combination_test - ------Loading ST data for sample Br9280...
[2026-08-10 19:43:28,103] INFO | gsMap.cauchy_combination_test - Removed 3/12183 outliers (median + 3IQR) for CoA.
[2026-08-10 19:43:28,600] INFO | gsMap.cauchy_combination_test - Removed 2/10363 outliers (median + 3IQR) for BM.
[2026-08-10 19:43:28,843] INFO | gsMap.cauchy_combination_test - Removed 232/49673 outliers (median + 3IQR) for BL.
[2026-08-10 19:43:29,230] INFO | gsMap.cauchy_combination_test - Removed 3/40228 outliers (median + 3IQR) for LA.
[2026-08-10 19:43:29,652] INFO | gsMap.cauchy_combination_test - Removed 3/13913 outliers (median + 3IQR) for MeA.
[2026-08-10 19:43:29,758] INFO | gsMap.cauchy_combination_test - Removed 2/10638 outliers (median + 3IQR) for PL.
[2026-08-10 19:43:31,706] INFO | gsMap.cauchy_combination_test - Cauchy combination results saved at /dcs04/lieber/marmaypag/spatialAMY_LIBD4125/spatialAmygdala/processed-data/Visium/16_LDSC/gsMap_cond_functional/cauchy_across_samples/GSCAN_AgeSmk_cauchy.csv.gz.
[2026-08-10 19:43:31,997] INFO | gsMap - Finished running run_cauchy_combination at: 2026-08-10 19:43:31.
[2026-08-10 19:43:32,600] INFO | gsMap - Resource usage summary:
[2026-08-10 19:43:32,600] INFO | gsMap -   • Wall clock time: 2.86 minutes
[2026-08-10 19:43:32,600] INFO | gsMap -   • CPU time: 23.35 seconds
[2026-08-10 19:43:32,600] INFO | gsMap -   • Average CPU utilization: 13.9%
[2026-08-10 19:43:32,600] INFO | gsMap -   • Peak memory usage: 8.09 GB
gsmap rc=0 (non-fatal; success judged by output file)
OK GSCAN_AgeSmk -> /dcs04/lieber/marmaypag/spatialAMY_LIBD4125/spatialAmygdala/processed-data/Visium/16_LDSC/gsMap_cond_functional/cauchy_across_samples/GSCAN_AgeSmk_cauchy.csv.gz
-rw-rw----+ 1 mtotty hickslab 456 Aug 10 19:43 /dcs04/lieber/marmaypag/spatialAMY_LIBD4125/spatialAmygdala/processed-data/Visium/16_LDSC/gsMap_cond_functional/cauchy_across_samples/GSCAN_AgeSmk_cauchy.csv.gz
**** cauchy end ****
Mon Aug 10 07:44:01 PM EDT 2026
