**** cauchy start ****
Mon Aug 10 07:46:45 PM EDT 2026
ARM=functional TRAIT=Insomnia host=compute-154.cm.cluster job=34800549
                                   ___  ___            
                                   |  \/  |            
                          __ _ ___ | .  . | __ _ _ __  
                         / _` / __|| |\/| |/ _` | '_ \ 
                        | (_| \__ \| |  | | (_| | |_) |
                         \__, |___/\_|  |_/\__,_| .__/ 
                          __/ |                 | |    
                         |___/                  |_|
                                Version: 1.73.7                                 
================================================================================
[2026-08-10 19:46:45,305] INFO | gsMap - Running run_cauchy_combination...
[2026-08-10 19:46:45,305] INFO | gsMap - Started at: 2026-08-10 19:46:45
Using the following arguments for CauchyCombinationConfig:
{   'annotation': 'BS_k16_Semisupervised_wAI',
    'output_file': '/dcs04/lieber/marmaypag/spatialAMY_LIBD4125/spatialAmygdala/processed-data/Visium/16_LDSC/gsMap_cond_functional/cauchy_across_samples/Insomnia_cauchy.csv.gz',
    'sample_name': None,
    'sample_name_list': [   'Br6471',
                            'Br6660',
                            'Br6423',
                            'Br2743',
                            'Br8325',
                            'Br9192',
                            'Br9280'],
    'trait_name': 'Insomnia',
    'workdir': '/dcs04/lieber/marmaypag/spatialAMY_LIBD4125/spatialAmygdala/processed-data/Visium/16_LDSC/gsMap_cond_functional'}
[2026-08-10 19:46:47,517] INFO | gsMap.cauchy_combination_test - ------Loading LDSC results for sample Br6471...
[2026-08-10 19:46:47,608] INFO | gsMap.cauchy_combination_test - ------Loading ST data for sample Br6471...
[2026-08-10 19:46:48,801] INFO | gsMap.cauchy_combination_test - ------Loading LDSC results for sample Br6660...
[2026-08-10 19:46:48,919] INFO | gsMap.cauchy_combination_test - ------Loading ST data for sample Br6660...
[2026-08-10 19:46:49,871] INFO | gsMap.cauchy_combination_test - ------Loading LDSC results for sample Br6423...
[2026-08-10 19:46:49,978] INFO | gsMap.cauchy_combination_test - ------Loading ST data for sample Br6423...
[2026-08-10 19:46:50,897] INFO | gsMap.cauchy_combination_test - ------Loading LDSC results for sample Br2743...
[2026-08-10 19:46:50,976] INFO | gsMap.cauchy_combination_test - ------Loading ST data for sample Br2743...
[2026-08-10 19:46:51,521] INFO | gsMap.cauchy_combination_test - ------Loading LDSC results for sample Br8325...
[2026-08-10 19:46:51,599] INFO | gsMap.cauchy_combination_test - ------Loading ST data for sample Br8325...
[2026-08-10 19:46:52,234] INFO | gsMap.cauchy_combination_test - ------Loading LDSC results for sample Br9192...
[2026-08-10 19:46:52,320] INFO | gsMap.cauchy_combination_test - ------Loading ST data for sample Br9192...
[2026-08-10 19:46:52,854] INFO | gsMap.cauchy_combination_test - ------Loading LDSC results for sample Br9280...
[2026-08-10 19:46:53,492] INFO | gsMap.cauchy_combination_test - ------Loading ST data for sample Br9280...
[2026-08-10 19:46:53,899] INFO | gsMap.cauchy_combination_test - Removed 3/12183 outliers (median + 3IQR) for CoA.
[2026-08-10 19:46:53,920] INFO | gsMap.cauchy_combination_test - Removed 1/10363 outliers (median + 3IQR) for BM.
[2026-08-10 19:46:53,946] INFO | gsMap.cauchy_combination_test - Removed 180/49673 outliers (median + 3IQR) for BL.
[2026-08-10 19:46:54,037] INFO | gsMap.cauchy_combination_test - Removed 28/40228 outliers (median + 3IQR) for LA.
[2026-08-10 19:46:54,081] INFO | gsMap.cauchy_combination_test - Removed 5/11331 outliers (median + 3IQR) for BLD.
[2026-08-10 19:46:54,161] INFO | gsMap.cauchy_combination_test - Removed 1/1573 outliers (median + 3IQR) for AI.
[2026-08-10 19:46:54,172] INFO | gsMap.cauchy_combination_test - Removed 27/3075 outliers (median + 3IQR) for CHAT.
[2026-08-10 19:46:54,186] INFO | gsMap.cauchy_combination_test - Removed 21/13913 outliers (median + 3IQR) for MeA.
[2026-08-10 19:46:54,208] INFO | gsMap.cauchy_combination_test - Removed 1/4774 outliers (median + 3IQR) for HPC.
[2026-08-10 19:46:54,224] INFO | gsMap.cauchy_combination_test - Removed 10/10638 outliers (median + 3IQR) for PL.
[2026-08-10 19:46:54,243] INFO | gsMap.cauchy_combination_test - Removed 6/4834 outliers (median + 3IQR) for CLA.
[2026-08-10 19:46:54,250] INFO | gsMap.cauchy_combination_test - Cauchy combination results saved at /dcs04/lieber/marmaypag/spatialAMY_LIBD4125/spatialAmygdala/processed-data/Visium/16_LDSC/gsMap_cond_functional/cauchy_across_samples/Insomnia_cauchy.csv.gz.
[2026-08-10 19:46:54,258] INFO | gsMap - Finished running run_cauchy_combination at: 2026-08-10 19:46:54.
[2026-08-10 19:46:54,397] INFO | gsMap - Resource usage summary:
[2026-08-10 19:46:54,397] INFO | gsMap -   • Wall clock time: 9.09 seconds
[2026-08-10 19:46:54,397] INFO | gsMap -   • CPU time: 7.11 seconds
[2026-08-10 19:46:54,397] INFO | gsMap -   • Average CPU utilization: 83.3%
[2026-08-10 19:46:54,397] INFO | gsMap -   • Peak memory usage: 9.71 GB
gsmap rc=0 (non-fatal; success judged by output file)
OK Insomnia -> /dcs04/lieber/marmaypag/spatialAMY_LIBD4125/spatialAmygdala/processed-data/Visium/16_LDSC/gsMap_cond_functional/cauchy_across_samples/Insomnia_cauchy.csv.gz
-rw-rw----+ 1 mtotty hickslab 443 Aug 10 19:46 /dcs04/lieber/marmaypag/spatialAMY_LIBD4125/spatialAmygdala/processed-data/Visium/16_LDSC/gsMap_cond_functional/cauchy_across_samples/Insomnia_cauchy.csv.gz
**** cauchy end ****
Mon Aug 10 07:46:54 PM EDT 2026
