**** cauchy start ****
Mon Aug 10 07:40:39 PM EDT 2026
ARM=functional TRAIT=PTSD host=compute-092.cm.cluster job=34800379
                                   ___  ___            
                                   |  \/  |            
                          __ _ ___ | .  . | __ _ _ __  
                         / _` / __|| |\/| |/ _` | '_ \ 
                        | (_| \__ \| |  | | (_| | |_) |
                         \__, |___/\_|  |_/\__,_| .__/ 
                          __/ |                 | |    
                         |___/                  |_|
                                Version: 1.73.7                                 
================================================================================
[2026-08-10 19:40:40,235] INFO | gsMap - Running run_cauchy_combination...
[2026-08-10 19:40:40,235] INFO | gsMap - Started at: 2026-08-10 19:40:40
Using the following arguments for CauchyCombinationConfig:
{   'annotation': 'BS_k16_Semisupervised_wAI',
    'output_file': '/dcs04/lieber/marmaypag/spatialAMY_LIBD4125/spatialAmygdala/processed-data/Visium/16_LDSC/gsMap_cond_functional/cauchy_across_samples/PTSD_cauchy.csv.gz',
    'sample_name': None,
    'sample_name_list': [   'Br6471',
                            'Br6660',
                            'Br6423',
                            'Br2743',
                            'Br8325',
                            'Br9192',
                            'Br9280'],
    'trait_name': 'PTSD',
    'workdir': '/dcs04/lieber/marmaypag/spatialAMY_LIBD4125/spatialAmygdala/processed-data/Visium/16_LDSC/gsMap_cond_functional'}
[2026-08-10 19:40:44,855] INFO | gsMap.cauchy_combination_test - ------Loading LDSC results for sample Br6471...
[2026-08-10 19:40:45,031] INFO | gsMap.cauchy_combination_test - ------Loading ST data for sample Br6471...
[2026-08-10 19:40:50,242] INFO | gsMap.cauchy_combination_test - ------Loading LDSC results for sample Br6660...
[2026-08-10 19:40:50,403] INFO | gsMap.cauchy_combination_test - ------Loading ST data for sample Br6660...
[2026-08-10 19:41:02,300] INFO | gsMap.cauchy_combination_test - ------Loading LDSC results for sample Br6423...
[2026-08-10 19:41:02,706] INFO | gsMap.cauchy_combination_test - ------Loading ST data for sample Br6423...
[2026-08-10 19:41:09,463] INFO | gsMap.cauchy_combination_test - ------Loading LDSC results for sample Br2743...
[2026-08-10 19:41:09,575] INFO | gsMap.cauchy_combination_test - ------Loading ST data for sample Br2743...
[2026-08-10 19:41:13,780] INFO | gsMap.cauchy_combination_test - ------Loading LDSC results for sample Br8325...
[2026-08-10 19:41:13,924] INFO | gsMap.cauchy_combination_test - ------Loading ST data for sample Br8325...
[2026-08-10 19:41:16,776] INFO | gsMap.cauchy_combination_test - ------Loading LDSC results for sample Br9192...
[2026-08-10 19:41:17,081] INFO | gsMap.cauchy_combination_test - ------Loading ST data for sample Br9192...
[2026-08-10 19:41:30,400] INFO | gsMap.cauchy_combination_test - ------Loading LDSC results for sample Br9280...
[2026-08-10 19:41:30,616] INFO | gsMap.cauchy_combination_test - ------Loading ST data for sample Br9280...
[2026-08-10 19:41:41,084] INFO | gsMap.cauchy_combination_test - Removed 33/12183 outliers (median + 3IQR) for CoA.
[2026-08-10 19:41:41,329] INFO | gsMap.cauchy_combination_test - Removed 14/10363 outliers (median + 3IQR) for BM.
[2026-08-10 19:41:41,389] INFO | gsMap.cauchy_combination_test - Removed 244/49673 outliers (median + 3IQR) for BL.
[2026-08-10 19:41:41,744] INFO | gsMap.cauchy_combination_test - Removed 93/40228 outliers (median + 3IQR) for LA.
[2026-08-10 19:41:41,854] INFO | gsMap.cauchy_combination_test - Removed 43/11331 outliers (median + 3IQR) for BLD.
[2026-08-10 19:41:42,024] INFO | gsMap.cauchy_combination_test - Removed 7/1573 outliers (median + 3IQR) for AI.
[2026-08-10 19:41:42,053] INFO | gsMap.cauchy_combination_test - Removed 28/3075 outliers (median + 3IQR) for CHAT.
[2026-08-10 19:41:42,079] INFO | gsMap.cauchy_combination_test - Removed 80/13913 outliers (median + 3IQR) for MeA.
[2026-08-10 19:41:42,122] INFO | gsMap.cauchy_combination_test - Removed 12/4774 outliers (median + 3IQR) for HPC.
[2026-08-10 19:41:42,151] INFO | gsMap.cauchy_combination_test - Removed 40/10638 outliers (median + 3IQR) for PL.
[2026-08-10 19:41:42,206] INFO | gsMap.cauchy_combination_test - Removed 4/4834 outliers (median + 3IQR) for CLA.
[2026-08-10 19:41:43,092] INFO | gsMap.cauchy_combination_test - Cauchy combination results saved at /dcs04/lieber/marmaypag/spatialAMY_LIBD4125/spatialAmygdala/processed-data/Visium/16_LDSC/gsMap_cond_functional/cauchy_across_samples/PTSD_cauchy.csv.gz.
[2026-08-10 19:41:43,286] INFO | gsMap - Finished running run_cauchy_combination at: 2026-08-10 19:41:43.
[2026-08-10 19:41:43,631] INFO | gsMap - Resource usage summary:
[2026-08-10 19:41:43,631] INFO | gsMap -   • Wall clock time: 1.06 minutes
[2026-08-10 19:41:43,631] INFO | gsMap -   • CPU time: 25.25 seconds
[2026-08-10 19:41:43,631] INFO | gsMap -   • Average CPU utilization: 40.2%
[2026-08-10 19:41:43,631] INFO | gsMap -   • Peak memory usage: 8.08 GB
gsmap rc=0 (non-fatal; success judged by output file)
OK PTSD -> /dcs04/lieber/marmaypag/spatialAMY_LIBD4125/spatialAmygdala/processed-data/Visium/16_LDSC/gsMap_cond_functional/cauchy_across_samples/PTSD_cauchy.csv.gz
-rw-rw----+ 1 mtotty hickslab 435 Aug 10 19:41 /dcs04/lieber/marmaypag/spatialAMY_LIBD4125/spatialAmygdala/processed-data/Visium/16_LDSC/gsMap_cond_functional/cauchy_across_samples/PTSD_cauchy.csv.gz
**** cauchy end ****
Mon Aug 10 07:41:55 PM EDT 2026
