**** cauchy start ****
Mon Aug 10 07:44:46 PM EDT 2026
ARM=functional TRAIT=Epilepsy_All host=compute-106.cm.cluster job=34800542
                                   ___  ___            
                                   |  \/  |            
                          __ _ ___ | .  . | __ _ _ __  
                         / _` / __|| |\/| |/ _` | '_ \ 
                        | (_| \__ \| |  | | (_| | |_) |
                         \__, |___/\_|  |_/\__,_| .__/ 
                          __/ |                 | |    
                         |___/                  |_|
                                Version: 1.73.7                                 
================================================================================
[2026-08-10 19:44:46,217] INFO | gsMap - Running run_cauchy_combination...
[2026-08-10 19:44:46,217] INFO | gsMap - Started at: 2026-08-10 19:44:46
Using the following arguments for CauchyCombinationConfig:
{   'annotation': 'BS_k16_Semisupervised_wAI',
    'output_file': '/dcs04/lieber/marmaypag/spatialAMY_LIBD4125/spatialAmygdala/processed-data/Visium/16_LDSC/gsMap_cond_functional/cauchy_across_samples/Epilepsy_All_cauchy.csv.gz',
    'sample_name': None,
    'sample_name_list': [   'Br6471',
                            'Br6660',
                            'Br6423',
                            'Br2743',
                            'Br8325',
                            'Br9192',
                            'Br9280'],
    'trait_name': 'Epilepsy_All',
    'workdir': '/dcs04/lieber/marmaypag/spatialAMY_LIBD4125/spatialAmygdala/processed-data/Visium/16_LDSC/gsMap_cond_functional'}
[2026-08-10 19:44:49,832] INFO | gsMap.cauchy_combination_test - ------Loading LDSC results for sample Br6471...
[2026-08-10 19:44:49,961] INFO | gsMap.cauchy_combination_test - ------Loading ST data for sample Br6471...
[2026-08-10 19:45:01,351] INFO | gsMap.cauchy_combination_test - ------Loading LDSC results for sample Br6660...
[2026-08-10 19:45:01,797] INFO | gsMap.cauchy_combination_test - ------Loading ST data for sample Br6660...
[2026-08-10 19:45:13,979] INFO | gsMap.cauchy_combination_test - ------Loading LDSC results for sample Br6423...
[2026-08-10 19:45:14,122] INFO | gsMap.cauchy_combination_test - ------Loading ST data for sample Br6423...
[2026-08-10 19:45:25,776] INFO | gsMap.cauchy_combination_test - ------Loading LDSC results for sample Br2743...
[2026-08-10 19:45:25,892] INFO | gsMap.cauchy_combination_test - ------Loading ST data for sample Br2743...
[2026-08-10 19:45:33,394] INFO | gsMap.cauchy_combination_test - ------Loading LDSC results for sample Br8325...
[2026-08-10 19:45:33,512] INFO | gsMap.cauchy_combination_test - ------Loading ST data for sample Br8325...
[2026-08-10 19:45:35,381] INFO | gsMap.cauchy_combination_test - ------Loading LDSC results for sample Br9192...
[2026-08-10 19:45:35,517] INFO | gsMap.cauchy_combination_test - ------Loading ST data for sample Br9192...
[2026-08-10 19:45:39,042] INFO | gsMap.cauchy_combination_test - ------Loading LDSC results for sample Br9280...
[2026-08-10 19:45:39,157] INFO | gsMap.cauchy_combination_test - ------Loading ST data for sample Br9280...
[2026-08-10 19:45:43,199] INFO | gsMap.cauchy_combination_test - Removed 70/12183 outliers (median + 3IQR) for CoA.
[2026-08-10 19:45:43,243] INFO | gsMap.cauchy_combination_test - Removed 42/10363 outliers (median + 3IQR) for BM.
[2026-08-10 19:45:43,305] INFO | gsMap.cauchy_combination_test - Removed 485/49673 outliers (median + 3IQR) for BL.
[2026-08-10 19:45:43,516] INFO | gsMap.cauchy_combination_test - Removed 50/40228 outliers (median + 3IQR) for LA.
[2026-08-10 19:45:43,613] INFO | gsMap.cauchy_combination_test - Removed 16/11331 outliers (median + 3IQR) for BLD.
[2026-08-10 19:45:43,657] INFO | gsMap.cauchy_combination_test - Removed 90/11678 outliers (median + 3IQR) for CeA.
[2026-08-10 19:45:43,776] INFO | gsMap.cauchy_combination_test - Removed 1/1573 outliers (median + 3IQR) for AI.
[2026-08-10 19:45:43,796] INFO | gsMap.cauchy_combination_test - Removed 25/3075 outliers (median + 3IQR) for CHAT.
[2026-08-10 19:45:43,823] INFO | gsMap.cauchy_combination_test - Removed 68/13913 outliers (median + 3IQR) for MeA.
[2026-08-10 19:45:43,868] INFO | gsMap.cauchy_combination_test - Removed 4/4774 outliers (median + 3IQR) for HPC.
[2026-08-10 19:45:43,898] INFO | gsMap.cauchy_combination_test - Removed 14/10638 outliers (median + 3IQR) for PL.
[2026-08-10 19:45:43,936] INFO | gsMap.cauchy_combination_test - Removed 21/4834 outliers (median + 3IQR) for CLA.
[2026-08-10 19:45:43,951] INFO | gsMap.cauchy_combination_test - Cauchy combination results saved at /dcs04/lieber/marmaypag/spatialAMY_LIBD4125/spatialAmygdala/processed-data/Visium/16_LDSC/gsMap_cond_functional/cauchy_across_samples/Epilepsy_All_cauchy.csv.gz.
[2026-08-10 19:45:43,966] INFO | gsMap - Finished running run_cauchy_combination at: 2026-08-10 19:45:43.
[2026-08-10 19:45:44,014] INFO | gsMap - Resource usage summary:
[2026-08-10 19:45:44,014] INFO | gsMap -   • Wall clock time: 57.80 seconds
[2026-08-10 19:45:44,014] INFO | gsMap -   • CPU time: 17.68 seconds
[2026-08-10 19:45:44,014] INFO | gsMap -   • Average CPU utilization: 30.2%
[2026-08-10 19:45:44,014] INFO | gsMap -   • Peak memory usage: 9.71 GB
gsmap rc=0 (non-fatal; success judged by output file)
OK Epilepsy_All -> /dcs04/lieber/marmaypag/spatialAMY_LIBD4125/spatialAmygdala/processed-data/Visium/16_LDSC/gsMap_cond_functional/cauchy_across_samples/Epilepsy_All_cauchy.csv.gz
-rw-rw----+ 1 mtotty hickslab 441 Aug 10 19:45 /dcs04/lieber/marmaypag/spatialAMY_LIBD4125/spatialAmygdala/processed-data/Visium/16_LDSC/gsMap_cond_functional/cauchy_across_samples/Epilepsy_All_cauchy.csv.gz
**** cauchy end ****
Mon Aug 10 07:45:44 PM EDT 2026
