**** cauchy start ****
Mon Aug 10 07:40:40 PM EDT 2026
ARM=functional TRAIT=SCZ_PGC2_CLOZUK host=compute-100.cm.cluster job=34800380
                                   ___  ___            
                                   |  \/  |            
                          __ _ ___ | .  . | __ _ _ __  
                         / _` / __|| |\/| |/ _` | '_ \ 
                        | (_| \__ \| |  | | (_| | |_) |
                         \__, |___/\_|  |_/\__,_| .__/ 
                          __/ |                 | |    
                         |___/                  |_|
                                Version: 1.73.7                                 
================================================================================
[2026-08-10 19:40:40,320] INFO | gsMap - Running run_cauchy_combination...
[2026-08-10 19:40:40,320] INFO | gsMap - Started at: 2026-08-10 19:40:40
Using the following arguments for CauchyCombinationConfig:
{   'annotation': 'BS_k16_Semisupervised_wAI',
    'output_file': '/dcs04/lieber/marmaypag/spatialAMY_LIBD4125/spatialAmygdala/processed-data/Visium/16_LDSC/gsMap_cond_functional/cauchy_across_samples/SCZ_PGC2_CLOZUK_cauchy.csv.gz',
    'sample_name': None,
    'sample_name_list': [   'Br6471',
                            'Br6660',
                            'Br6423',
                            'Br2743',
                            'Br8325',
                            'Br9192',
                            'Br9280'],
    'trait_name': 'SCZ_PGC2_CLOZUK',
    'workdir': '/dcs04/lieber/marmaypag/spatialAMY_LIBD4125/spatialAmygdala/processed-data/Visium/16_LDSC/gsMap_cond_functional'}
[2026-08-10 19:40:44,278] INFO | gsMap.cauchy_combination_test - ------Loading LDSC results for sample Br6471...
[2026-08-10 19:40:44,444] INFO | gsMap.cauchy_combination_test - ------Loading ST data for sample Br6471...
[2026-08-10 19:40:50,227] INFO | gsMap.cauchy_combination_test - ------Loading LDSC results for sample Br6660...
[2026-08-10 19:40:50,402] INFO | gsMap.cauchy_combination_test - ------Loading ST data for sample Br6660...
[2026-08-10 19:41:02,391] INFO | gsMap.cauchy_combination_test - ------Loading LDSC results for sample Br6423...
[2026-08-10 19:41:02,558] INFO | gsMap.cauchy_combination_test - ------Loading ST data for sample Br6423...
[2026-08-10 19:41:09,960] INFO | gsMap.cauchy_combination_test - ------Loading LDSC results for sample Br2743...
[2026-08-10 19:41:10,131] INFO | gsMap.cauchy_combination_test - ------Loading ST data for sample Br2743...
[2026-08-10 19:41:14,894] INFO | gsMap.cauchy_combination_test - ------Loading LDSC results for sample Br8325...
[2026-08-10 19:41:15,035] INFO | gsMap.cauchy_combination_test - ------Loading ST data for sample Br8325...
[2026-08-10 19:42:09,956] INFO | gsMap.cauchy_combination_test - ------Loading LDSC results for sample Br9192...
[2026-08-10 19:42:12,199] INFO | gsMap.cauchy_combination_test - ------Loading ST data for sample Br9192...
[2026-08-10 19:42:34,380] INFO | gsMap.cauchy_combination_test - ------Loading LDSC results for sample Br9280...
[2026-08-10 19:42:34,672] INFO | gsMap.cauchy_combination_test - ------Loading ST data for sample Br9280...
[2026-08-10 19:42:53,893] INFO | gsMap.cauchy_combination_test - Removed 33/49673 outliers (median + 3IQR) for BL.
[2026-08-10 19:42:54,497] INFO | gsMap.cauchy_combination_test - Removed 2/11331 outliers (median + 3IQR) for BLD.
[2026-08-10 19:42:54,586] INFO | gsMap.cauchy_combination_test - Removed 46/11678 outliers (median + 3IQR) for CeA.
[2026-08-10 19:42:54,903] INFO | gsMap.cauchy_combination_test - Removed 1/13913 outliers (median + 3IQR) for MeA.
[2026-08-10 19:42:57,714] INFO | gsMap.cauchy_combination_test - Cauchy combination results saved at /dcs04/lieber/marmaypag/spatialAMY_LIBD4125/spatialAmygdala/processed-data/Visium/16_LDSC/gsMap_cond_functional/cauchy_across_samples/SCZ_PGC2_CLOZUK_cauchy.csv.gz.
[2026-08-10 19:42:57,978] INFO | gsMap - Finished running run_cauchy_combination at: 2026-08-10 19:42:57.
[2026-08-10 19:42:58,191] INFO | gsMap - Resource usage summary:
[2026-08-10 19:42:58,191] INFO | gsMap -   • Wall clock time: 2.30 minutes
[2026-08-10 19:42:58,191] INFO | gsMap -   • CPU time: 29.87 seconds
[2026-08-10 19:42:58,191] INFO | gsMap -   • Average CPU utilization: 28.5%
[2026-08-10 19:42:58,191] INFO | gsMap -   • Peak memory usage: 8.10 GB
gsmap rc=0 (non-fatal; success judged by output file)
OK SCZ_PGC2_CLOZUK -> /dcs04/lieber/marmaypag/spatialAMY_LIBD4125/spatialAmygdala/processed-data/Visium/16_LDSC/gsMap_cond_functional/cauchy_across_samples/SCZ_PGC2_CLOZUK_cauchy.csv.gz
-rw-rw----+ 1 mtotty hickslab 470 Aug 10 19:42 /dcs04/lieber/marmaypag/spatialAMY_LIBD4125/spatialAmygdala/processed-data/Visium/16_LDSC/gsMap_cond_functional/cauchy_across_samples/SCZ_PGC2_CLOZUK_cauchy.csv.gz
**** cauchy end ****
Mon Aug 10 07:43:10 PM EDT 2026
