**** cauchy start ****
Mon Aug 10 07:40:40 PM EDT 2026
ARM=functional TRAIT=Stroke_AIS_MEGASTROKE host=compute-144.cm.cluster job=34800383
                                   ___  ___            
                                   |  \/  |            
                          __ _ ___ | .  . | __ _ _ __  
                         / _` / __|| |\/| |/ _` | '_ \ 
                        | (_| \__ \| |  | | (_| | |_) |
                         \__, |___/\_|  |_/\__,_| .__/ 
                          __/ |                 | |    
                         |___/                  |_|
                                Version: 1.73.7                                 
================================================================================
[2026-08-10 19:40:40,395] INFO | gsMap - Running run_cauchy_combination...
[2026-08-10 19:40:40,395] INFO | gsMap - Started at: 2026-08-10 19:40:40
Using the following arguments for CauchyCombinationConfig:
{   'annotation': 'BS_k16_Semisupervised_wAI',
    'output_file': '/dcs04/lieber/marmaypag/spatialAMY_LIBD4125/spatialAmygdala/processed-data/Visium/16_LDSC/gsMap_cond_functional/cauchy_across_samples/Stroke_AIS_MEGASTROKE_cauchy.csv.gz',
    'sample_name': None,
    'sample_name_list': [   'Br6471',
                            'Br6660',
                            'Br6423',
                            'Br2743',
                            'Br8325',
                            'Br9192',
                            'Br9280'],
    'trait_name': 'Stroke_AIS_MEGASTROKE',
    'workdir': '/dcs04/lieber/marmaypag/spatialAMY_LIBD4125/spatialAmygdala/processed-data/Visium/16_LDSC/gsMap_cond_functional'}
[2026-08-10 19:40:44,082] INFO | gsMap.cauchy_combination_test - ------Loading LDSC results for sample Br6471...
[2026-08-10 19:40:44,227] INFO | gsMap.cauchy_combination_test - ------Loading ST data for sample Br6471...
[2026-08-10 19:40:50,134] INFO | gsMap.cauchy_combination_test - ------Loading LDSC results for sample Br6660...
[2026-08-10 19:40:50,288] INFO | gsMap.cauchy_combination_test - ------Loading ST data for sample Br6660...
[2026-08-10 19:41:02,306] INFO | gsMap.cauchy_combination_test - ------Loading LDSC results for sample Br6423...
[2026-08-10 19:41:02,512] INFO | gsMap.cauchy_combination_test - ------Loading ST data for sample Br6423...
[2026-08-10 19:41:10,862] INFO | gsMap.cauchy_combination_test - ------Loading LDSC results for sample Br2743...
[2026-08-10 19:41:11,054] INFO | gsMap.cauchy_combination_test - ------Loading ST data for sample Br2743...
[2026-08-10 19:41:15,237] INFO | gsMap.cauchy_combination_test - ------Loading LDSC results for sample Br8325...
[2026-08-10 19:41:15,343] INFO | gsMap.cauchy_combination_test - ------Loading ST data for sample Br8325...
[2026-08-10 19:41:24,717] INFO | gsMap.cauchy_combination_test - ------Loading LDSC results for sample Br9192...
[2026-08-10 19:41:24,874] INFO | gsMap.cauchy_combination_test - ------Loading ST data for sample Br9192...
[2026-08-10 19:41:31,260] INFO | gsMap.cauchy_combination_test - ------Loading LDSC results for sample Br9280...
[2026-08-10 19:41:31,401] INFO | gsMap.cauchy_combination_test - ------Loading ST data for sample Br9280...
[2026-08-10 19:41:35,897] INFO | gsMap.cauchy_combination_test - Removed 134/19502 outliers (median + 3IQR) for WM.2.
[2026-08-10 19:41:35,934] INFO | gsMap.cauchy_combination_test - Removed 8/2611 outliers (median + 3IQR) for Endothelial.
[2026-08-10 19:41:36,267] INFO | gsMap.cauchy_combination_test - Cauchy combination results saved at /dcs04/lieber/marmaypag/spatialAMY_LIBD4125/spatialAmygdala/processed-data/Visium/16_LDSC/gsMap_cond_functional/cauchy_across_samples/Stroke_AIS_MEGASTROKE_cauchy.csv.gz.
[2026-08-10 19:41:36,283] INFO | gsMap - Finished running run_cauchy_combination at: 2026-08-10 19:41:36.
[2026-08-10 19:41:36,531] INFO | gsMap - Resource usage summary:
[2026-08-10 19:41:36,531] INFO | gsMap -   • Wall clock time: 56.14 seconds
[2026-08-10 19:41:36,531] INFO | gsMap -   • CPU time: 17.86 seconds
[2026-08-10 19:41:36,531] INFO | gsMap -   • Average CPU utilization: 32.2%
[2026-08-10 19:41:36,531] INFO | gsMap -   • Peak memory usage: 8.09 GB
gsmap rc=0 (non-fatal; success judged by output file)
OK Stroke_AIS_MEGASTROKE -> /dcs04/lieber/marmaypag/spatialAMY_LIBD4125/spatialAmygdala/processed-data/Visium/16_LDSC/gsMap_cond_functional/cauchy_across_samples/Stroke_AIS_MEGASTROKE_cauchy.csv.gz
-rw-rw----+ 1 mtotty hickslab 441 Aug 10 19:41 /dcs04/lieber/marmaypag/spatialAMY_LIBD4125/spatialAmygdala/processed-data/Visium/16_LDSC/gsMap_cond_functional/cauchy_across_samples/Stroke_AIS_MEGASTROKE_cauchy.csv.gz
**** cauchy end ****
Mon Aug 10 07:41:40 PM EDT 2026
