**** cauchy start ****
Mon Aug 10 09:03:32 PM EDT 2026
ARM=neuronal TRAIT=Autism host=compute-153.cm.cluster job=34801698
                                   ___  ___            
                                   |  \/  |            
                          __ _ ___ | .  . | __ _ _ __  
                         / _` / __|| |\/| |/ _` | '_ \ 
                        | (_| \__ \| |  | | (_| | |_) |
                         \__, |___/\_|  |_/\__,_| .__/ 
                          __/ |                 | |    
                         |___/                  |_|
                                Version: 1.73.7                                 
================================================================================
[2026-08-10 21:03:32,450] INFO | gsMap - Running run_cauchy_combination...
[2026-08-10 21:03:32,450] INFO | gsMap - Started at: 2026-08-10 21:03:32
Using the following arguments for CauchyCombinationConfig:
{   'annotation': 'BS_k16_Semisupervised_wAI',
    'output_file': '/dcs04/lieber/marmaypag/spatialAMY_LIBD4125/spatialAmygdala/processed-data/Visium/16_LDSC/gsMap_cond_neuronal/cauchy_across_samples/Autism_cauchy.csv.gz',
    'sample_name': None,
    'sample_name_list': [   'Br6471',
                            'Br6660',
                            'Br6423',
                            'Br2743',
                            'Br8325',
                            'Br9192',
                            'Br9280'],
    'trait_name': 'Autism',
    'workdir': '/dcs04/lieber/marmaypag/spatialAMY_LIBD4125/spatialAmygdala/processed-data/Visium/16_LDSC/gsMap_cond_neuronal'}
[2026-08-10 21:03:35,447] INFO | gsMap.cauchy_combination_test - ------Loading LDSC results for sample Br6471...
[2026-08-10 21:03:35,895] INFO | gsMap.cauchy_combination_test - ------Loading ST data for sample Br6471...
[2026-08-10 21:03:58,748] INFO | gsMap.cauchy_combination_test - ------Loading LDSC results for sample Br6660...
[2026-08-10 21:03:59,032] INFO | gsMap.cauchy_combination_test - ------Loading ST data for sample Br6660...
[2026-08-10 21:04:20,198] INFO | gsMap.cauchy_combination_test - ------Loading LDSC results for sample Br6423...
[2026-08-10 21:04:20,319] INFO | gsMap.cauchy_combination_test - ------Loading ST data for sample Br6423...
[2026-08-10 21:04:36,769] INFO | gsMap.cauchy_combination_test - ------Loading LDSC results for sample Br2743...
[2026-08-10 21:04:36,882] INFO | gsMap.cauchy_combination_test - ------Loading ST data for sample Br2743...
[2026-08-10 21:04:46,170] INFO | gsMap.cauchy_combination_test - ------Loading LDSC results for sample Br8325...
[2026-08-10 21:04:46,270] INFO | gsMap.cauchy_combination_test - ------Loading ST data for sample Br8325...
[2026-08-10 21:04:57,866] INFO | gsMap.cauchy_combination_test - ------Loading LDSC results for sample Br9192...
[2026-08-10 21:04:57,964] INFO | gsMap.cauchy_combination_test - ------Loading ST data for sample Br9192...
[2026-08-10 21:05:00,085] INFO | gsMap.cauchy_combination_test - ------Loading LDSC results for sample Br9280...
[2026-08-10 21:05:00,179] INFO | gsMap.cauchy_combination_test - ------Loading ST data for sample Br9280...
[2026-08-10 21:05:02,967] INFO | gsMap.cauchy_combination_test - Removed 19/12183 outliers (median + 3IQR) for CoA.
[2026-08-10 21:05:02,999] INFO | gsMap.cauchy_combination_test - Removed 25/10363 outliers (median + 3IQR) for BM.
[2026-08-10 21:05:03,038] INFO | gsMap.cauchy_combination_test - Removed 417/49673 outliers (median + 3IQR) for BL.
[2026-08-10 21:05:03,125] INFO | gsMap.cauchy_combination_test - Removed 173/27643 outliers (median + 3IQR) for WM.1.
[2026-08-10 21:05:03,182] INFO | gsMap.cauchy_combination_test - Removed 130/40228 outliers (median + 3IQR) for LA.
[2026-08-10 21:05:03,250] INFO | gsMap.cauchy_combination_test - Removed 44/11331 outliers (median + 3IQR) for BLD.
[2026-08-10 21:05:03,280] INFO | gsMap.cauchy_combination_test - Removed 101/11678 outliers (median + 3IQR) for CeA.
[2026-08-10 21:05:03,363] INFO | gsMap.cauchy_combination_test - Removed 11/1573 outliers (median + 3IQR) for AI.
[2026-08-10 21:05:03,396] INFO | gsMap.cauchy_combination_test - Removed 36/13913 outliers (median + 3IQR) for MeA.
[2026-08-10 21:05:03,447] INFO | gsMap.cauchy_combination_test - Removed 13/10638 outliers (median + 3IQR) for PL.
[2026-08-10 21:05:03,473] INFO | gsMap.cauchy_combination_test - Removed 18/4834 outliers (median + 3IQR) for CLA.
[2026-08-10 21:05:03,487] INFO | gsMap.cauchy_combination_test - Cauchy combination results saved at /dcs04/lieber/marmaypag/spatialAMY_LIBD4125/spatialAmygdala/processed-data/Visium/16_LDSC/gsMap_cond_neuronal/cauchy_across_samples/Autism_cauchy.csv.gz.
[2026-08-10 21:05:03,496] INFO | gsMap - Finished running run_cauchy_combination at: 2026-08-10 21:05:03.
[2026-08-10 21:05:03,595] INFO | gsMap - Resource usage summary:
[2026-08-10 21:05:03,595] INFO | gsMap -   • Wall clock time: 1.52 minutes
[2026-08-10 21:05:03,595] INFO | gsMap -   • CPU time: 13.49 seconds
[2026-08-10 21:05:03,595] INFO | gsMap -   • Average CPU utilization: 16.7%
[2026-08-10 21:05:03,595] INFO | gsMap -   • Peak memory usage: 9.71 GB
gsmap rc=0 (non-fatal; success judged by output file)
OK Autism -> /dcs04/lieber/marmaypag/spatialAMY_LIBD4125/spatialAmygdala/processed-data/Visium/16_LDSC/gsMap_cond_neuronal/cauchy_across_samples/Autism_cauchy.csv.gz
-rw-rw----+ 1 mtotty hickslab 436 Aug 10 21:05 /dcs04/lieber/marmaypag/spatialAMY_LIBD4125/spatialAmygdala/processed-data/Visium/16_LDSC/gsMap_cond_neuronal/cauchy_across_samples/Autism_cauchy.csv.gz
**** cauchy end ****
Mon Aug 10 09:05:04 PM EDT 2026
