**** cauchy start ****
Mon Aug 10 07:47:45 PM EDT 2026
ARM=functional TRAIT=MDD_ex23andMe host=compute-154.cm.cluster job=34800552
                                   ___  ___            
                                   |  \/  |            
                          __ _ ___ | .  . | __ _ _ __  
                         / _` / __|| |\/| |/ _` | '_ \ 
                        | (_| \__ \| |  | | (_| | |_) |
                         \__, |___/\_|  |_/\__,_| .__/ 
                          __/ |                 | |    
                         |___/                  |_|
                                Version: 1.73.7                                 
================================================================================
[2026-08-10 19:47:46,022] INFO | gsMap - Running run_cauchy_combination...
[2026-08-10 19:47:46,022] INFO | gsMap - Started at: 2026-08-10 19:47:46
Using the following arguments for CauchyCombinationConfig:
{   'annotation': 'BS_k16_Semisupervised_wAI',
    'output_file': '/dcs04/lieber/marmaypag/spatialAMY_LIBD4125/spatialAmygdala/processed-data/Visium/16_LDSC/gsMap_cond_functional/cauchy_across_samples/MDD_ex23andMe_cauchy.csv.gz',
    'sample_name': None,
    'sample_name_list': [   'Br6471',
                            'Br6660',
                            'Br6423',
                            'Br2743',
                            'Br8325',
                            'Br9192',
                            'Br9280'],
    'trait_name': 'MDD_ex23andMe',
    'workdir': '/dcs04/lieber/marmaypag/spatialAMY_LIBD4125/spatialAmygdala/processed-data/Visium/16_LDSC/gsMap_cond_functional'}
[2026-08-10 19:47:48,401] INFO | gsMap.cauchy_combination_test - ------Loading LDSC results for sample Br6471...
[2026-08-10 19:47:48,526] INFO | gsMap.cauchy_combination_test - ------Loading ST data for sample Br6471...
[2026-08-10 19:47:49,420] INFO | gsMap.cauchy_combination_test - ------Loading LDSC results for sample Br6660...
[2026-08-10 19:47:49,522] INFO | gsMap.cauchy_combination_test - ------Loading ST data for sample Br6660...
[2026-08-10 19:47:50,480] INFO | gsMap.cauchy_combination_test - ------Loading LDSC results for sample Br6423...
[2026-08-10 19:47:50,624] INFO | gsMap.cauchy_combination_test - ------Loading ST data for sample Br6423...
[2026-08-10 19:47:51,588] INFO | gsMap.cauchy_combination_test - ------Loading LDSC results for sample Br2743...
[2026-08-10 19:47:51,688] INFO | gsMap.cauchy_combination_test - ------Loading ST data for sample Br2743...
[2026-08-10 19:47:52,297] INFO | gsMap.cauchy_combination_test - ------Loading LDSC results for sample Br8325...
[2026-08-10 19:47:52,378] INFO | gsMap.cauchy_combination_test - ------Loading ST data for sample Br8325...
[2026-08-10 19:47:53,125] INFO | gsMap.cauchy_combination_test - ------Loading LDSC results for sample Br9192...
[2026-08-10 19:47:53,205] INFO | gsMap.cauchy_combination_test - ------Loading ST data for sample Br9192...
[2026-08-10 19:47:53,740] INFO | gsMap.cauchy_combination_test - ------Loading LDSC results for sample Br9280...
[2026-08-10 19:47:53,812] INFO | gsMap.cauchy_combination_test - ------Loading ST data for sample Br9280...
[2026-08-10 19:47:54,247] INFO | gsMap.cauchy_combination_test - Removed 1/12183 outliers (median + 3IQR) for CoA.
[2026-08-10 19:47:54,296] INFO | gsMap.cauchy_combination_test - Removed 238/49673 outliers (median + 3IQR) for BL.
[2026-08-10 19:47:54,393] INFO | gsMap.cauchy_combination_test - Removed 3/40228 outliers (median + 3IQR) for LA.
[2026-08-10 19:47:54,440] INFO | gsMap.cauchy_combination_test - Removed 5/11331 outliers (median + 3IQR) for BLD.
[2026-08-10 19:47:54,545] INFO | gsMap.cauchy_combination_test - Removed 33/13913 outliers (median + 3IQR) for MeA.
[2026-08-10 19:47:54,580] INFO | gsMap.cauchy_combination_test - Removed 3/10638 outliers (median + 3IQR) for PL.
[2026-08-10 19:47:54,607] INFO | gsMap.cauchy_combination_test - Cauchy combination results saved at /dcs04/lieber/marmaypag/spatialAMY_LIBD4125/spatialAmygdala/processed-data/Visium/16_LDSC/gsMap_cond_functional/cauchy_across_samples/MDD_ex23andMe_cauchy.csv.gz.
[2026-08-10 19:47:54,616] INFO | gsMap - Finished running run_cauchy_combination at: 2026-08-10 19:47:54.
[2026-08-10 19:47:55,117] INFO | gsMap - Resource usage summary:
[2026-08-10 19:47:55,117] INFO | gsMap -   • Wall clock time: 9.10 seconds
[2026-08-10 19:47:55,117] INFO | gsMap -   • CPU time: 7.45 seconds
[2026-08-10 19:47:55,117] INFO | gsMap -   • Average CPU utilization: 86.5%
[2026-08-10 19:47:55,117] INFO | gsMap -   • Peak memory usage: 9.68 GB
gsmap rc=0 (non-fatal; success judged by output file)
OK MDD_ex23andMe -> /dcs04/lieber/marmaypag/spatialAMY_LIBD4125/spatialAmygdala/processed-data/Visium/16_LDSC/gsMap_cond_functional/cauchy_across_samples/MDD_ex23andMe_cauchy.csv.gz
-rw-rw----+ 1 mtotty hickslab 455 Aug 10 19:47 /dcs04/lieber/marmaypag/spatialAMY_LIBD4125/spatialAmygdala/processed-data/Visium/16_LDSC/gsMap_cond_functional/cauchy_across_samples/MDD_ex23andMe_cauchy.csv.gz
**** cauchy end ****
Mon Aug 10 07:47:55 PM EDT 2026
