**** cauchy start ****
Mon Aug 10 07:46:16 PM EDT 2026
ARM=functional TRAIT=GSCAN_SmkCes host=compute-154.cm.cluster job=34800547
                                   ___  ___            
                                   |  \/  |            
                          __ _ ___ | .  . | __ _ _ __  
                         / _` / __|| |\/| |/ _` | '_ \ 
                        | (_| \__ \| |  | | (_| | |_) |
                         \__, |___/\_|  |_/\__,_| .__/ 
                          __/ |                 | |    
                         |___/                  |_|
                                Version: 1.73.7                                 
================================================================================
[2026-08-10 19:46:16,328] INFO | gsMap - Running run_cauchy_combination...
[2026-08-10 19:46:16,328] INFO | gsMap - Started at: 2026-08-10 19:46:16
Using the following arguments for CauchyCombinationConfig:
{   'annotation': 'BS_k16_Semisupervised_wAI',
    'output_file': '/dcs04/lieber/marmaypag/spatialAMY_LIBD4125/spatialAmygdala/processed-data/Visium/16_LDSC/gsMap_cond_functional/cauchy_across_samples/GSCAN_SmkCes_cauchy.csv.gz',
    'sample_name': None,
    'sample_name_list': [   'Br6471',
                            'Br6660',
                            'Br6423',
                            'Br2743',
                            'Br8325',
                            'Br9192',
                            'Br9280'],
    'trait_name': 'GSCAN_SmkCes',
    'workdir': '/dcs04/lieber/marmaypag/spatialAMY_LIBD4125/spatialAmygdala/processed-data/Visium/16_LDSC/gsMap_cond_functional'}
[2026-08-10 19:46:18,226] INFO | gsMap.cauchy_combination_test - ------Loading LDSC results for sample Br6471...
[2026-08-10 19:46:18,321] INFO | gsMap.cauchy_combination_test - ------Loading ST data for sample Br6471...
[2026-08-10 19:46:19,077] INFO | gsMap.cauchy_combination_test - ------Loading LDSC results for sample Br6660...
[2026-08-10 19:46:19,187] INFO | gsMap.cauchy_combination_test - ------Loading ST data for sample Br6660...
[2026-08-10 19:46:20,098] INFO | gsMap.cauchy_combination_test - ------Loading LDSC results for sample Br6423...
[2026-08-10 19:46:20,189] INFO | gsMap.cauchy_combination_test - ------Loading ST data for sample Br6423...
[2026-08-10 19:46:21,075] INFO | gsMap.cauchy_combination_test - ------Loading LDSC results for sample Br2743...
[2026-08-10 19:46:21,185] INFO | gsMap.cauchy_combination_test - ------Loading ST data for sample Br2743...
[2026-08-10 19:46:21,745] INFO | gsMap.cauchy_combination_test - ------Loading LDSC results for sample Br8325...
[2026-08-10 19:46:21,837] INFO | gsMap.cauchy_combination_test - ------Loading ST data for sample Br8325...
[2026-08-10 19:46:22,483] INFO | gsMap.cauchy_combination_test - ------Loading LDSC results for sample Br9192...
[2026-08-10 19:46:22,584] INFO | gsMap.cauchy_combination_test - ------Loading ST data for sample Br9192...
[2026-08-10 19:46:23,077] INFO | gsMap.cauchy_combination_test - ------Loading LDSC results for sample Br9280...
[2026-08-10 19:46:23,173] INFO | gsMap.cauchy_combination_test - ------Loading ST data for sample Br9280...
[2026-08-10 19:46:23,568] INFO | gsMap.cauchy_combination_test - Removed 58/12183 outliers (median + 3IQR) for CoA.
[2026-08-10 19:46:23,588] INFO | gsMap.cauchy_combination_test - Removed 32/10363 outliers (median + 3IQR) for BM.
[2026-08-10 19:46:23,612] INFO | gsMap.cauchy_combination_test - Removed 338/49673 outliers (median + 3IQR) for BL.
[2026-08-10 19:46:23,697] INFO | gsMap.cauchy_combination_test - Removed 60/40228 outliers (median + 3IQR) for LA.
[2026-08-10 19:46:23,739] INFO | gsMap.cauchy_combination_test - Removed 64/11331 outliers (median + 3IQR) for BLD.
[2026-08-10 19:46:23,758] INFO | gsMap.cauchy_combination_test - Removed 88/11678 outliers (median + 3IQR) for CeA.
[2026-08-10 19:46:23,812] INFO | gsMap.cauchy_combination_test - Removed 1/1573 outliers (median + 3IQR) for AI.
[2026-08-10 19:46:23,823] INFO | gsMap.cauchy_combination_test - Removed 17/3075 outliers (median + 3IQR) for CHAT.
[2026-08-10 19:46:23,836] INFO | gsMap.cauchy_combination_test - Removed 18/13913 outliers (median + 3IQR) for MeA.
[2026-08-10 19:46:23,857] INFO | gsMap.cauchy_combination_test - Removed 21/4774 outliers (median + 3IQR) for HPC.
[2026-08-10 19:46:23,872] INFO | gsMap.cauchy_combination_test - Removed 12/10638 outliers (median + 3IQR) for PL.
[2026-08-10 19:46:23,891] INFO | gsMap.cauchy_combination_test - Removed 11/4834 outliers (median + 3IQR) for CLA.
[2026-08-10 19:46:23,955] INFO | gsMap.cauchy_combination_test - Cauchy combination results saved at /dcs04/lieber/marmaypag/spatialAMY_LIBD4125/spatialAmygdala/processed-data/Visium/16_LDSC/gsMap_cond_functional/cauchy_across_samples/GSCAN_SmkCes_cauchy.csv.gz.
[2026-08-10 19:46:23,962] INFO | gsMap - Finished running run_cauchy_combination at: 2026-08-10 19:46:23.
[2026-08-10 19:46:24,370] INFO | gsMap - Resource usage summary:
[2026-08-10 19:46:24,370] INFO | gsMap -   • Wall clock time: 8.04 seconds
[2026-08-10 19:46:24,370] INFO | gsMap -   • CPU time: 6.80 seconds
[2026-08-10 19:46:24,370] INFO | gsMap -   • Average CPU utilization: 89.8%
[2026-08-10 19:46:24,370] INFO | gsMap -   • Peak memory usage: 9.71 GB
gsmap rc=0 (non-fatal; success judged by output file)
OK GSCAN_SmkCes -> /dcs04/lieber/marmaypag/spatialAMY_LIBD4125/spatialAmygdala/processed-data/Visium/16_LDSC/gsMap_cond_functional/cauchy_across_samples/GSCAN_SmkCes_cauchy.csv.gz
-rw-rw----+ 1 mtotty hickslab 441 Aug 10 19:46 /dcs04/lieber/marmaypag/spatialAMY_LIBD4125/spatialAmygdala/processed-data/Visium/16_LDSC/gsMap_cond_functional/cauchy_across_samples/GSCAN_SmkCes_cauchy.csv.gz
**** cauchy end ****
Mon Aug 10 07:46:24 PM EDT 2026
