**** cauchy start ****
Mon Aug 10 07:40:38 PM EDT 2026
ARM=functional TRAIT=BMI host=compute-163.cm.cluster job=34800360
                                   ___  ___            
                                   |  \/  |            
                          __ _ ___ | .  . | __ _ _ __  
                         / _` / __|| |\/| |/ _` | '_ \ 
                        | (_| \__ \| |  | | (_| | |_) |
                         \__, |___/\_|  |_/\__,_| .__/ 
                          __/ |                 | |    
                         |___/                  |_|
                                Version: 1.73.7                                 
================================================================================
[2026-08-10 19:40:38,815] INFO | gsMap - Running run_cauchy_combination...
[2026-08-10 19:40:38,815] INFO | gsMap - Started at: 2026-08-10 19:40:38
Using the following arguments for CauchyCombinationConfig:
{   'annotation': 'BS_k16_Semisupervised_wAI',
    'output_file': '/dcs04/lieber/marmaypag/spatialAMY_LIBD4125/spatialAmygdala/processed-data/Visium/16_LDSC/gsMap_cond_functional/cauchy_across_samples/BMI_cauchy.csv.gz',
    'sample_name': None,
    'sample_name_list': [   'Br6471',
                            'Br6660',
                            'Br6423',
                            'Br2743',
                            'Br8325',
                            'Br9192',
                            'Br9280'],
    'trait_name': 'BMI',
    'workdir': '/dcs04/lieber/marmaypag/spatialAMY_LIBD4125/spatialAmygdala/processed-data/Visium/16_LDSC/gsMap_cond_functional'}
[2026-08-10 19:40:41,538] INFO | gsMap.cauchy_combination_test - ------Loading LDSC results for sample Br6471...
[2026-08-10 19:40:41,636] INFO | gsMap.cauchy_combination_test - ------Loading ST data for sample Br6471...
[2026-08-10 19:40:50,001] INFO | gsMap.cauchy_combination_test - ------Loading LDSC results for sample Br6660...
[2026-08-10 19:40:50,102] INFO | gsMap.cauchy_combination_test - ------Loading ST data for sample Br6660...
[2026-08-10 19:41:02,195] INFO | gsMap.cauchy_combination_test - ------Loading LDSC results for sample Br6423...
[2026-08-10 19:41:02,325] INFO | gsMap.cauchy_combination_test - ------Loading ST data for sample Br6423...
[2026-08-10 19:41:03,258] INFO | gsMap.cauchy_combination_test - ------Loading LDSC results for sample Br2743...
[2026-08-10 19:41:03,361] INFO | gsMap.cauchy_combination_test - ------Loading ST data for sample Br2743...
[2026-08-10 19:41:04,052] INFO | gsMap.cauchy_combination_test - ------Loading LDSC results for sample Br8325...
[2026-08-10 19:41:04,139] INFO | gsMap.cauchy_combination_test - ------Loading ST data for sample Br8325...
[2026-08-10 19:41:07,959] INFO | gsMap.cauchy_combination_test - ------Loading LDSC results for sample Br9192...
[2026-08-10 19:41:08,205] INFO | gsMap.cauchy_combination_test - ------Loading ST data for sample Br9192...
[2026-08-10 19:41:16,501] INFO | gsMap.cauchy_combination_test - ------Loading LDSC results for sample Br9280...
[2026-08-10 19:41:16,631] INFO | gsMap.cauchy_combination_test - ------Loading ST data for sample Br9280...
[2026-08-10 19:41:24,665] INFO | gsMap.cauchy_combination_test - Removed 1/10363 outliers (median + 3IQR) for BM.
[2026-08-10 19:41:24,708] INFO | gsMap.cauchy_combination_test - Removed 155/49673 outliers (median + 3IQR) for BL.
[2026-08-10 19:41:24,832] INFO | gsMap.cauchy_combination_test - Removed 4/40228 outliers (median + 3IQR) for LA.
[2026-08-10 19:41:24,884] INFO | gsMap.cauchy_combination_test - Removed 1/11331 outliers (median + 3IQR) for BLD.
[2026-08-10 19:41:24,969] INFO | gsMap.cauchy_combination_test - Removed 3/1573 outliers (median + 3IQR) for AI.
[2026-08-10 19:41:24,980] INFO | gsMap.cauchy_combination_test - Removed 12/3075 outliers (median + 3IQR) for CHAT.
[2026-08-10 19:41:24,995] INFO | gsMap.cauchy_combination_test - Removed 10/13913 outliers (median + 3IQR) for MeA.
[2026-08-10 19:41:25,033] INFO | gsMap.cauchy_combination_test - Removed 2/10638 outliers (median + 3IQR) for PL.
[2026-08-10 19:41:25,801] INFO | gsMap.cauchy_combination_test - Cauchy combination results saved at /dcs04/lieber/marmaypag/spatialAMY_LIBD4125/spatialAmygdala/processed-data/Visium/16_LDSC/gsMap_cond_functional/cauchy_across_samples/BMI_cauchy.csv.gz.
[2026-08-10 19:41:25,841] INFO | gsMap - Finished running run_cauchy_combination at: 2026-08-10 19:41:25.
[2026-08-10 19:41:25,983] INFO | gsMap - Resource usage summary:
[2026-08-10 19:41:25,983] INFO | gsMap -   • Wall clock time: 47.17 seconds
[2026-08-10 19:41:25,983] INFO | gsMap -   • CPU time: 10.23 seconds
[2026-08-10 19:41:25,983] INFO | gsMap -   • Average CPU utilization: 22.3%
[2026-08-10 19:41:25,983] INFO | gsMap -   • Peak memory usage: 8.10 GB
gsmap rc=0 (non-fatal; success judged by output file)
OK BMI -> /dcs04/lieber/marmaypag/spatialAMY_LIBD4125/spatialAmygdala/processed-data/Visium/16_LDSC/gsMap_cond_functional/cauchy_across_samples/BMI_cauchy.csv.gz
-rw-rw----+ 1 mtotty hickslab 435 Aug 10 19:41 /dcs04/lieber/marmaypag/spatialAMY_LIBD4125/spatialAmygdala/processed-data/Visium/16_LDSC/gsMap_cond_functional/cauchy_across_samples/BMI_cauchy.csv.gz
**** cauchy end ****
Mon Aug 10 07:41:29 PM EDT 2026
