**** cauchy start ****
Mon Aug 10 09:03:33 PM EDT 2026
ARM=neuronal TRAIT=GSCAN_AgeSmk host=compute-116.cm.cluster job=34801702
                                   ___  ___            
                                   |  \/  |            
                          __ _ ___ | .  . | __ _ _ __  
                         / _` / __|| |\/| |/ _` | '_ \ 
                        | (_| \__ \| |  | | (_| | |_) |
                         \__, |___/\_|  |_/\__,_| .__/ 
                          __/ |                 | |    
                         |___/                  |_|
                                Version: 1.73.7                                 
================================================================================
[2026-08-10 21:03:33,533] INFO | gsMap - Running run_cauchy_combination...
[2026-08-10 21:03:33,533] INFO | gsMap - Started at: 2026-08-10 21:03:33
Using the following arguments for CauchyCombinationConfig:
{   'annotation': 'BS_k16_Semisupervised_wAI',
    'output_file': '/dcs04/lieber/marmaypag/spatialAMY_LIBD4125/spatialAmygdala/processed-data/Visium/16_LDSC/gsMap_cond_neuronal/cauchy_across_samples/GSCAN_AgeSmk_cauchy.csv.gz',
    'sample_name': None,
    'sample_name_list': [   'Br6471',
                            'Br6660',
                            'Br6423',
                            'Br2743',
                            'Br8325',
                            'Br9192',
                            'Br9280'],
    'trait_name': 'GSCAN_AgeSmk',
    'workdir': '/dcs04/lieber/marmaypag/spatialAMY_LIBD4125/spatialAmygdala/processed-data/Visium/16_LDSC/gsMap_cond_neuronal'}
[2026-08-10 21:03:37,388] INFO | gsMap.cauchy_combination_test - ------Loading LDSC results for sample Br6471...
[2026-08-10 21:03:37,534] INFO | gsMap.cauchy_combination_test - ------Loading ST data for sample Br6471...
[2026-08-10 21:03:58,830] INFO | gsMap.cauchy_combination_test - ------Loading LDSC results for sample Br6660...
[2026-08-10 21:03:59,010] INFO | gsMap.cauchy_combination_test - ------Loading ST data for sample Br6660...
[2026-08-10 21:04:20,260] INFO | gsMap.cauchy_combination_test - ------Loading LDSC results for sample Br6423...
[2026-08-10 21:04:20,399] INFO | gsMap.cauchy_combination_test - ------Loading ST data for sample Br6423...
[2026-08-10 21:04:36,819] INFO | gsMap.cauchy_combination_test - ------Loading LDSC results for sample Br2743...
[2026-08-10 21:04:36,970] INFO | gsMap.cauchy_combination_test - ------Loading ST data for sample Br2743...
[2026-08-10 21:04:46,278] INFO | gsMap.cauchy_combination_test - ------Loading LDSC results for sample Br8325...
[2026-08-10 21:04:46,385] INFO | gsMap.cauchy_combination_test - ------Loading ST data for sample Br8325...
[2026-08-10 21:04:48,183] INFO | gsMap.cauchy_combination_test - ------Loading LDSC results for sample Br9192...
[2026-08-10 21:04:48,310] INFO | gsMap.cauchy_combination_test - ------Loading ST data for sample Br9192...
[2026-08-10 21:04:57,891] INFO | gsMap.cauchy_combination_test - ------Loading LDSC results for sample Br9280...
[2026-08-10 21:04:58,051] INFO | gsMap.cauchy_combination_test - ------Loading ST data for sample Br9280...
[2026-08-10 21:04:58,902] INFO | gsMap.cauchy_combination_test - Removed 13/12183 outliers (median + 3IQR) for CoA.
[2026-08-10 21:04:58,945] INFO | gsMap.cauchy_combination_test - Removed 12/10363 outliers (median + 3IQR) for BM.
[2026-08-10 21:04:58,999] INFO | gsMap.cauchy_combination_test - Removed 451/49673 outliers (median + 3IQR) for BL.
[2026-08-10 21:04:59,187] INFO | gsMap.cauchy_combination_test - Removed 16/40228 outliers (median + 3IQR) for LA.
[2026-08-10 21:04:59,278] INFO | gsMap.cauchy_combination_test - Removed 8/11331 outliers (median + 3IQR) for BLD.
[2026-08-10 21:04:59,450] INFO | gsMap.cauchy_combination_test - Removed 6/3075 outliers (median + 3IQR) for CHAT.
[2026-08-10 21:04:59,476] INFO | gsMap.cauchy_combination_test - Removed 6/13913 outliers (median + 3IQR) for MeA.
[2026-08-10 21:04:59,519] INFO | gsMap.cauchy_combination_test - Removed 2/4774 outliers (median + 3IQR) for HPC.
[2026-08-10 21:04:59,549] INFO | gsMap.cauchy_combination_test - Removed 10/10638 outliers (median + 3IQR) for PL.
[2026-08-10 21:04:59,603] INFO | gsMap.cauchy_combination_test - Cauchy combination results saved at /dcs04/lieber/marmaypag/spatialAMY_LIBD4125/spatialAmygdala/processed-data/Visium/16_LDSC/gsMap_cond_neuronal/cauchy_across_samples/GSCAN_AgeSmk_cauchy.csv.gz.
[2026-08-10 21:04:59,616] INFO | gsMap - Finished running run_cauchy_combination at: 2026-08-10 21:04:59.
[2026-08-10 21:04:59,906] INFO | gsMap - Resource usage summary:
[2026-08-10 21:04:59,906] INFO | gsMap -   • Wall clock time: 1.44 minutes
[2026-08-10 21:04:59,906] INFO | gsMap -   • CPU time: 18.89 seconds
[2026-08-10 21:04:59,906] INFO | gsMap -   • Average CPU utilization: 24.0%
[2026-08-10 21:04:59,906] INFO | gsMap -   • Peak memory usage: 9.71 GB
gsmap rc=0 (non-fatal; success judged by output file)
OK GSCAN_AgeSmk -> /dcs04/lieber/marmaypag/spatialAMY_LIBD4125/spatialAmygdala/processed-data/Visium/16_LDSC/gsMap_cond_neuronal/cauchy_across_samples/GSCAN_AgeSmk_cauchy.csv.gz
-rw-rw----+ 1 mtotty hickslab 450 Aug 10 21:04 /dcs04/lieber/marmaypag/spatialAMY_LIBD4125/spatialAmygdala/processed-data/Visium/16_LDSC/gsMap_cond_neuronal/cauchy_across_samples/GSCAN_AgeSmk_cauchy.csv.gz
**** cauchy end ****
Mon Aug 10 09:05:00 PM EDT 2026
