**** cauchy start ****
Mon Aug 10 09:03:30 PM EDT 2026
ARM=neuronal TRAIT=Epilepsy_Focal host=compute-159.cm.cluster job=34801700
                                   ___  ___            
                                   |  \/  |            
                          __ _ ___ | .  . | __ _ _ __  
                         / _` / __|| |\/| |/ _` | '_ \ 
                        | (_| \__ \| |  | | (_| | |_) |
                         \__, |___/\_|  |_/\__,_| .__/ 
                          __/ |                 | |    
                         |___/                  |_|
                                Version: 1.73.7                                 
================================================================================
[2026-08-10 21:03:30,963] INFO | gsMap - Running run_cauchy_combination...
[2026-08-10 21:03:30,964] INFO | gsMap - Started at: 2026-08-10 21:03:30
Using the following arguments for CauchyCombinationConfig:
{   'annotation': 'BS_k16_Semisupervised_wAI',
    'output_file': '/dcs04/lieber/marmaypag/spatialAMY_LIBD4125/spatialAmygdala/processed-data/Visium/16_LDSC/gsMap_cond_neuronal/cauchy_across_samples/Epilepsy_Focal_cauchy.csv.gz',
    'sample_name': None,
    'sample_name_list': [   'Br6471',
                            'Br6660',
                            'Br6423',
                            'Br2743',
                            'Br8325',
                            'Br9192',
                            'Br9280'],
    'trait_name': 'Epilepsy_Focal',
    'workdir': '/dcs04/lieber/marmaypag/spatialAMY_LIBD4125/spatialAmygdala/processed-data/Visium/16_LDSC/gsMap_cond_neuronal'}
[2026-08-10 21:03:33,573] INFO | gsMap.cauchy_combination_test - ------Loading LDSC results for sample Br6471...
[2026-08-10 21:03:33,664] INFO | gsMap.cauchy_combination_test - ------Loading ST data for sample Br6471...
[2026-08-10 21:03:51,073] INFO | gsMap.cauchy_combination_test - ------Loading LDSC results for sample Br6660...
[2026-08-10 21:03:51,667] INFO | gsMap.cauchy_combination_test - ------Loading ST data for sample Br6660...
[2026-08-10 21:04:20,133] INFO | gsMap.cauchy_combination_test - ------Loading LDSC results for sample Br6423...
[2026-08-10 21:04:20,230] INFO | gsMap.cauchy_combination_test - ------Loading ST data for sample Br6423...
[2026-08-10 21:04:36,710] INFO | gsMap.cauchy_combination_test - ------Loading LDSC results for sample Br2743...
[2026-08-10 21:04:36,801] INFO | gsMap.cauchy_combination_test - ------Loading ST data for sample Br2743...
[2026-08-10 21:04:46,101] INFO | gsMap.cauchy_combination_test - ------Loading LDSC results for sample Br8325...
[2026-08-10 21:04:46,207] INFO | gsMap.cauchy_combination_test - ------Loading ST data for sample Br8325...
[2026-08-10 21:04:57,820] INFO | gsMap.cauchy_combination_test - ------Loading LDSC results for sample Br9192...
[2026-08-10 21:04:57,916] INFO | gsMap.cauchy_combination_test - ------Loading ST data for sample Br9192...
[2026-08-10 21:05:00,158] INFO | gsMap.cauchy_combination_test - ------Loading LDSC results for sample Br9280...
[2026-08-10 21:05:00,286] INFO | gsMap.cauchy_combination_test - ------Loading ST data for sample Br9280...
[2026-08-10 21:05:02,946] INFO | gsMap.cauchy_combination_test - Removed 84/12183 outliers (median + 3IQR) for CoA.
[2026-08-10 21:05:02,965] INFO | gsMap.cauchy_combination_test - Removed 35/10363 outliers (median + 3IQR) for BM.
[2026-08-10 21:05:03,074] INFO | gsMap.cauchy_combination_test - Removed 156/40228 outliers (median + 3IQR) for LA.
[2026-08-10 21:05:03,116] INFO | gsMap.cauchy_combination_test - Removed 24/11331 outliers (median + 3IQR) for BLD.
[2026-08-10 21:05:03,190] INFO | gsMap.cauchy_combination_test - Removed 10/1573 outliers (median + 3IQR) for AI.
[2026-08-10 21:05:03,213] INFO | gsMap.cauchy_combination_test - Removed 90/13913 outliers (median + 3IQR) for MeA.
[2026-08-10 21:05:03,233] INFO | gsMap.cauchy_combination_test - Removed 9/4774 outliers (median + 3IQR) for HPC.
[2026-08-10 21:05:03,247] INFO | gsMap.cauchy_combination_test - Removed 21/10638 outliers (median + 3IQR) for PL.
[2026-08-10 21:05:03,264] INFO | gsMap.cauchy_combination_test - Removed 19/4834 outliers (median + 3IQR) for CLA.
[2026-08-10 21:05:03,290] INFO | gsMap.cauchy_combination_test - Cauchy combination results saved at /dcs04/lieber/marmaypag/spatialAMY_LIBD4125/spatialAmygdala/processed-data/Visium/16_LDSC/gsMap_cond_neuronal/cauchy_across_samples/Epilepsy_Focal_cauchy.csv.gz.
[2026-08-10 21:05:03,299] INFO | gsMap - Finished running run_cauchy_combination at: 2026-08-10 21:05:03.
[2026-08-10 21:05:03,653] INFO | gsMap - Resource usage summary:
[2026-08-10 21:05:03,653] INFO | gsMap -   • Wall clock time: 1.54 minutes
[2026-08-10 21:05:03,653] INFO | gsMap -   • CPU time: 9.58 seconds
[2026-08-10 21:05:03,653] INFO | gsMap -   • Average CPU utilization: 12.0%
[2026-08-10 21:05:03,653] INFO | gsMap -   • Peak memory usage: 9.71 GB
gsmap rc=0 (non-fatal; success judged by output file)
OK Epilepsy_Focal -> /dcs04/lieber/marmaypag/spatialAMY_LIBD4125/spatialAmygdala/processed-data/Visium/16_LDSC/gsMap_cond_neuronal/cauchy_across_samples/Epilepsy_Focal_cauchy.csv.gz
-rw-rw----+ 1 mtotty hickslab 443 Aug 10 21:05 /dcs04/lieber/marmaypag/spatialAMY_LIBD4125/spatialAmygdala/processed-data/Visium/16_LDSC/gsMap_cond_neuronal/cauchy_across_samples/Epilepsy_Focal_cauchy.csv.gz
**** cauchy end ****
Mon Aug 10 09:05:04 PM EDT 2026
