**** cauchy start ****
Mon Aug 10 07:40:39 PM EDT 2026
ARM=functional TRAIT=MDD_2019_Edinburgh host=compute-105.cm.cluster job=34800372
                                   ___  ___            
                                   |  \/  |            
                          __ _ ___ | .  . | __ _ _ __  
                         / _` / __|| |\/| |/ _` | '_ \ 
                        | (_| \__ \| |  | | (_| | |_) |
                         \__, |___/\_|  |_/\__,_| .__/ 
                          __/ |                 | |    
                         |___/                  |_|
                                Version: 1.73.7                                 
================================================================================
[2026-08-10 19:40:40,166] INFO | gsMap - Running run_cauchy_combination...
[2026-08-10 19:40:40,166] INFO | gsMap - Started at: 2026-08-10 19:40:40
Using the following arguments for CauchyCombinationConfig:
{   'annotation': 'BS_k16_Semisupervised_wAI',
    'output_file': '/dcs04/lieber/marmaypag/spatialAMY_LIBD4125/spatialAmygdala/processed-data/Visium/16_LDSC/gsMap_cond_functional/cauchy_across_samples/MDD_2019_Edinburgh_cauchy.csv.gz',
    'sample_name': None,
    'sample_name_list': [   'Br6471',
                            'Br6660',
                            'Br6423',
                            'Br2743',
                            'Br8325',
                            'Br9192',
                            'Br9280'],
    'trait_name': 'MDD_2019_Edinburgh',
    'workdir': '/dcs04/lieber/marmaypag/spatialAMY_LIBD4125/spatialAmygdala/processed-data/Visium/16_LDSC/gsMap_cond_functional'}
[2026-08-10 19:40:43,544] INFO | gsMap.cauchy_combination_test - ------Loading LDSC results for sample Br6471...
[2026-08-10 19:40:43,676] INFO | gsMap.cauchy_combination_test - ------Loading ST data for sample Br6471...
[2026-08-10 19:40:50,147] INFO | gsMap.cauchy_combination_test - ------Loading LDSC results for sample Br6660...
[2026-08-10 19:40:50,274] INFO | gsMap.cauchy_combination_test - ------Loading ST data for sample Br6660...
[2026-08-10 19:41:02,320] INFO | gsMap.cauchy_combination_test - ------Loading LDSC results for sample Br6423...
[2026-08-10 19:41:02,534] INFO | gsMap.cauchy_combination_test - ------Loading ST data for sample Br6423...
[2026-08-10 19:41:10,915] INFO | gsMap.cauchy_combination_test - ------Loading LDSC results for sample Br2743...
[2026-08-10 19:41:11,046] INFO | gsMap.cauchy_combination_test - ------Loading ST data for sample Br2743...
[2026-08-10 19:41:15,295] INFO | gsMap.cauchy_combination_test - ------Loading LDSC results for sample Br8325...
[2026-08-10 19:41:15,395] INFO | gsMap.cauchy_combination_test - ------Loading ST data for sample Br8325...
[2026-08-10 19:41:25,353] INFO | gsMap.cauchy_combination_test - ------Loading LDSC results for sample Br9192...
/var/spool/slurm/d/job34800372/slurm_script: line 54: 2938879 Killed                  gsmap run_cauchy_combination --workdir "$WORKDIR" --trait_name "$TRAIT" --annotation "$ANNOT" --sample_name_list $SAMPLE_LIST --output_file "$OUT"
gsmap rc=137 (non-fatal; success judged by output file)
FAIL: no cross-sample Cauchy output for MDD_2019_Edinburgh (rc=137)
slurmstepd: error: Detected 1 oom-kill event(s) in StepId=34800372.batch. Some of your processes may have been killed by the cgroup out-of-memory handler.
