**** cauchy start ****
Mon Aug 10 07:40:38 PM EDT 2026
ARM=functional TRAIT=Stroke_2022_Any host=compute-151.cm.cluster job=34800384
                                   ___  ___            
                                   |  \/  |            
                          __ _ ___ | .  . | __ _ _ __  
                         / _` / __|| |\/| |/ _` | '_ \ 
                        | (_| \__ \| |  | | (_| | |_) |
                         \__, |___/\_|  |_/\__,_| .__/ 
                          __/ |                 | |    
                         |___/                  |_|
                                Version: 1.73.7                                 
================================================================================
[2026-08-10 19:40:39,170] INFO | gsMap - Running run_cauchy_combination...
[2026-08-10 19:40:39,170] INFO | gsMap - Started at: 2026-08-10 19:40:39
Using the following arguments for CauchyCombinationConfig:
{   'annotation': 'BS_k16_Semisupervised_wAI',
    'output_file': '/dcs04/lieber/marmaypag/spatialAMY_LIBD4125/spatialAmygdala/processed-data/Visium/16_LDSC/gsMap_cond_functional/cauchy_across_samples/Stroke_2022_Any_cauchy.csv.gz',
    'sample_name': None,
    'sample_name_list': [   'Br6471',
                            'Br6660',
                            'Br6423',
                            'Br2743',
                            'Br8325',
                            'Br9192',
                            'Br9280'],
    'trait_name': 'Stroke_2022_Any',
    'workdir': '/dcs04/lieber/marmaypag/spatialAMY_LIBD4125/spatialAmygdala/processed-data/Visium/16_LDSC/gsMap_cond_functional'}
[2026-08-10 19:40:44,712] INFO | gsMap.cauchy_combination_test - ------Loading LDSC results for sample Br6471...
[2026-08-10 19:40:44,910] INFO | gsMap.cauchy_combination_test - ------Loading ST data for sample Br6471...
[2026-08-10 19:40:50,426] INFO | gsMap.cauchy_combination_test - ------Loading LDSC results for sample Br6660...
[2026-08-10 19:40:50,653] INFO | gsMap.cauchy_combination_test - ------Loading ST data for sample Br6660...
[2026-08-10 19:41:02,535] INFO | gsMap.cauchy_combination_test - ------Loading LDSC results for sample Br6423...
[2026-08-10 19:41:02,703] INFO | gsMap.cauchy_combination_test - ------Loading ST data for sample Br6423...
[2026-08-10 19:41:10,867] INFO | gsMap.cauchy_combination_test - ------Loading LDSC results for sample Br2743...
[2026-08-10 19:41:11,043] INFO | gsMap.cauchy_combination_test - ------Loading ST data for sample Br2743...
[2026-08-10 19:41:15,403] INFO | gsMap.cauchy_combination_test - ------Loading LDSC results for sample Br8325...
[2026-08-10 19:41:15,554] INFO | gsMap.cauchy_combination_test - ------Loading ST data for sample Br8325...
[2026-08-10 19:41:21,702] INFO | gsMap.cauchy_combination_test - ------Loading LDSC results for sample Br9192...
[2026-08-10 19:41:21,976] INFO | gsMap.cauchy_combination_test - ------Loading ST data for sample Br9192...
[2026-08-10 19:41:25,500] INFO | gsMap.cauchy_combination_test - ------Loading LDSC results for sample Br9280...
[2026-08-10 19:41:25,635] INFO | gsMap.cauchy_combination_test - ------Loading ST data for sample Br9280...
[2026-08-10 19:41:31,790] INFO | gsMap.cauchy_combination_test - Removed 20/2611 outliers (median + 3IQR) for Endothelial.
[2026-08-10 19:41:31,820] INFO | gsMap.cauchy_combination_test - Removed 17/1573 outliers (median + 3IQR) for AI.
[2026-08-10 19:41:31,976] INFO | gsMap.cauchy_combination_test - Removed 87/10638 outliers (median + 3IQR) for PL.
[2026-08-10 19:41:32,138] INFO | gsMap.cauchy_combination_test - Cauchy combination results saved at /dcs04/lieber/marmaypag/spatialAMY_LIBD4125/spatialAmygdala/processed-data/Visium/16_LDSC/gsMap_cond_functional/cauchy_across_samples/Stroke_2022_Any_cauchy.csv.gz.
[2026-08-10 19:41:32,163] INFO | gsMap - Finished running run_cauchy_combination at: 2026-08-10 19:41:32.
[2026-08-10 19:41:32,625] INFO | gsMap - Resource usage summary:
[2026-08-10 19:41:32,625] INFO | gsMap -   • Wall clock time: 53.46 seconds
[2026-08-10 19:41:32,625] INFO | gsMap -   • CPU time: 27.11 seconds
[2026-08-10 19:41:32,625] INFO | gsMap -   • Average CPU utilization: 51.4%
[2026-08-10 19:41:32,625] INFO | gsMap -   • Peak memory usage: 8.09 GB
gsmap rc=0 (non-fatal; success judged by output file)
OK Stroke_2022_Any -> /dcs04/lieber/marmaypag/spatialAMY_LIBD4125/spatialAmygdala/processed-data/Visium/16_LDSC/gsMap_cond_functional/cauchy_across_samples/Stroke_2022_Any_cauchy.csv.gz
-rw-rw----+ 1 mtotty hickslab 438 Aug 10 19:41 /dcs04/lieber/marmaypag/spatialAMY_LIBD4125/spatialAmygdala/processed-data/Visium/16_LDSC/gsMap_cond_functional/cauchy_across_samples/Stroke_2022_Any_cauchy.csv.gz
**** cauchy end ****
Mon Aug 10 07:41:36 PM EDT 2026
