**** cauchy start ****
Mon Aug 10 07:40:38 PM EDT 2026
ARM=functional TRAIT=Epilepsy_Focal host=compute-153.cm.cluster job=34800363
                                   ___  ___            
                                   |  \/  |            
                          __ _ ___ | .  . | __ _ _ __  
                         / _` / __|| |\/| |/ _` | '_ \ 
                        | (_| \__ \| |  | | (_| | |_) |
                         \__, |___/\_|  |_/\__,_| .__/ 
                          __/ |                 | |    
                         |___/                  |_|
                                Version: 1.73.7                                 
================================================================================
[2026-08-10 19:40:39,070] INFO | gsMap - Running run_cauchy_combination...
[2026-08-10 19:40:39,070] INFO | gsMap - Started at: 2026-08-10 19:40:39
Using the following arguments for CauchyCombinationConfig:
{   'annotation': 'BS_k16_Semisupervised_wAI',
    'output_file': '/dcs04/lieber/marmaypag/spatialAMY_LIBD4125/spatialAmygdala/processed-data/Visium/16_LDSC/gsMap_cond_functional/cauchy_across_samples/Epilepsy_Focal_cauchy.csv.gz',
    'sample_name': None,
    'sample_name_list': [   'Br6471',
                            'Br6660',
                            'Br6423',
                            'Br2743',
                            'Br8325',
                            'Br9192',
                            'Br9280'],
    'trait_name': 'Epilepsy_Focal',
    'workdir': '/dcs04/lieber/marmaypag/spatialAMY_LIBD4125/spatialAmygdala/processed-data/Visium/16_LDSC/gsMap_cond_functional'}
[2026-08-10 19:40:42,782] INFO | gsMap.cauchy_combination_test - ------Loading LDSC results for sample Br6471...
[2026-08-10 19:40:42,896] INFO | gsMap.cauchy_combination_test - ------Loading ST data for sample Br6471...
[2026-08-10 19:40:50,058] INFO | gsMap.cauchy_combination_test - ------Loading LDSC results for sample Br6660...
[2026-08-10 19:40:50,182] INFO | gsMap.cauchy_combination_test - ------Loading ST data for sample Br6660...
[2026-08-10 19:41:02,238] INFO | gsMap.cauchy_combination_test - ------Loading LDSC results for sample Br6423...
[2026-08-10 19:41:02,406] INFO | gsMap.cauchy_combination_test - ------Loading ST data for sample Br6423...
[2026-08-10 19:41:09,543] INFO | gsMap.cauchy_combination_test - ------Loading LDSC results for sample Br2743...
[2026-08-10 19:41:09,646] INFO | gsMap.cauchy_combination_test - ------Loading ST data for sample Br2743...
[2026-08-10 19:41:13,723] INFO | gsMap.cauchy_combination_test - ------Loading LDSC results for sample Br8325...
[2026-08-10 19:41:13,822] INFO | gsMap.cauchy_combination_test - ------Loading ST data for sample Br8325...
[2026-08-10 19:41:24,422] INFO | gsMap.cauchy_combination_test - ------Loading LDSC results for sample Br9192...
[2026-08-10 19:41:24,549] INFO | gsMap.cauchy_combination_test - ------Loading ST data for sample Br9192...
[2026-08-10 19:41:29,993] INFO | gsMap.cauchy_combination_test - ------Loading LDSC results for sample Br9280...
[2026-08-10 19:41:30,105] INFO | gsMap.cauchy_combination_test - ------Loading ST data for sample Br9280...
[2026-08-10 19:41:32,739] INFO | gsMap.cauchy_combination_test - Removed 108/12183 outliers (median + 3IQR) for CoA.
[2026-08-10 19:41:32,778] INFO | gsMap.cauchy_combination_test - Removed 39/10363 outliers (median + 3IQR) for BM.
[2026-08-10 19:41:32,961] INFO | gsMap.cauchy_combination_test - Removed 155/40228 outliers (median + 3IQR) for LA.
[2026-08-10 19:41:33,030] INFO | gsMap.cauchy_combination_test - Removed 42/11331 outliers (median + 3IQR) for BLD.
[2026-08-10 19:41:33,146] INFO | gsMap.cauchy_combination_test - Removed 6/1573 outliers (median + 3IQR) for AI.
[2026-08-10 19:41:33,181] INFO | gsMap.cauchy_combination_test - Removed 86/13913 outliers (median + 3IQR) for MeA.
[2026-08-10 19:41:33,213] INFO | gsMap.cauchy_combination_test - Removed 22/4774 outliers (median + 3IQR) for HPC.
[2026-08-10 19:41:33,236] INFO | gsMap.cauchy_combination_test - Removed 28/10638 outliers (median + 3IQR) for PL.
[2026-08-10 19:41:33,264] INFO | gsMap.cauchy_combination_test - Removed 21/4834 outliers (median + 3IQR) for CLA.
[2026-08-10 19:41:33,338] INFO | gsMap.cauchy_combination_test - Cauchy combination results saved at /dcs04/lieber/marmaypag/spatialAMY_LIBD4125/spatialAmygdala/processed-data/Visium/16_LDSC/gsMap_cond_functional/cauchy_across_samples/Epilepsy_Focal_cauchy.csv.gz.
[2026-08-10 19:41:33,403] INFO | gsMap - Finished running run_cauchy_combination at: 2026-08-10 19:41:33.
[2026-08-10 19:41:33,557] INFO | gsMap - Resource usage summary:
[2026-08-10 19:41:33,557] INFO | gsMap -   • Wall clock time: 54.49 seconds
[2026-08-10 19:41:33,557] INFO | gsMap -   • CPU time: 15.99 seconds
[2026-08-10 19:41:33,557] INFO | gsMap -   • Average CPU utilization: 29.9%
[2026-08-10 19:41:33,557] INFO | gsMap -   • Peak memory usage: 8.09 GB
gsmap rc=0 (non-fatal; success judged by output file)
OK Epilepsy_Focal -> /dcs04/lieber/marmaypag/spatialAMY_LIBD4125/spatialAmygdala/processed-data/Visium/16_LDSC/gsMap_cond_functional/cauchy_across_samples/Epilepsy_Focal_cauchy.csv.gz
-rw-rw----+ 1 mtotty hickslab 436 Aug 10 19:41 /dcs04/lieber/marmaypag/spatialAMY_LIBD4125/spatialAmygdala/processed-data/Visium/16_LDSC/gsMap_cond_functional/cauchy_across_samples/Epilepsy_Focal_cauchy.csv.gz
**** cauchy end ****
Mon Aug 10 07:41:35 PM EDT 2026
