**** cauchy start ****
Mon Aug 10 07:46:16 PM EDT 2026
ARM=functional TRAIT=GSCAN_DrnkWk host=compute-106.cm.cluster job=34800546
                                   ___  ___            
                                   |  \/  |            
                          __ _ ___ | .  . | __ _ _ __  
                         / _` / __|| |\/| |/ _` | '_ \ 
                        | (_| \__ \| |  | | (_| | |_) |
                         \__, |___/\_|  |_/\__,_| .__/ 
                          __/ |                 | |    
                         |___/                  |_|
                                Version: 1.73.7                                 
================================================================================
[2026-08-10 19:46:16,183] INFO | gsMap - Running run_cauchy_combination...
[2026-08-10 19:46:16,183] INFO | gsMap - Started at: 2026-08-10 19:46:16
Using the following arguments for CauchyCombinationConfig:
{   'annotation': 'BS_k16_Semisupervised_wAI',
    'output_file': '/dcs04/lieber/marmaypag/spatialAMY_LIBD4125/spatialAmygdala/processed-data/Visium/16_LDSC/gsMap_cond_functional/cauchy_across_samples/GSCAN_DrnkWk_cauchy.csv.gz',
    'sample_name': None,
    'sample_name_list': [   'Br6471',
                            'Br6660',
                            'Br6423',
                            'Br2743',
                            'Br8325',
                            'Br9192',
                            'Br9280'],
    'trait_name': 'GSCAN_DrnkWk',
    'workdir': '/dcs04/lieber/marmaypag/spatialAMY_LIBD4125/spatialAmygdala/processed-data/Visium/16_LDSC/gsMap_cond_functional'}
[2026-08-10 19:46:19,269] INFO | gsMap.cauchy_combination_test - ------Loading LDSC results for sample Br6471...
[2026-08-10 19:46:19,398] INFO | gsMap.cauchy_combination_test - ------Loading ST data for sample Br6471...
[2026-08-10 19:46:32,116] INFO | gsMap.cauchy_combination_test - ------Loading LDSC results for sample Br6660...
[2026-08-10 19:46:32,287] INFO | gsMap.cauchy_combination_test - ------Loading ST data for sample Br6660...
[2026-08-10 19:46:49,405] INFO | gsMap.cauchy_combination_test - ------Loading LDSC results for sample Br6423...
[2026-08-10 19:46:49,522] INFO | gsMap.cauchy_combination_test - ------Loading ST data for sample Br6423...
[2026-08-10 19:47:09,303] INFO | gsMap.cauchy_combination_test - ------Loading LDSC results for sample Br2743...
[2026-08-10 19:47:09,408] INFO | gsMap.cauchy_combination_test - ------Loading ST data for sample Br2743...
[2026-08-10 19:47:20,446] INFO | gsMap.cauchy_combination_test - ------Loading LDSC results for sample Br8325...
[2026-08-10 19:47:20,572] INFO | gsMap.cauchy_combination_test - ------Loading ST data for sample Br8325...
[2026-08-10 19:47:22,359] INFO | gsMap.cauchy_combination_test - ------Loading LDSC results for sample Br9192...
[2026-08-10 19:47:22,585] INFO | gsMap.cauchy_combination_test - ------Loading ST data for sample Br9192...
[2026-08-10 19:47:30,253] INFO | gsMap.cauchy_combination_test - ------Loading LDSC results for sample Br9280...
[2026-08-10 19:47:30,337] INFO | gsMap.cauchy_combination_test - ------Loading ST data for sample Br9280...
[2026-08-10 19:47:37,303] INFO | gsMap.cauchy_combination_test - Removed 2/10363 outliers (median + 3IQR) for BM.
[2026-08-10 19:47:37,357] INFO | gsMap.cauchy_combination_test - Removed 253/49673 outliers (median + 3IQR) for BL.
[2026-08-10 19:47:37,552] INFO | gsMap.cauchy_combination_test - Removed 4/40228 outliers (median + 3IQR) for LA.
[2026-08-10 19:47:37,649] INFO | gsMap.cauchy_combination_test - Removed 4/11331 outliers (median + 3IQR) for BLD.
[2026-08-10 19:47:37,689] INFO | gsMap.cauchy_combination_test - Removed 81/11678 outliers (median + 3IQR) for CeA.
[2026-08-10 19:47:37,830] INFO | gsMap.cauchy_combination_test - Removed 12/3075 outliers (median + 3IQR) for CHAT.
[2026-08-10 19:47:37,855] INFO | gsMap.cauchy_combination_test - Removed 11/13913 outliers (median + 3IQR) for MeA.
[2026-08-10 19:47:37,925] INFO | gsMap.cauchy_combination_test - Removed 1/10638 outliers (median + 3IQR) for PL.
[2026-08-10 19:47:37,962] INFO | gsMap.cauchy_combination_test - Removed 1/4834 outliers (median + 3IQR) for CLA.
[2026-08-10 19:47:37,977] INFO | gsMap.cauchy_combination_test - Cauchy combination results saved at /dcs04/lieber/marmaypag/spatialAMY_LIBD4125/spatialAmygdala/processed-data/Visium/16_LDSC/gsMap_cond_functional/cauchy_across_samples/GSCAN_DrnkWk_cauchy.csv.gz.
[2026-08-10 19:47:37,990] INFO | gsMap - Finished running run_cauchy_combination at: 2026-08-10 19:47:37.
[2026-08-10 19:47:38,460] INFO | gsMap - Resource usage summary:
[2026-08-10 19:47:38,460] INFO | gsMap -   • Wall clock time: 1.37 minutes
[2026-08-10 19:47:38,460] INFO | gsMap -   • CPU time: 17.01 seconds
[2026-08-10 19:47:38,460] INFO | gsMap -   • Average CPU utilization: 20.8%
[2026-08-10 19:47:38,460] INFO | gsMap -   • Peak memory usage: 9.71 GB
gsmap rc=0 (non-fatal; success judged by output file)
OK GSCAN_DrnkWk -> /dcs04/lieber/marmaypag/spatialAMY_LIBD4125/spatialAmygdala/processed-data/Visium/16_LDSC/gsMap_cond_functional/cauchy_across_samples/GSCAN_DrnkWk_cauchy.csv.gz
-rw-rw----+ 1 mtotty hickslab 456 Aug 10 19:47 /dcs04/lieber/marmaypag/spatialAMY_LIBD4125/spatialAmygdala/processed-data/Visium/16_LDSC/gsMap_cond_functional/cauchy_across_samples/GSCAN_DrnkWk_cauchy.csv.gz
**** cauchy end ****
Mon Aug 10 07:47:39 PM EDT 2026
