**** cauchy start ****
Mon Aug 10 07:40:38 PM EDT 2026
ARM=functional TRAIT=Stroke_AS_MEGASTROKE host=compute-166.cm.cluster job=34800382
                                   ___  ___            
                                   |  \/  |            
                          __ _ ___ | .  . | __ _ _ __  
                         / _` / __|| |\/| |/ _` | '_ \ 
                        | (_| \__ \| |  | | (_| | |_) |
                         \__, |___/\_|  |_/\__,_| .__/ 
                          __/ |                 | |    
                         |___/                  |_|
                                Version: 1.73.7                                 
================================================================================
[2026-08-10 19:40:38,396] INFO | gsMap - Running run_cauchy_combination...
[2026-08-10 19:40:38,396] INFO | gsMap - Started at: 2026-08-10 19:40:38
Using the following arguments for CauchyCombinationConfig:
{   'annotation': 'BS_k16_Semisupervised_wAI',
    'output_file': '/dcs04/lieber/marmaypag/spatialAMY_LIBD4125/spatialAmygdala/processed-data/Visium/16_LDSC/gsMap_cond_functional/cauchy_across_samples/Stroke_AS_MEGASTROKE_cauchy.csv.gz',
    'sample_name': None,
    'sample_name_list': [   'Br6471',
                            'Br6660',
                            'Br6423',
                            'Br2743',
                            'Br8325',
                            'Br9192',
                            'Br9280'],
    'trait_name': 'Stroke_AS_MEGASTROKE',
    'workdir': '/dcs04/lieber/marmaypag/spatialAMY_LIBD4125/spatialAmygdala/processed-data/Visium/16_LDSC/gsMap_cond_functional'}
[2026-08-10 19:40:41,477] INFO | gsMap.cauchy_combination_test - ------Loading LDSC results for sample Br6471...
[2026-08-10 19:40:41,575] INFO | gsMap.cauchy_combination_test - ------Loading ST data for sample Br6471...
[2026-08-10 19:40:49,991] INFO | gsMap.cauchy_combination_test - ------Loading LDSC results for sample Br6660...
[2026-08-10 19:40:50,092] INFO | gsMap.cauchy_combination_test - ------Loading ST data for sample Br6660...
[2026-08-10 19:40:50,975] INFO | gsMap.cauchy_combination_test - ------Loading LDSC results for sample Br6423...
[2026-08-10 19:40:51,058] INFO | gsMap.cauchy_combination_test - ------Loading ST data for sample Br6423...
[2026-08-10 19:41:06,231] INFO | gsMap.cauchy_combination_test - ------Loading LDSC results for sample Br2743...
[2026-08-10 19:41:06,332] INFO | gsMap.cauchy_combination_test - ------Loading ST data for sample Br2743...
[2026-08-10 19:41:13,661] INFO | gsMap.cauchy_combination_test - ------Loading LDSC results for sample Br8325...
[2026-08-10 19:41:13,794] INFO | gsMap.cauchy_combination_test - ------Loading ST data for sample Br8325...
[2026-08-10 19:41:17,456] INFO | gsMap.cauchy_combination_test - ------Loading LDSC results for sample Br9192...
[2026-08-10 19:41:17,721] INFO | gsMap.cauchy_combination_test - ------Loading ST data for sample Br9192...
[2026-08-10 19:41:20,058] INFO | gsMap.cauchy_combination_test - ------Loading LDSC results for sample Br9280...
[2026-08-10 19:41:20,170] INFO | gsMap.cauchy_combination_test - ------Loading ST data for sample Br9280...
[2026-08-10 19:41:22,431] INFO | gsMap.cauchy_combination_test - Removed 148/19502 outliers (median + 3IQR) for WM.2.
[2026-08-10 19:41:22,454] INFO | gsMap.cauchy_combination_test - Removed 12/2611 outliers (median + 3IQR) for Endothelial.
[2026-08-10 19:41:22,763] INFO | gsMap.cauchy_combination_test - Cauchy combination results saved at /dcs04/lieber/marmaypag/spatialAMY_LIBD4125/spatialAmygdala/processed-data/Visium/16_LDSC/gsMap_cond_functional/cauchy_across_samples/Stroke_AS_MEGASTROKE_cauchy.csv.gz.
[2026-08-10 19:41:22,780] INFO | gsMap - Finished running run_cauchy_combination at: 2026-08-10 19:41:22.
[2026-08-10 19:41:22,995] INFO | gsMap - Resource usage summary:
[2026-08-10 19:41:22,995] INFO | gsMap -   • Wall clock time: 44.60 seconds
[2026-08-10 19:41:22,996] INFO | gsMap -   • CPU time: 10.15 seconds
[2026-08-10 19:41:22,996] INFO | gsMap -   • Average CPU utilization: 23.1%
[2026-08-10 19:41:22,996] INFO | gsMap -   • Peak memory usage: 8.09 GB
gsmap rc=0 (non-fatal; success judged by output file)
OK Stroke_AS_MEGASTROKE -> /dcs04/lieber/marmaypag/spatialAMY_LIBD4125/spatialAmygdala/processed-data/Visium/16_LDSC/gsMap_cond_functional/cauchy_across_samples/Stroke_AS_MEGASTROKE_cauchy.csv.gz
-rw-rw----+ 1 mtotty hickslab 445 Aug 10 19:41 /dcs04/lieber/marmaypag/spatialAMY_LIBD4125/spatialAmygdala/processed-data/Visium/16_LDSC/gsMap_cond_functional/cauchy_across_samples/Stroke_AS_MEGASTROKE_cauchy.csv.gz
**** cauchy end ****
Mon Aug 10 07:41:27 PM EDT 2026
