**** cauchy start ****
Mon Aug 10 07:47:16 PM EDT 2026
ARM=functional TRAIT=MDD_2019_Edinburgh host=compute-154.cm.cluster job=34800551
                                   ___  ___            
                                   |  \/  |            
                          __ _ ___ | .  . | __ _ _ __  
                         / _` / __|| |\/| |/ _` | '_ \ 
                        | (_| \__ \| |  | | (_| | |_) |
                         \__, |___/\_|  |_/\__,_| .__/ 
                          __/ |                 | |    
                         |___/                  |_|
                                Version: 1.73.7                                 
================================================================================
[2026-08-10 19:47:16,256] INFO | gsMap - Running run_cauchy_combination...
[2026-08-10 19:47:16,256] INFO | gsMap - Started at: 2026-08-10 19:47:16
Using the following arguments for CauchyCombinationConfig:
{   'annotation': 'BS_k16_Semisupervised_wAI',
    'output_file': '/dcs04/lieber/marmaypag/spatialAMY_LIBD4125/spatialAmygdala/processed-data/Visium/16_LDSC/gsMap_cond_functional/cauchy_across_samples/MDD_2019_Edinburgh_cauchy.csv.gz',
    'sample_name': None,
    'sample_name_list': [   'Br6471',
                            'Br6660',
                            'Br6423',
                            'Br2743',
                            'Br8325',
                            'Br9192',
                            'Br9280'],
    'trait_name': 'MDD_2019_Edinburgh',
    'workdir': '/dcs04/lieber/marmaypag/spatialAMY_LIBD4125/spatialAmygdala/processed-data/Visium/16_LDSC/gsMap_cond_functional'}
[2026-08-10 19:47:18,226] INFO | gsMap.cauchy_combination_test - ------Loading LDSC results for sample Br6471...
[2026-08-10 19:47:18,338] INFO | gsMap.cauchy_combination_test - ------Loading ST data for sample Br6471...
[2026-08-10 19:47:19,069] INFO | gsMap.cauchy_combination_test - ------Loading LDSC results for sample Br6660...
[2026-08-10 19:47:19,185] INFO | gsMap.cauchy_combination_test - ------Loading ST data for sample Br6660...
[2026-08-10 19:47:20,142] INFO | gsMap.cauchy_combination_test - ------Loading LDSC results for sample Br6423...
[2026-08-10 19:47:20,245] INFO | gsMap.cauchy_combination_test - ------Loading ST data for sample Br6423...
[2026-08-10 19:47:21,135] INFO | gsMap.cauchy_combination_test - ------Loading LDSC results for sample Br2743...
[2026-08-10 19:47:21,222] INFO | gsMap.cauchy_combination_test - ------Loading ST data for sample Br2743...
[2026-08-10 19:47:21,781] INFO | gsMap.cauchy_combination_test - ------Loading LDSC results for sample Br8325...
[2026-08-10 19:47:21,869] INFO | gsMap.cauchy_combination_test - ------Loading ST data for sample Br8325...
[2026-08-10 19:47:22,529] INFO | gsMap.cauchy_combination_test - ------Loading LDSC results for sample Br9192...
[2026-08-10 19:47:22,955] INFO | gsMap.cauchy_combination_test - ------Loading ST data for sample Br9192...
[2026-08-10 19:47:23,456] INFO | gsMap.cauchy_combination_test - ------Loading LDSC results for sample Br9280...
[2026-08-10 19:47:23,764] INFO | gsMap.cauchy_combination_test - ------Loading ST data for sample Br9280...
[2026-08-10 19:47:24,192] INFO | gsMap.cauchy_combination_test - Removed 1/10363 outliers (median + 3IQR) for BM.
[2026-08-10 19:47:24,217] INFO | gsMap.cauchy_combination_test - Removed 39/49673 outliers (median + 3IQR) for BL.
[2026-08-10 19:47:24,306] INFO | gsMap.cauchy_combination_test - Removed 1/40228 outliers (median + 3IQR) for LA.
[2026-08-10 19:47:24,350] INFO | gsMap.cauchy_combination_test - Removed 3/11331 outliers (median + 3IQR) for BLD.
[2026-08-10 19:47:24,448] INFO | gsMap.cauchy_combination_test - Removed 9/13913 outliers (median + 3IQR) for MeA.
[2026-08-10 19:47:24,482] INFO | gsMap.cauchy_combination_test - Removed 5/10638 outliers (median + 3IQR) for PL.
[2026-08-10 19:47:25,025] INFO | gsMap.cauchy_combination_test - Cauchy combination results saved at /dcs04/lieber/marmaypag/spatialAMY_LIBD4125/spatialAmygdala/processed-data/Visium/16_LDSC/gsMap_cond_functional/cauchy_across_samples/MDD_2019_Edinburgh_cauchy.csv.gz.
[2026-08-10 19:47:25,033] INFO | gsMap - Finished running run_cauchy_combination at: 2026-08-10 19:47:25.
[2026-08-10 19:47:25,268] INFO | gsMap - Resource usage summary:
[2026-08-10 19:47:25,268] INFO | gsMap -   • Wall clock time: 9.01 seconds
[2026-08-10 19:47:25,268] INFO | gsMap -   • CPU time: 6.81 seconds
[2026-08-10 19:47:25,268] INFO | gsMap -   • Average CPU utilization: 79.9%
[2026-08-10 19:47:25,268] INFO | gsMap -   • Peak memory usage: 9.71 GB
gsmap rc=0 (non-fatal; success judged by output file)
OK MDD_2019_Edinburgh -> /dcs04/lieber/marmaypag/spatialAMY_LIBD4125/spatialAmygdala/processed-data/Visium/16_LDSC/gsMap_cond_functional/cauchy_across_samples/MDD_2019_Edinburgh_cauchy.csv.gz
-rw-rw----+ 1 mtotty hickslab 460 Aug 10 19:47 /dcs04/lieber/marmaypag/spatialAMY_LIBD4125/spatialAmygdala/processed-data/Visium/16_LDSC/gsMap_cond_functional/cauchy_across_samples/MDD_2019_Edinburgh_cauchy.csv.gz
**** cauchy end ****
Mon Aug 10 07:47:25 PM EDT 2026
