**** cauchy start ****
Mon Aug 10 07:40:40 PM EDT 2026
ARM=functional TRAIT=Epilepsy_GGE host=compute-106.cm.cluster job=34800364
                                   ___  ___            
                                   |  \/  |            
                          __ _ ___ | .  . | __ _ _ __  
                         / _` / __|| |\/| |/ _` | '_ \ 
                        | (_| \__ \| |  | | (_| | |_) |
                         \__, |___/\_|  |_/\__,_| .__/ 
                          __/ |                 | |    
                         |___/                  |_|
                                Version: 1.73.7                                 
================================================================================
[2026-08-10 19:40:40,213] INFO | gsMap - Running run_cauchy_combination...
[2026-08-10 19:40:40,213] INFO | gsMap - Started at: 2026-08-10 19:40:40
Using the following arguments for CauchyCombinationConfig:
{   'annotation': 'BS_k16_Semisupervised_wAI',
    'output_file': '/dcs04/lieber/marmaypag/spatialAMY_LIBD4125/spatialAmygdala/processed-data/Visium/16_LDSC/gsMap_cond_functional/cauchy_across_samples/Epilepsy_GGE_cauchy.csv.gz',
    'sample_name': None,
    'sample_name_list': [   'Br6471',
                            'Br6660',
                            'Br6423',
                            'Br2743',
                            'Br8325',
                            'Br9192',
                            'Br9280'],
    'trait_name': 'Epilepsy_GGE',
    'workdir': '/dcs04/lieber/marmaypag/spatialAMY_LIBD4125/spatialAmygdala/processed-data/Visium/16_LDSC/gsMap_cond_functional'}
[2026-08-10 19:40:43,664] INFO | gsMap.cauchy_combination_test - ------Loading LDSC results for sample Br6471...
[2026-08-10 19:40:43,809] INFO | gsMap.cauchy_combination_test - ------Loading ST data for sample Br6471...
[2026-08-10 19:40:50,320] INFO | gsMap.cauchy_combination_test - ------Loading LDSC results for sample Br6660...
[2026-08-10 19:40:50,451] INFO | gsMap.cauchy_combination_test - ------Loading ST data for sample Br6660...
[2026-08-10 19:41:02,335] INFO | gsMap.cauchy_combination_test - ------Loading LDSC results for sample Br6423...
[2026-08-10 19:41:02,489] INFO | gsMap.cauchy_combination_test - ------Loading ST data for sample Br6423...
[2026-08-10 19:41:13,373] INFO | gsMap.cauchy_combination_test - ------Loading LDSC results for sample Br2743...
[2026-08-10 19:41:13,489] INFO | gsMap.cauchy_combination_test - ------Loading ST data for sample Br2743...
[2026-08-10 19:41:17,993] INFO | gsMap.cauchy_combination_test - ------Loading LDSC results for sample Br8325...
[2026-08-10 19:41:18,134] INFO | gsMap.cauchy_combination_test - ------Loading ST data for sample Br8325...
[2026-08-10 19:41:21,833] INFO | gsMap.cauchy_combination_test - ------Loading LDSC results for sample Br9192...
[2026-08-10 19:41:22,423] INFO | gsMap.cauchy_combination_test - ------Loading ST data for sample Br9192...
[2026-08-10 19:42:35,683] INFO | gsMap.cauchy_combination_test - ------Loading LDSC results for sample Br9280...
[2026-08-10 19:42:36,985] INFO | gsMap.cauchy_combination_test - ------Loading ST data for sample Br9280...
[2026-08-10 19:43:28,737] INFO | gsMap.cauchy_combination_test - Removed 1/12183 outliers (median + 3IQR) for CoA.
[2026-08-10 19:43:29,450] INFO | gsMap.cauchy_combination_test - Removed 180/49673 outliers (median + 3IQR) for BL.
[2026-08-10 19:43:30,206] INFO | gsMap.cauchy_combination_test - Removed 12/13913 outliers (median + 3IQR) for MeA.
[2026-08-10 19:43:30,323] INFO | gsMap.cauchy_combination_test - Removed 2/10638 outliers (median + 3IQR) for PL.
[2026-08-10 19:43:30,360] INFO | gsMap.cauchy_combination_test - Removed 1/4834 outliers (median + 3IQR) for CLA.
[2026-08-10 19:43:32,585] INFO | gsMap.cauchy_combination_test - Cauchy combination results saved at /dcs04/lieber/marmaypag/spatialAMY_LIBD4125/spatialAmygdala/processed-data/Visium/16_LDSC/gsMap_cond_functional/cauchy_across_samples/Epilepsy_GGE_cauchy.csv.gz.
[2026-08-10 19:43:32,948] INFO | gsMap - Finished running run_cauchy_combination at: 2026-08-10 19:43:32.
[2026-08-10 19:43:33,615] INFO | gsMap - Resource usage summary:
[2026-08-10 19:43:33,615] INFO | gsMap -   • Wall clock time: 2.89 minutes
[2026-08-10 19:43:33,615] INFO | gsMap -   • CPU time: 23.31 seconds
[2026-08-10 19:43:33,615] INFO | gsMap -   • Average CPU utilization: 13.7%
[2026-08-10 19:43:33,615] INFO | gsMap -   • Peak memory usage: 8.11 GB
gsmap rc=0 (non-fatal; success judged by output file)
OK Epilepsy_GGE -> /dcs04/lieber/marmaypag/spatialAMY_LIBD4125/spatialAmygdala/processed-data/Visium/16_LDSC/gsMap_cond_functional/cauchy_across_samples/Epilepsy_GGE_cauchy.csv.gz
-rw-rw----+ 1 mtotty hickslab 455 Aug 10 19:43 /dcs04/lieber/marmaypag/spatialAMY_LIBD4125/spatialAmygdala/processed-data/Visium/16_LDSC/gsMap_cond_functional/cauchy_across_samples/Epilepsy_GGE_cauchy.csv.gz
**** cauchy end ****
Mon Aug 10 07:44:05 PM EDT 2026
