**** cauchy start ****
Mon Aug 10 07:40:40 PM EDT 2026
ARM=functional TRAIT=OUD_META host=compute-127.cm.cluster job=34800377
                                   ___  ___            
                                   |  \/  |            
                          __ _ ___ | .  . | __ _ _ __  
                         / _` / __|| |\/| |/ _` | '_ \ 
                        | (_| \__ \| |  | | (_| | |_) |
                         \__, |___/\_|  |_/\__,_| .__/ 
                          __/ |                 | |    
                         |___/                  |_|
                                Version: 1.73.7                                 
================================================================================
[2026-08-10 19:40:40,185] INFO | gsMap - Running run_cauchy_combination...
[2026-08-10 19:40:40,185] INFO | gsMap - Started at: 2026-08-10 19:40:40
Using the following arguments for CauchyCombinationConfig:
{   'annotation': 'BS_k16_Semisupervised_wAI',
    'output_file': '/dcs04/lieber/marmaypag/spatialAMY_LIBD4125/spatialAmygdala/processed-data/Visium/16_LDSC/gsMap_cond_functional/cauchy_across_samples/OUD_META_cauchy.csv.gz',
    'sample_name': None,
    'sample_name_list': [   'Br6471',
                            'Br6660',
                            'Br6423',
                            'Br2743',
                            'Br8325',
                            'Br9192',
                            'Br9280'],
    'trait_name': 'OUD_META',
    'workdir': '/dcs04/lieber/marmaypag/spatialAMY_LIBD4125/spatialAmygdala/processed-data/Visium/16_LDSC/gsMap_cond_functional'}
[2026-08-10 19:40:44,022] INFO | gsMap.cauchy_combination_test - ------Loading LDSC results for sample Br6471...
[2026-08-10 19:40:44,139] INFO | gsMap.cauchy_combination_test - ------Loading ST data for sample Br6471...
[2026-08-10 19:40:50,140] INFO | gsMap.cauchy_combination_test - ------Loading LDSC results for sample Br6660...
[2026-08-10 19:40:50,314] INFO | gsMap.cauchy_combination_test - ------Loading ST data for sample Br6660...
[2026-08-10 19:41:02,326] INFO | gsMap.cauchy_combination_test - ------Loading LDSC results for sample Br6423...
[2026-08-10 19:41:02,485] INFO | gsMap.cauchy_combination_test - ------Loading ST data for sample Br6423...
[2026-08-10 19:41:10,600] INFO | gsMap.cauchy_combination_test - ------Loading LDSC results for sample Br2743...
[2026-08-10 19:41:10,743] INFO | gsMap.cauchy_combination_test - ------Loading ST data for sample Br2743...
[2026-08-10 19:41:15,158] INFO | gsMap.cauchy_combination_test - ------Loading LDSC results for sample Br8325...
[2026-08-10 19:41:15,282] INFO | gsMap.cauchy_combination_test - ------Loading ST data for sample Br8325...
[2026-08-10 19:41:24,502] INFO | gsMap.cauchy_combination_test - ------Loading LDSC results for sample Br9192...
[2026-08-10 19:41:24,683] INFO | gsMap.cauchy_combination_test - ------Loading ST data for sample Br9192...
[2026-08-10 19:41:30,071] INFO | gsMap.cauchy_combination_test - ------Loading LDSC results for sample Br9280...
[2026-08-10 19:41:30,189] INFO | gsMap.cauchy_combination_test - ------Loading ST data for sample Br9280...
[2026-08-10 19:41:32,920] INFO | gsMap.cauchy_combination_test - Removed 1/12183 outliers (median + 3IQR) for CoA.
[2026-08-10 19:41:32,972] INFO | gsMap.cauchy_combination_test - Removed 7/10363 outliers (median + 3IQR) for BM.
[2026-08-10 19:41:33,016] INFO | gsMap.cauchy_combination_test - Removed 376/49673 outliers (median + 3IQR) for BL.
[2026-08-10 19:41:33,181] INFO | gsMap.cauchy_combination_test - Removed 21/40228 outliers (median + 3IQR) for LA.
[2026-08-10 19:41:33,257] INFO | gsMap.cauchy_combination_test - Removed 11/11331 outliers (median + 3IQR) for BLD.
[2026-08-10 19:41:33,389] INFO | gsMap.cauchy_combination_test - Removed 1/1573 outliers (median + 3IQR) for AI.
[2026-08-10 19:41:33,429] INFO | gsMap.cauchy_combination_test - Removed 36/13913 outliers (median + 3IQR) for MeA.
[2026-08-10 19:41:33,466] INFO | gsMap.cauchy_combination_test - Removed 4/4774 outliers (median + 3IQR) for HPC.
[2026-08-10 19:41:33,521] INFO | gsMap.cauchy_combination_test - Removed 8/4834 outliers (median + 3IQR) for CLA.
[2026-08-10 19:41:33,598] INFO | gsMap.cauchy_combination_test - Cauchy combination results saved at /dcs04/lieber/marmaypag/spatialAMY_LIBD4125/spatialAmygdala/processed-data/Visium/16_LDSC/gsMap_cond_functional/cauchy_across_samples/OUD_META_cauchy.csv.gz.
[2026-08-10 19:41:33,612] INFO | gsMap - Finished running run_cauchy_combination at: 2026-08-10 19:41:33.
[2026-08-10 19:41:33,731] INFO | gsMap - Resource usage summary:
[2026-08-10 19:41:33,731] INFO | gsMap -   • Wall clock time: 53.55 seconds
[2026-08-10 19:41:33,731] INFO | gsMap -   • CPU time: 22.99 seconds
[2026-08-10 19:41:33,731] INFO | gsMap -   • Average CPU utilization: 43.2%
[2026-08-10 19:41:33,731] INFO | gsMap -   • Peak memory usage: 8.00 GB
gsmap rc=0 (non-fatal; success judged by output file)
OK OUD_META -> /dcs04/lieber/marmaypag/spatialAMY_LIBD4125/spatialAmygdala/processed-data/Visium/16_LDSC/gsMap_cond_functional/cauchy_across_samples/OUD_META_cauchy.csv.gz
-rw-rw----+ 1 mtotty hickslab 436 Aug 10 19:41 /dcs04/lieber/marmaypag/spatialAMY_LIBD4125/spatialAmygdala/processed-data/Visium/16_LDSC/gsMap_cond_functional/cauchy_across_samples/OUD_META_cauchy.csv.gz
**** cauchy end ****
Mon Aug 10 07:41:36 PM EDT 2026
