**** cauchy start ****
Mon Aug 10 07:40:38 PM EDT 2026
ARM=functional TRAIT=Autism host=compute-160.cm.cluster job=34800357
                                   ___  ___            
                                   |  \/  |            
                          __ _ ___ | .  . | __ _ _ __  
                         / _` / __|| |\/| |/ _` | '_ \ 
                        | (_| \__ \| |  | | (_| | |_) |
                         \__, |___/\_|  |_/\__,_| .__/ 
                          __/ |                 | |    
                         |___/                  |_|
                                Version: 1.73.7                                 
================================================================================
[2026-08-10 19:40:38,712] INFO | gsMap - Running run_cauchy_combination...
[2026-08-10 19:40:38,712] INFO | gsMap - Started at: 2026-08-10 19:40:38
Using the following arguments for CauchyCombinationConfig:
{   'annotation': 'BS_k16_Semisupervised_wAI',
    'output_file': '/dcs04/lieber/marmaypag/spatialAMY_LIBD4125/spatialAmygdala/processed-data/Visium/16_LDSC/gsMap_cond_functional/cauchy_across_samples/Autism_cauchy.csv.gz',
    'sample_name': None,
    'sample_name_list': [   'Br6471',
                            'Br6660',
                            'Br6423',
                            'Br2743',
                            'Br8325',
                            'Br9192',
                            'Br9280'],
    'trait_name': 'Autism',
    'workdir': '/dcs04/lieber/marmaypag/spatialAMY_LIBD4125/spatialAmygdala/processed-data/Visium/16_LDSC/gsMap_cond_functional'}
[2026-08-10 19:40:41,383] INFO | gsMap.cauchy_combination_test - ------Loading LDSC results for sample Br6471...
[2026-08-10 19:40:41,564] INFO | gsMap.cauchy_combination_test - ------Loading ST data for sample Br6471...
[2026-08-10 19:40:49,990] INFO | gsMap.cauchy_combination_test - ------Loading LDSC results for sample Br6660...
[2026-08-10 19:40:50,100] INFO | gsMap.cauchy_combination_test - ------Loading ST data for sample Br6660...
[2026-08-10 19:41:02,192] INFO | gsMap.cauchy_combination_test - ------Loading LDSC results for sample Br6423...
[2026-08-10 19:41:02,314] INFO | gsMap.cauchy_combination_test - ------Loading ST data for sample Br6423...
[2026-08-10 19:41:09,497] INFO | gsMap.cauchy_combination_test - ------Loading LDSC results for sample Br2743...
[2026-08-10 19:41:09,593] INFO | gsMap.cauchy_combination_test - ------Loading ST data for sample Br2743...
[2026-08-10 19:41:13,678] INFO | gsMap.cauchy_combination_test - ------Loading LDSC results for sample Br8325...
[2026-08-10 19:41:13,887] INFO | gsMap.cauchy_combination_test - ------Loading ST data for sample Br8325...
[2026-08-10 19:41:24,710] INFO | gsMap.cauchy_combination_test - ------Loading LDSC results for sample Br9192...
[2026-08-10 19:41:24,904] INFO | gsMap.cauchy_combination_test - ------Loading ST data for sample Br9192...
[2026-08-10 19:41:30,028] INFO | gsMap.cauchy_combination_test - ------Loading LDSC results for sample Br9280...
[2026-08-10 19:41:30,143] INFO | gsMap.cauchy_combination_test - ------Loading ST data for sample Br9280...
[2026-08-10 19:41:33,776] INFO | gsMap.cauchy_combination_test - Removed 10/12183 outliers (median + 3IQR) for CoA.
[2026-08-10 19:41:33,840] INFO | gsMap.cauchy_combination_test - Removed 16/10363 outliers (median + 3IQR) for BM.
[2026-08-10 19:41:33,872] INFO | gsMap.cauchy_combination_test - Removed 323/49673 outliers (median + 3IQR) for BL.
[2026-08-10 19:41:33,958] INFO | gsMap.cauchy_combination_test - Removed 199/27643 outliers (median + 3IQR) for WM.1.
[2026-08-10 19:41:34,002] INFO | gsMap.cauchy_combination_test - Removed 81/40228 outliers (median + 3IQR) for LA.
[2026-08-10 19:41:34,053] INFO | gsMap.cauchy_combination_test - Removed 36/11331 outliers (median + 3IQR) for BLD.
[2026-08-10 19:41:34,077] INFO | gsMap.cauchy_combination_test - Removed 90/11678 outliers (median + 3IQR) for CeA.
[2026-08-10 19:41:34,145] INFO | gsMap.cauchy_combination_test - Removed 8/1573 outliers (median + 3IQR) for AI.
[2026-08-10 19:41:34,173] INFO | gsMap.cauchy_combination_test - Removed 21/13913 outliers (median + 3IQR) for MeA.
[2026-08-10 19:41:34,213] INFO | gsMap.cauchy_combination_test - Removed 7/10638 outliers (median + 3IQR) for PL.
[2026-08-10 19:41:34,234] INFO | gsMap.cauchy_combination_test - Removed 14/4834 outliers (median + 3IQR) for CLA.
[2026-08-10 19:41:34,382] INFO | gsMap.cauchy_combination_test - Cauchy combination results saved at /dcs04/lieber/marmaypag/spatialAMY_LIBD4125/spatialAmygdala/processed-data/Visium/16_LDSC/gsMap_cond_functional/cauchy_across_samples/Autism_cauchy.csv.gz.
[2026-08-10 19:41:34,412] INFO | gsMap - Finished running run_cauchy_combination at: 2026-08-10 19:41:34.
[2026-08-10 19:41:34,873] INFO | gsMap - Resource usage summary:
[2026-08-10 19:41:34,873] INFO | gsMap -   • Wall clock time: 56.16 seconds
[2026-08-10 19:41:34,873] INFO | gsMap -   • CPU time: 13.16 seconds
[2026-08-10 19:41:34,873] INFO | gsMap -   • Average CPU utilization: 23.6%
[2026-08-10 19:41:34,873] INFO | gsMap -   • Peak memory usage: 8.09 GB
gsmap rc=0 (non-fatal; success judged by output file)
OK Autism -> /dcs04/lieber/marmaypag/spatialAMY_LIBD4125/spatialAmygdala/processed-data/Visium/16_LDSC/gsMap_cond_functional/cauchy_across_samples/Autism_cauchy.csv.gz
-rw-rw----+ 1 mtotty hickslab 437 Aug 10 19:41 /dcs04/lieber/marmaypag/spatialAMY_LIBD4125/spatialAmygdala/processed-data/Visium/16_LDSC/gsMap_cond_functional/cauchy_across_samples/Autism_cauchy.csv.gz
**** cauchy end ****
Mon Aug 10 07:41:39 PM EDT 2026
