**** cauchy start ****
Mon Aug 10 09:03:33 PM EDT 2026
ARM=neuronal TRAIT=Epilepsy_GGE host=compute-116.cm.cluster job=34801701
                                   ___  ___            
                                   |  \/  |            
                          __ _ ___ | .  . | __ _ _ __  
                         / _` / __|| |\/| |/ _` | '_ \ 
                        | (_| \__ \| |  | | (_| | |_) |
                         \__, |___/\_|  |_/\__,_| .__/ 
                          __/ |                 | |    
                         |___/                  |_|
                                Version: 1.73.7                                 
================================================================================
[2026-08-10 21:03:33,533] INFO | gsMap - Running run_cauchy_combination...
[2026-08-10 21:03:33,533] INFO | gsMap - Started at: 2026-08-10 21:03:33
Using the following arguments for CauchyCombinationConfig:
{   'annotation': 'BS_k16_Semisupervised_wAI',
    'output_file': '/dcs04/lieber/marmaypag/spatialAMY_LIBD4125/spatialAmygdala/processed-data/Visium/16_LDSC/gsMap_cond_neuronal/cauchy_across_samples/Epilepsy_GGE_cauchy.csv.gz',
    'sample_name': None,
    'sample_name_list': [   'Br6471',
                            'Br6660',
                            'Br6423',
                            'Br2743',
                            'Br8325',
                            'Br9192',
                            'Br9280'],
    'trait_name': 'Epilepsy_GGE',
    'workdir': '/dcs04/lieber/marmaypag/spatialAMY_LIBD4125/spatialAmygdala/processed-data/Visium/16_LDSC/gsMap_cond_neuronal'}
[2026-08-10 21:03:37,387] INFO | gsMap.cauchy_combination_test - ------Loading LDSC results for sample Br6471...
[2026-08-10 21:03:37,547] INFO | gsMap.cauchy_combination_test - ------Loading ST data for sample Br6471...
[2026-08-10 21:03:58,859] INFO | gsMap.cauchy_combination_test - ------Loading LDSC results for sample Br6660...
[2026-08-10 21:03:59,026] INFO | gsMap.cauchy_combination_test - ------Loading ST data for sample Br6660...
[2026-08-10 21:04:20,359] INFO | gsMap.cauchy_combination_test - ------Loading LDSC results for sample Br6423...
[2026-08-10 21:04:20,496] INFO | gsMap.cauchy_combination_test - ------Loading ST data for sample Br6423...
[2026-08-10 21:04:36,885] INFO | gsMap.cauchy_combination_test - ------Loading LDSC results for sample Br2743...
[2026-08-10 21:04:37,023] INFO | gsMap.cauchy_combination_test - ------Loading ST data for sample Br2743...
[2026-08-10 21:04:46,283] INFO | gsMap.cauchy_combination_test - ------Loading LDSC results for sample Br8325...
[2026-08-10 21:04:46,502] INFO | gsMap.cauchy_combination_test - ------Loading ST data for sample Br8325...
[2026-08-10 21:04:48,196] INFO | gsMap.cauchy_combination_test - ------Loading LDSC results for sample Br9192...
[2026-08-10 21:04:48,338] INFO | gsMap.cauchy_combination_test - ------Loading ST data for sample Br9192...
[2026-08-10 21:04:57,909] INFO | gsMap.cauchy_combination_test - ------Loading LDSC results for sample Br9280...
[2026-08-10 21:04:58,025] INFO | gsMap.cauchy_combination_test - ------Loading ST data for sample Br9280...
[2026-08-10 21:04:58,904] INFO | gsMap.cauchy_combination_test - Removed 4/12183 outliers (median + 3IQR) for CoA.
[2026-08-10 21:04:58,952] INFO | gsMap.cauchy_combination_test - Removed 4/10363 outliers (median + 3IQR) for BM.
[2026-08-10 21:04:59,010] INFO | gsMap.cauchy_combination_test - Removed 208/49673 outliers (median + 3IQR) for BL.
[2026-08-10 21:04:59,527] INFO | gsMap.cauchy_combination_test - Removed 8/13913 outliers (median + 3IQR) for MeA.
[2026-08-10 21:04:59,607] INFO | gsMap.cauchy_combination_test - Removed 3/10638 outliers (median + 3IQR) for PL.
[2026-08-10 21:04:59,648] INFO | gsMap.cauchy_combination_test - Removed 2/4834 outliers (median + 3IQR) for CLA.
[2026-08-10 21:04:59,664] INFO | gsMap.cauchy_combination_test - Cauchy combination results saved at /dcs04/lieber/marmaypag/spatialAMY_LIBD4125/spatialAmygdala/processed-data/Visium/16_LDSC/gsMap_cond_neuronal/cauchy_across_samples/Epilepsy_GGE_cauchy.csv.gz.
[2026-08-10 21:04:59,678] INFO | gsMap - Finished running run_cauchy_combination at: 2026-08-10 21:04:59.
[2026-08-10 21:04:59,932] INFO | gsMap - Resource usage summary:
[2026-08-10 21:04:59,932] INFO | gsMap -   • Wall clock time: 1.44 minutes
[2026-08-10 21:04:59,932] INFO | gsMap -   • CPU time: 19.56 seconds
[2026-08-10 21:04:59,932] INFO | gsMap -   • Average CPU utilization: 24.9%
[2026-08-10 21:04:59,932] INFO | gsMap -   • Peak memory usage: 9.71 GB
gsmap rc=0 (non-fatal; success judged by output file)
OK Epilepsy_GGE -> /dcs04/lieber/marmaypag/spatialAMY_LIBD4125/spatialAmygdala/processed-data/Visium/16_LDSC/gsMap_cond_neuronal/cauchy_across_samples/Epilepsy_GGE_cauchy.csv.gz
-rw-rw----+ 1 mtotty hickslab 453 Aug 10 21:04 /dcs04/lieber/marmaypag/spatialAMY_LIBD4125/spatialAmygdala/processed-data/Visium/16_LDSC/gsMap_cond_neuronal/cauchy_across_samples/Epilepsy_GGE_cauchy.csv.gz
**** cauchy end ****
Mon Aug 10 09:05:00 PM EDT 2026
