**** cauchy start ****
Mon Aug 10 09:03:31 PM EDT 2026
ARM=neuronal TRAIT=Height host=compute-164.cm.cluster job=34801705
                                   ___  ___            
                                   |  \/  |            
                          __ _ ___ | .  . | __ _ _ __  
                         / _` / __|| |\/| |/ _` | '_ \ 
                        | (_| \__ \| |  | | (_| | |_) |
                         \__, |___/\_|  |_/\__,_| .__/ 
                          __/ |                 | |    
                         |___/                  |_|
                                Version: 1.73.7                                 
================================================================================
[2026-08-10 21:03:31,284] INFO | gsMap - Running run_cauchy_combination...
[2026-08-10 21:03:31,284] INFO | gsMap - Started at: 2026-08-10 21:03:31
Using the following arguments for CauchyCombinationConfig:
{   'annotation': 'BS_k16_Semisupervised_wAI',
    'output_file': '/dcs04/lieber/marmaypag/spatialAMY_LIBD4125/spatialAmygdala/processed-data/Visium/16_LDSC/gsMap_cond_neuronal/cauchy_across_samples/Height_cauchy.csv.gz',
    'sample_name': None,
    'sample_name_list': [   'Br6471',
                            'Br6660',
                            'Br6423',
                            'Br2743',
                            'Br8325',
                            'Br9192',
                            'Br9280'],
    'trait_name': 'Height',
    'workdir': '/dcs04/lieber/marmaypag/spatialAMY_LIBD4125/spatialAmygdala/processed-data/Visium/16_LDSC/gsMap_cond_neuronal'}
[2026-08-10 21:03:33,746] INFO | gsMap.cauchy_combination_test - ------Loading LDSC results for sample Br6471...
[2026-08-10 21:03:33,884] INFO | gsMap.cauchy_combination_test - ------Loading ST data for sample Br6471...
[2026-08-10 21:03:51,019] INFO | gsMap.cauchy_combination_test - ------Loading LDSC results for sample Br6660...
[2026-08-10 21:03:51,396] INFO | gsMap.cauchy_combination_test - ------Loading ST data for sample Br6660...
[2026-08-10 21:04:20,141] INFO | gsMap.cauchy_combination_test - ------Loading LDSC results for sample Br6423...
[2026-08-10 21:04:20,240] INFO | gsMap.cauchy_combination_test - ------Loading ST data for sample Br6423...
[2026-08-10 21:04:36,718] INFO | gsMap.cauchy_combination_test - ------Loading LDSC results for sample Br2743...
[2026-08-10 21:04:36,812] INFO | gsMap.cauchy_combination_test - ------Loading ST data for sample Br2743...
[2026-08-10 21:04:46,115] INFO | gsMap.cauchy_combination_test - ------Loading LDSC results for sample Br8325...
[2026-08-10 21:04:46,203] INFO | gsMap.cauchy_combination_test - ------Loading ST data for sample Br8325...
[2026-08-10 21:04:57,828] INFO | gsMap.cauchy_combination_test - ------Loading LDSC results for sample Br9192...
[2026-08-10 21:04:57,930] INFO | gsMap.cauchy_combination_test - ------Loading ST data for sample Br9192...
[2026-08-10 21:04:58,544] INFO | gsMap.cauchy_combination_test - ------Loading LDSC results for sample Br9280...
[2026-08-10 21:04:58,614] INFO | gsMap.cauchy_combination_test - ------Loading ST data for sample Br9280...
[2026-08-10 21:04:59,339] INFO | gsMap.cauchy_combination_test - Removed 89/19502 outliers (median + 3IQR) for WM.2.
[2026-08-10 21:04:59,366] INFO | gsMap.cauchy_combination_test - Removed 4/2611 outliers (median + 3IQR) for Endothelial.
[2026-08-10 21:04:59,511] INFO | gsMap.cauchy_combination_test - Cauchy combination results saved at /dcs04/lieber/marmaypag/spatialAMY_LIBD4125/spatialAmygdala/processed-data/Visium/16_LDSC/gsMap_cond_neuronal/cauchy_across_samples/Height_cauchy.csv.gz.
[2026-08-10 21:04:59,521] INFO | gsMap - Finished running run_cauchy_combination at: 2026-08-10 21:04:59.
[2026-08-10 21:04:59,656] INFO | gsMap - Resource usage summary:
[2026-08-10 21:04:59,656] INFO | gsMap -   • Wall clock time: 1.47 minutes
[2026-08-10 21:04:59,656] INFO | gsMap -   • CPU time: 10.80 seconds
[2026-08-10 21:04:59,656] INFO | gsMap -   • Average CPU utilization: 13.6%
[2026-08-10 21:04:59,656] INFO | gsMap -   • Peak memory usage: 9.71 GB
gsmap rc=0 (non-fatal; success judged by output file)
OK Height -> /dcs04/lieber/marmaypag/spatialAMY_LIBD4125/spatialAmygdala/processed-data/Visium/16_LDSC/gsMap_cond_neuronal/cauchy_across_samples/Height_cauchy.csv.gz
-rw-rw----+ 1 mtotty hickslab 415 Aug 10 21:04 /dcs04/lieber/marmaypag/spatialAMY_LIBD4125/spatialAmygdala/processed-data/Visium/16_LDSC/gsMap_cond_neuronal/cauchy_across_samples/Height_cauchy.csv.gz
**** cauchy end ****
Mon Aug 10 09:05:00 PM EDT 2026
