**** cauchy start ****
Mon Aug 10 09:03:49 PM EDT 2026
ARM=neuronal TRAIT=GSCAN_DrnkWk host=compute-094.cm.cluster job=34801703
                                   ___  ___            
                                   |  \/  |            
                          __ _ ___ | .  . | __ _ _ __  
                         / _` / __|| |\/| |/ _` | '_ \ 
                        | (_| \__ \| |  | | (_| | |_) |
                         \__, |___/\_|  |_/\__,_| .__/ 
                          __/ |                 | |    
                         |___/                  |_|
                                Version: 1.73.7                                 
================================================================================
[2026-08-10 21:03:51,654] INFO | gsMap - Running run_cauchy_combination...
[2026-08-10 21:03:51,654] INFO | gsMap - Started at: 2026-08-10 21:03:51
Using the following arguments for CauchyCombinationConfig:
{   'annotation': 'BS_k16_Semisupervised_wAI',
    'output_file': '/dcs04/lieber/marmaypag/spatialAMY_LIBD4125/spatialAmygdala/processed-data/Visium/16_LDSC/gsMap_cond_neuronal/cauchy_across_samples/GSCAN_DrnkWk_cauchy.csv.gz',
    'sample_name': None,
    'sample_name_list': [   'Br6471',
                            'Br6660',
                            'Br6423',
                            'Br2743',
                            'Br8325',
                            'Br9192',
                            'Br9280'],
    'trait_name': 'GSCAN_DrnkWk',
    'workdir': '/dcs04/lieber/marmaypag/spatialAMY_LIBD4125/spatialAmygdala/processed-data/Visium/16_LDSC/gsMap_cond_neuronal'}
[2026-08-10 21:04:23,490] INFO | gsMap.cauchy_combination_test - ------Loading LDSC results for sample Br6471...
[2026-08-10 21:04:23,687] INFO | gsMap.cauchy_combination_test - ------Loading ST data for sample Br6471...
[2026-08-10 21:04:30,914] INFO | gsMap.cauchy_combination_test - ------Loading LDSC results for sample Br6660...
[2026-08-10 21:04:31,060] INFO | gsMap.cauchy_combination_test - ------Loading ST data for sample Br6660...
[2026-08-10 21:04:42,882] INFO | gsMap.cauchy_combination_test - ------Loading LDSC results for sample Br6423...
[2026-08-10 21:04:43,038] INFO | gsMap.cauchy_combination_test - ------Loading ST data for sample Br6423...
[2026-08-10 21:04:50,359] INFO | gsMap.cauchy_combination_test - ------Loading LDSC results for sample Br2743...
[2026-08-10 21:04:50,501] INFO | gsMap.cauchy_combination_test - ------Loading ST data for sample Br2743...
[2026-08-10 21:04:53,845] INFO | gsMap.cauchy_combination_test - ------Loading LDSC results for sample Br8325...
[2026-08-10 21:04:53,983] INFO | gsMap.cauchy_combination_test - ------Loading ST data for sample Br8325...
[2026-08-10 21:04:58,006] INFO | gsMap.cauchy_combination_test - ------Loading LDSC results for sample Br9192...
[2026-08-10 21:04:58,142] INFO | gsMap.cauchy_combination_test - ------Loading ST data for sample Br9192...
[2026-08-10 21:05:00,550] INFO | gsMap.cauchy_combination_test - ------Loading LDSC results for sample Br9280...
[2026-08-10 21:05:00,662] INFO | gsMap.cauchy_combination_test - ------Loading ST data for sample Br9280...
[2026-08-10 21:05:03,170] INFO | gsMap.cauchy_combination_test - Removed 2/12183 outliers (median + 3IQR) for CoA.
[2026-08-10 21:05:03,237] INFO | gsMap.cauchy_combination_test - Removed 10/10363 outliers (median + 3IQR) for BM.
[2026-08-10 21:05:03,311] INFO | gsMap.cauchy_combination_test - Removed 238/49673 outliers (median + 3IQR) for BL.
[2026-08-10 21:05:03,473] INFO | gsMap.cauchy_combination_test - Removed 241/27643 outliers (median + 3IQR) for WM.1.
[2026-08-10 21:05:03,575] INFO | gsMap.cauchy_combination_test - Removed 35/40228 outliers (median + 3IQR) for LA.
[2026-08-10 21:05:03,701] INFO | gsMap.cauchy_combination_test - Removed 6/11331 outliers (median + 3IQR) for BLD.
[2026-08-10 21:05:03,754] INFO | gsMap.cauchy_combination_test - Removed 44/11678 outliers (median + 3IQR) for CeA.
[2026-08-10 21:05:03,808] INFO | gsMap.cauchy_combination_test - Removed 186/19502 outliers (median + 3IQR) for WM.2.
[2026-08-10 21:05:03,930] INFO | gsMap.cauchy_combination_test - Removed 8/3075 outliers (median + 3IQR) for CHAT.
[2026-08-10 21:05:03,962] INFO | gsMap.cauchy_combination_test - Removed 23/13913 outliers (median + 3IQR) for MeA.
[2026-08-10 21:05:04,022] INFO | gsMap.cauchy_combination_test - Removed 2/4774 outliers (median + 3IQR) for HPC.
[2026-08-10 21:05:04,060] INFO | gsMap.cauchy_combination_test - Removed 3/10638 outliers (median + 3IQR) for PL.
[2026-08-10 21:05:04,108] INFO | gsMap.cauchy_combination_test - Removed 1/4834 outliers (median + 3IQR) for CLA.
[2026-08-10 21:05:04,587] INFO | gsMap.cauchy_combination_test - Cauchy combination results saved at /dcs04/lieber/marmaypag/spatialAMY_LIBD4125/spatialAmygdala/processed-data/Visium/16_LDSC/gsMap_cond_neuronal/cauchy_across_samples/GSCAN_DrnkWk_cauchy.csv.gz.
[2026-08-10 21:05:04,601] INFO | gsMap - Finished running run_cauchy_combination at: 2026-08-10 21:05:04.
[2026-08-10 21:05:05,056] INFO | gsMap - Resource usage summary:
[2026-08-10 21:05:05,056] INFO | gsMap -   • Wall clock time: 1.23 minutes
[2026-08-10 21:05:05,056] INFO | gsMap -   • CPU time: 22.96 seconds
[2026-08-10 21:05:05,056] INFO | gsMap -   • Average CPU utilization: 31.4%
[2026-08-10 21:05:05,056] INFO | gsMap -   • Peak memory usage: 9.71 GB
gsmap rc=0 (non-fatal; success judged by output file)
OK GSCAN_DrnkWk -> /dcs04/lieber/marmaypag/spatialAMY_LIBD4125/spatialAmygdala/processed-data/Visium/16_LDSC/gsMap_cond_neuronal/cauchy_across_samples/GSCAN_DrnkWk_cauchy.csv.gz
-rw-rw----+ 1 mtotty hickslab 450 Aug 10 21:05 /dcs04/lieber/marmaypag/spatialAMY_LIBD4125/spatialAmygdala/processed-data/Visium/16_LDSC/gsMap_cond_neuronal/cauchy_across_samples/GSCAN_DrnkWk_cauchy.csv.gz
**** cauchy end ****
Mon Aug 10 09:05:05 PM EDT 2026
