Unloading conda_R/4.4
Loading conda_R/4.4

Currently Loaded Modules:
  1) JHPCE_ROCKY9_DEFAULT_ENV   3) git-status-size/github   5) conda_R/4.4
  2) JHPCE_tools/3.0            4) conda/3-24.3.0

 

Loading required package: BiocGenerics

Attaching package: ‘BiocGenerics’

The following objects are masked from ‘package:stats’:

    IQR, mad, sd, var, xtabs

The following objects are masked from ‘package:base’:

    anyDuplicated, aperm, append, as.data.frame, basename, cbind,
    colnames, dirname, do.call, duplicated, eval, evalq, Filter, Find,
    get, grep, grepl, intersect, is.unsorted, lapply, Map, mapply,
    match, mget, order, paste, pmax, pmax.int, pmin, pmin.int,
    Position, rank, rbind, Reduce, rownames, sapply, saveRDS, setdiff,
    table, tapply, union, unique, unsplit, which.max, which.min

Loading required package: SingleCellExperiment
Loading required package: SummarizedExperiment
Loading required package: MatrixGenerics
Loading required package: matrixStats

Attaching package: ‘MatrixGenerics’

The following objects are masked from ‘package:matrixStats’:

    colAlls, colAnyNAs, colAnys, colAvgsPerRowSet, colCollapse,
    colCounts, colCummaxs, colCummins, colCumprods, colCumsums,
    colDiffs, colIQRDiffs, colIQRs, colLogSumExps, colMadDiffs,
    colMads, colMaxs, colMeans2, colMedians, colMins, colOrderStats,
    colProds, colQuantiles, colRanges, colRanks, colSdDiffs, colSds,
    colSums2, colTabulates, colVarDiffs, colVars, colWeightedMads,
    colWeightedMeans, colWeightedMedians, colWeightedSds,
    colWeightedVars, rowAlls, rowAnyNAs, rowAnys, rowAvgsPerColSet,
    rowCollapse, rowCounts, rowCummaxs, rowCummins, rowCumprods,
    rowCumsums, rowDiffs, rowIQRDiffs, rowIQRs, rowLogSumExps,
    rowMadDiffs, rowMads, rowMaxs, rowMeans2, rowMedians, rowMins,
    rowOrderStats, rowProds, rowQuantiles, rowRanges, rowRanks,
    rowSdDiffs, rowSds, rowSums2, rowTabulates, rowVarDiffs, rowVars,
    rowWeightedMads, rowWeightedMeans, rowWeightedMedians,
    rowWeightedSds, rowWeightedVars

Loading required package: GenomicRanges
Loading required package: stats4
Loading required package: S4Vectors

Attaching package: ‘S4Vectors’

The following object is masked from ‘package:utils’:

    findMatches

The following objects are masked from ‘package:base’:

    expand.grid, I, unname

Loading required package: IRanges
Loading required package: GenomeInfoDb
Loading required package: Biobase
Welcome to Bioconductor

    Vignettes contain introductory material; view with
    'browseVignettes()'. To cite Bioconductor, see
    'citation("Biobase")', and for packages 'citation("pkgname")'.


Attaching package: ‘Biobase’

The following object is masked from ‘package:MatrixGenerics’:

    rowMedians

The following objects are masked from ‘package:matrixStats’:

    anyMissing, rowMedians

Warning messages:
1: replacing previous import ‘S4Arrays::read_block’ by ‘DelayedArray::read_block’ when loading ‘SummarizedExperiment’ 
2: replacing previous import ‘BiocGenerics::sd’ by ‘stats::sd’ when loading ‘NMFscape’ 
here() starts at /dcs04/lieber/marmaypag/spatialAMY_LIBD4125/spatialAmygdala
Loading required package: SeuratObject
Loading required package: sp

Attaching package: ‘sp’

The following object is masked from ‘package:IRanges’:

    %over%


Attaching package: ‘SeuratObject’

The following object is masked from ‘package:SummarizedExperiment’:

    Assays

The following object is masked from ‘package:GenomicRanges’:

    intersect

The following object is masked from ‘package:GenomeInfoDb’:

    intersect

The following object is masked from ‘package:IRanges’:

    intersect

The following object is masked from ‘package:S4Vectors’:

    intersect

The following object is masked from ‘package:BiocGenerics’:

    intersect

The following objects are masked from ‘package:base’:

    intersect, t


Attaching package: ‘Seurat’

The following object is masked from ‘package:SummarizedExperiment’:

    Assays

Warning messages:
1: `PackageCheck()` was deprecated in SeuratObject 5.0.0.
ℹ Please use `rlang::check_installed()` instead.
ℹ The deprecated feature was likely used in the Seurat package.
  Please report the issue at <https://github.com/satijalab/seurat/issues>. 
2: The `slot` argument of `GetAssayData()` is deprecated as of SeuratObject 5.0.0.
ℹ Please use the `layer` argument instead.
ℹ The deprecated feature was likely used in the Seurat package.
  Please report the issue at <https://github.com/satijalab/seurat/issues>. 

Attaching package: ‘Matrix’

The following object is masked from ‘package:S4Vectors’:

    expand

