Unloading conda_R/4.4
Loading conda_R/4.4

Currently Loaded Modules:
  1) JHPCE_ROCKY9_DEFAULT_ENV   3) git-status-size/github   5) conda_R/4.4
  2) JHPCE_tools/3.0            4) conda/3-24.3.0

 

here() starts at /dcs04/lieber/marmaypag/spatialAMY_LIBD4125/spatialAmygdala
Loading required package: SingleCellExperiment
Loading required package: SummarizedExperiment
Loading required package: MatrixGenerics
Loading required package: matrixStats

Attaching package: ‘MatrixGenerics’

The following objects are masked from ‘package:matrixStats’:

    colAlls, colAnyNAs, colAnys, colAvgsPerRowSet, colCollapse,
    colCounts, colCummaxs, colCummins, colCumprods, colCumsums,
    colDiffs, colIQRDiffs, colIQRs, colLogSumExps, colMadDiffs,
    colMads, colMaxs, colMeans2, colMedians, colMins, colOrderStats,
    colProds, colQuantiles, colRanges, colRanks, colSdDiffs, colSds,
    colSums2, colTabulates, colVarDiffs, colVars, colWeightedMads,
    colWeightedMeans, colWeightedMedians, colWeightedSds,
    colWeightedVars, rowAlls, rowAnyNAs, rowAnys, rowAvgsPerColSet,
    rowCollapse, rowCounts, rowCummaxs, rowCummins, rowCumprods,
    rowCumsums, rowDiffs, rowIQRDiffs, rowIQRs, rowLogSumExps,
    rowMadDiffs, rowMads, rowMaxs, rowMeans2, rowMedians, rowMins,
    rowOrderStats, rowProds, rowQuantiles, rowRanges, rowRanks,
    rowSdDiffs, rowSds, rowSums2, rowTabulates, rowVarDiffs, rowVars,
    rowWeightedMads, rowWeightedMeans, rowWeightedMedians,
    rowWeightedSds, rowWeightedVars

Loading required package: GenomicRanges
Loading required package: stats4
Loading required package: BiocGenerics

Attaching package: ‘BiocGenerics’

The following objects are masked from ‘package:stats’:

    IQR, mad, sd, var, xtabs

The following objects are masked from ‘package:base’:

    anyDuplicated, aperm, append, as.data.frame, basename, cbind,
    colnames, dirname, do.call, duplicated, eval, evalq, Filter, Find,
    get, grep, grepl, intersect, is.unsorted, lapply, Map, mapply,
    match, mget, order, paste, pmax, pmax.int, pmin, pmin.int,
    Position, rank, rbind, Reduce, rownames, sapply, saveRDS, setdiff,
    table, tapply, union, unique, unsplit, which.max, which.min

Loading required package: S4Vectors

Attaching package: ‘S4Vectors’

The following object is masked from ‘package:utils’:

    findMatches

The following objects are masked from ‘package:base’:

    expand.grid, I, unname

Loading required package: IRanges
Loading required package: GenomeInfoDb
Loading required package: Biobase
Welcome to Bioconductor

    Vignettes contain introductory material; view with
    'browseVignettes()'. To cite Bioconductor, see
    'citation("Biobase")', and for packages 'citation("pkgname")'.


Attaching package: ‘Biobase’

The following object is masked from ‘package:MatrixGenerics’:

    rowMedians

The following objects are masked from ‘package:matrixStats’:

    anyMissing, rowMedians

Warning message:
replacing previous import ‘S4Arrays::read_block’ by ‘DelayedArray::read_block’ when loading ‘SummarizedExperiment’ 

Attaching package: ‘Matrix’

The following object is masked from ‘package:S4Vectors’:

    expand

Warning message:
In Reference(ref_counts, cell_types, nUMI_ref) :
  Reference: number of cells per cell type is 63004, larger than maximum allowable of 10000. Downsampling number of cells to: 10000
Begin: process_cell_type_info
process_cell_type_info: number of cells in reference: 86182
process_cell_type_info: number of genes in reference: 26919
End: process_cell_type_info
create.RCTD: getting regression differentially expressed genes: 
get_de_genes: astro found DE genes: 338
get_de_genes: endo found DE genes: 493
get_de_genes: excit found DE genes: 191
get_de_genes: inhib-DRD1 found DE genes: 197
get_de_genes: inhib-FREM1 found DE genes: 204
get_de_genes: inhib-LHX9 found DE genes: 116
get_de_genes: inhib-PENK found DE genes: 205
get_de_genes: inhib-SST found DE genes: 167
get_de_genes: inhib-VIP found DE genes: 167
get_de_genes: macro found DE genes: 554
get_de_genes: micro found DE genes: 485
get_de_genes: mural found DE genes: 424
get_de_genes: oligo-1 found DE genes: 399
get_de_genes: oligo-2 found DE genes: 391
get_de_genes: opc found DE genes: 244
get_de_genes: total DE genes: 2452
create.RCTD: getting platform effect normalization differentially expressed genes: 
get_de_genes: astro found DE genes: 560
get_de_genes: endo found DE genes: 879
get_de_genes: excit found DE genes: 403
get_de_genes: inhib-DRD1 found DE genes: 425
get_de_genes: inhib-FREM1 found DE genes: 415
get_de_genes: inhib-LHX9 found DE genes: 380
get_de_genes: inhib-PENK found DE genes: 426
get_de_genes: inhib-SST found DE genes: 365
get_de_genes: inhib-VIP found DE genes: 352
get_de_genes: macro found DE genes: 1106
get_de_genes: micro found DE genes: 965
get_de_genes: mural found DE genes: 838
get_de_genes: oligo-1 found DE genes: 665
get_de_genes: oligo-2 found DE genes: 701
get_de_genes: opc found DE genes: 433
get_de_genes: total DE genes: 3901
Warning messages:
1: In asMethod(object) :
  sparse->dense coercion: allocating vector of size 2.0 GiB
2: In asMethod(object) :
  sparse->dense coercion: allocating vector of size 1.7 GiB
3: In asMethod(object) :
  sparse->dense coercion: allocating vector of size 1.5 GiB
4: In asMethod(object) :
  sparse->dense coercion: allocating vector of size 1.0 GiB
5: In asMethod(object) :
  sparse->dense coercion: allocating vector of size 2.0 GiB
6: In asMethod(object) :
  sparse->dense coercion: allocating vector of size 2.0 GiB
7: In asMethod(object) :
  sparse->dense coercion: allocating vector of size 2.0 GiB
8: In asMethod(object) :
  sparse->dense coercion: allocating vector of size 2.0 GiB
fitBulk: decomposing bulk
chooseSigma: using initial Q_mat with sigma =  1
Loading required package: spacexr
loaded spacexr and set parent environment
Loading required package: spacexr
loaded spacexr and set parent environment
Loading required package: spacexr
loaded spacexr and set parent environment
Loading required package: spacexr
loaded spacexr and set parent environment
Loading required package: spacexr
loaded spacexr and set parent environment
Loading required package: spacexr
loaded spacexr and set parent environment
Loading required package: spacexr
loaded spacexr and set parent environment
Loading required package: spacexr
loaded spacexr and set parent environment
Loading required package: spacexr
loaded spacexr and set parent environment
Loading required package: spacexr
loaded spacexr and set parent environment
Loading required package: spacexr
loaded spacexr and set parent environment
Loading required package: spacexr
loaded spacexr and set parent environment
Loading required package: spacexr
loaded spacexr and set parent environment
Loading required package: spacexr
loaded spacexr and set parent environment
Loading required package: spacexr
loaded spacexr and set parent environment
Loading required package: spacexr
loaded spacexr and set parent environment
Loading required package: spacexr
loaded spacexr and set parent environment
Loading required package: spacexr
loaded spacexr and set parent environment
Loading required package: spacexr
loaded spacexr and set parent environment
Loading required package: spacexr
loaded spacexr and set parent environment
Loading required package: spacexr
loaded spacexr and set parent environment
Loading required package: spacexr
loaded spacexr and set parent environment
Loading required package: spacexr
loaded spacexr and set parent environment
Loading required package: spacexr
loaded spacexr and set parent environment
Loading required package: spacexr
loaded spacexr and set parent environment
Loading required package: spacexr
loaded spacexr and set parent environment
Loading required package: spacexr
loaded spacexr and set parent environment
Loading required package: spacexr
loaded spacexr and set parent environment
Loading required package: spacexr
loaded spacexr and set parent environment
Loading required package: spacexr
loaded spacexr and set parent environment
Likelihood value: 1055186.46459183
Sigma value:  0.84
Loading required package: spacexr
loaded spacexr and set parent environment
Loading required package: spacexr
loaded spacexr and set parent environment
Loading required package: spacexr
loaded spacexr and set parent environment
Loading required package: spacexr
loaded spacexr and set parent environment
Loading required package: spacexr
loaded spacexr and set parent environment
Loading required package: spacexr
loaded spacexr and set parent environment
Loading required package: spacexr
loaded spacexr and set parent environment
Loading required package: spacexr
loaded spacexr and set parent environment
Loading required package: spacexr
loaded spacexr and set parent environment
Loading required package: spacexr
loaded spacexr and set parent environment
Loading required package: spacexr
loaded spacexr and set parent environment
Loading required package: spacexr
loaded spacexr and set parent environment
Loading required package: spacexr
loaded spacexr and set parent environment
Loading required package: spacexr
loaded spacexr and set parent environment
Loading required package: spacexr
loaded spacexr and set parent environment
Loading required package: spacexr
loaded spacexr and set parent environment
Loading required package: spacexr
loaded spacexr and set parent environment
Loading required package: spacexr
loaded spacexr and set parent environment
Loading required package: spacexr
loaded spacexr and set parent environment
Loading required package: spacexr
loaded spacexr and set parent environment
Loading required package: spacexr
loaded spacexr and set parent environment
Loading required package: spacexr
loaded spacexr and set parent environment
Loading required package: spacexr
loaded spacexr and set parent environment
Loading required package: spacexr
loaded spacexr and set parent environment
Loading required package: spacexr
loaded spacexr and set parent environment
Loading required package: spacexr
loaded spacexr and set parent environment
Loading required package: spacexr
loaded spacexr and set parent environment
Loading required package: spacexr
loaded spacexr and set parent environment
Loading required package: spacexr
loaded spacexr and set parent environment
Loading required package: spacexr
loaded spacexr and set parent environment
Likelihood value: 1042873.52706656
Sigma value:  0.69
Loading required package: spacexr
loaded spacexr and set parent environment
Loading required package: spacexr
loaded spacexr and set parent environment
Loading required package: spacexr
loaded spacexr and set parent environment
Loading required package: spacexr
loaded spacexr and set parent environment
Loading required package: spacexr
loaded spacexr and set parent environment
Loading required package: spacexr
loaded spacexr and set parent environment
Loading required package: spacexr
loaded spacexr and set parent environment
Loading required package: spacexr
loaded spacexr and set parent environment
Loading required package: spacexr
loaded spacexr and set parent environment
Loading required package: spacexr
loaded spacexr and set parent environment
Loading required package: spacexr
loaded spacexr and set parent environment
Loading required package: spacexr
loaded spacexr and set parent environment
Loading required package: spacexr
loaded spacexr and set parent environment
Loading required package: spacexr
loaded spacexr and set parent environment
Loading required package: spacexr
loaded spacexr and set parent environment
Loading required package: spacexr
loaded spacexr and set parent environment
Loading required package: spacexr
loaded spacexr and set parent environment
Loading required package: spacexr
loaded spacexr and set parent environment
Loading required package: spacexr
loaded spacexr and set parent environment
Loading required package: spacexr
loaded spacexr and set parent environment
Loading required package: spacexr
loaded spacexr and set parent environment
Loading required package: spacexr
loaded spacexr and set parent environment
Loading required package: spacexr
loaded spacexr and set parent environment
Loading required package: spacexr
loaded spacexr and set parent environment
Loading required package: spacexr
loaded spacexr and set parent environment
Loading required package: spacexr
loaded spacexr and set parent environment
Loading required package: spacexr
loaded spacexr and set parent environment
Loading required package: spacexr
loaded spacexr and set parent environment
Loading required package: spacexr
loaded spacexr and set parent environment
Loading required package: spacexr
loaded spacexr and set parent environment
Likelihood value: 1034001.10354553
Sigma value:  0.61
Loading required package: spacexr
loaded spacexr and set parent environment
Loading required package: spacexr
loaded spacexr and set parent environment
Loading required package: spacexr
loaded spacexr and set parent environment
Loading required package: spacexr
loaded spacexr and set parent environment
Loading required package: spacexr
loaded spacexr and set parent environment
Loading required package: spacexr
loaded spacexr and set parent environment
Loading required package: spacexr
loaded spacexr and set parent environment
Loading required package: spacexr
loaded spacexr and set parent environment
Loading required package: spacexr
loaded spacexr and set parent environment
Loading required package: spacexr
loaded spacexr and set parent environment
Loading required package: spacexr
loaded spacexr and set parent environment
Loading required package: spacexr
loaded spacexr and set parent environment
Loading required package: spacexr
loaded spacexr and set parent environment
Loading required package: spacexr
loaded spacexr and set parent environment
Loading required package: spacexr
loaded spacexr and set parent environment
Loading required package: spacexr
loaded spacexr and set parent environment
Loading required package: spacexr
loaded spacexr and set parent environment
Loading required package: spacexr
loaded spacexr and set parent environment
Loading required package: spacexr
loaded spacexr and set parent environment
Loading required package: spacexr
loaded spacexr and set parent environment
Loading required package: spacexr
loaded spacexr and set parent environment
Loading required package: spacexr
loaded spacexr and set parent environment
Loading required package: spacexr
loaded spacexr and set parent environment
Loading required package: spacexr
loaded spacexr and set parent environment
Loading required package: spacexr
loaded spacexr and set parent environment
Loading required package: spacexr
loaded spacexr and set parent environment
Loading required package: spacexr
loaded spacexr and set parent environment
Loading required package: spacexr
loaded spacexr and set parent environment
Loading required package: spacexr
loaded spacexr and set parent environment
Loading required package: spacexr
loaded spacexr and set parent environment
Likelihood value: 1030530.73764106
Sigma value:  0.53
Loading required package: spacexr
loaded spacexr and set parent environment
Loading required package: spacexr
loaded spacexr and set parent environment
Loading required package: spacexr
loaded spacexr and set parent environment
Loading required package: spacexr
loaded spacexr and set parent environment
Loading required package: spacexr
loaded spacexr and set parent environment
Loading required package: spacexr
loaded spacexr and set parent environment
Loading required package: spacexr
loaded spacexr and set parent environment
Loading required package: spacexr
loaded spacexr and set parent environment
Loading required package: spacexr
loaded spacexr and set parent environment
Loading required package: spacexr
loaded spacexr and set parent environment
Loading required package: spacexr
loaded spacexr and set parent environment
Loading required package: spacexr
loaded spacexr and set parent environment
Loading required package: spacexr
loaded spacexr and set parent environment
Loading required package: spacexr
loaded spacexr and set parent environment
Loading required package: spacexr
loaded spacexr and set parent environment
Loading required package: spacexr
loaded spacexr and set parent environment
Loading required package: spacexr
loaded spacexr and set parent environment
Loading required package: spacexr
loaded spacexr and set parent environment
Loading required package: spacexr
loaded spacexr and set parent environment
Loading required package: spacexr
loaded spacexr and set parent environment
Loading required package: spacexr
loaded spacexr and set parent environment
Loading required package: spacexr
loaded spacexr and set parent environment
Loading required package: spacexr
loaded spacexr and set parent environment
Loading required package: spacexr
loaded spacexr and set parent environment
Loading required package: spacexr
loaded spacexr and set parent environment
Loading required package: spacexr
loaded spacexr and set parent environment
Loading required package: spacexr
loaded spacexr and set parent environment
Loading required package: spacexr
loaded spacexr and set parent environment
Loading required package: spacexr
loaded spacexr and set parent environment
Loading required package: spacexr
loaded spacexr and set parent environment
Likelihood value: 1028051.24995528
Sigma value:  0.45
Loading required package: spacexr
loaded spacexr and set parent environment
Loading required package: spacexr
loaded spacexr and set parent environment
Loading required package: spacexr
loaded spacexr and set parent environment
Loading required package: spacexr
loaded spacexr and set parent environment
Loading required package: spacexr
loaded spacexr and set parent environment
Loading required package: spacexr
loaded spacexr and set parent environment
Loading required package: spacexr
loaded spacexr and set parent environment
Loading required package: spacexr
loaded spacexr and set parent environment
Loading required package: spacexr
loaded spacexr and set parent environment
Loading required package: spacexr
loaded spacexr and set parent environment
Loading required package: spacexr
loaded spacexr and set parent environment
Loading required package: spacexr
loaded spacexr and set parent environment
Loading required package: spacexr
loaded spacexr and set parent environment
Loading required package: spacexr
loaded spacexr and set parent environment
Loading required package: spacexr
loaded spacexr and set parent environment
Loading required package: spacexr
loaded spacexr and set parent environment
Loading required package: spacexr
loaded spacexr and set parent environment
Loading required package: spacexr
loaded spacexr and set parent environment
Loading required package: spacexr
loaded spacexr and set parent environment
Loading required package: spacexr
loaded spacexr and set parent environment
Loading required package: spacexr
loaded spacexr and set parent environment
Loading required package: spacexr
loaded spacexr and set parent environment
Loading required package: spacexr
loaded spacexr and set parent environment
Loading required package: spacexr
loaded spacexr and set parent environment
Loading required package: spacexr
loaded spacexr and set parent environment
Loading required package: spacexr
loaded spacexr and set parent environment
Loading required package: spacexr
loaded spacexr and set parent environment
Loading required package: spacexr
loaded spacexr and set parent environment
Loading required package: spacexr
loaded spacexr and set parent environment
Loading required package: spacexr
loaded spacexr and set parent environment
Likelihood value: 1026642.84164001
Sigma value:  0.41
Loading required package: spacexr
loaded spacexr and set parent environment
Loading required package: spacexr
loaded spacexr and set parent environment
Loading required package: spacexr
loaded spacexr and set parent environment
Loading required package: spacexr
loaded spacexr and set parent environment
Loading required package: spacexr
loaded spacexr and set parent environment
Loading required package: spacexr
loaded spacexr and set parent environment
Loading required package: spacexr
loaded spacexr and set parent environment
Loading required package: spacexr
loaded spacexr and set parent environment
Loading required package: spacexr
loaded spacexr and set parent environment
Loading required package: spacexr
loaded spacexr and set parent environment
Loading required package: spacexr
loaded spacexr and set parent environment
Loading required package: spacexr
loaded spacexr and set parent environment
Loading required package: spacexr
loaded spacexr and set parent environment
Loading required package: spacexr
loaded spacexr and set parent environment
Loading required package: spacexr
loaded spacexr and set parent environment
Loading required package: spacexr
loaded spacexr and set parent environment
Loading required package: spacexr
loaded spacexr and set parent environment
Loading required package: spacexr
loaded spacexr and set parent environment
Loading required package: spacexr
loaded spacexr and set parent environment
Loading required package: spacexr
loaded spacexr and set parent environment
Loading required package: spacexr
loaded spacexr and set parent environment
Loading required package: spacexr
loaded spacexr and set parent environment
Loading required package: spacexr
loaded spacexr and set parent environment
Loading required package: spacexr
loaded spacexr and set parent environment
Loading required package: spacexr
loaded spacexr and set parent environment
Loading required package: spacexr
loaded spacexr and set parent environment
Loading required package: spacexr
loaded spacexr and set parent environment
Loading required package: spacexr
loaded spacexr and set parent environment
Loading required package: spacexr
loaded spacexr and set parent environment
Loading required package: spacexr
loaded spacexr and set parent environment
Likelihood value: 1026361.37133439
Sigma value:  0.4
Loading required package: spacexr
loaded spacexr and set parent environment
Loading required package: spacexr
loaded spacexr and set parent environment
Loading required package: spacexr
loaded spacexr and set parent environment
Loading required package: spacexr
loaded spacexr and set parent environment
Loading required package: spacexr
loaded spacexr and set parent environment
Loading required package: spacexr
loaded spacexr and set parent environment
Loading required package: spacexr
loaded spacexr and set parent environment
Loading required package: spacexr
loaded spacexr and set parent environment
Loading required package: spacexr
loaded spacexr and set parent environment
Loading required package: spacexr
loaded spacexr and set parent environment
Loading required package: spacexr
loaded spacexr and set parent environment
Loading required package: spacexr
loaded spacexr and set parent environment
Loading required package: spacexr
loaded spacexr and set parent environment
Loading required package: spacexr
loaded spacexr and set parent environment
Loading required package: spacexr
loaded spacexr and set parent environment
Loading required package: spacexr
loaded spacexr and set parent environment
Loading required package: spacexr
loaded spacexr and set parent environment
Loading required package: spacexr
loaded spacexr and set parent environment
Loading required package: spacexr
loaded spacexr and set parent environment
Loading required package: spacexr
loaded spacexr and set parent environment
Loading required package: spacexr
loaded spacexr and set parent environment
Loading required package: spacexr
loaded spacexr and set parent environment
Loading required package: spacexr
loaded spacexr and set parent environment
Loading required package: spacexr
loaded spacexr and set parent environment
Loading required package: spacexr
loaded spacexr and set parent environment
Loading required package: spacexr
loaded spacexr and set parent environment
Loading required package: spacexr
loaded spacexr and set parent environment
Loading required package: spacexr
loaded spacexr and set parent environment
Loading required package: spacexr
loaded spacexr and set parent environment
Loading required package: spacexr
loaded spacexr and set parent environment
Likelihood value: 1026336.09088999
Sigma value:  0.39
Loading required package: spacexr
loaded spacexr and set parent environment
Loading required package: spacexr
loaded spacexr and set parent environment
Loading required package: spacexr
loaded spacexr and set parent environment
Loading required package: spacexr
loaded spacexr and set parent environment
Loading required package: spacexr
loaded spacexr and set parent environment
Loading required package: spacexr
loaded spacexr and set parent environment
Loading required package: spacexr
loaded spacexr and set parent environment
Loading required package: spacexr
loaded spacexr and set parent environment
Loading required package: spacexr
loaded spacexr and set parent environment
Loading required package: spacexr
loaded spacexr and set parent environment
Loading required package: spacexr
loaded spacexr and set parent environment
Loading required package: spacexr
loaded spacexr and set parent environment
Loading required package: spacexr
loaded spacexr and set parent environment
Loading required package: spacexr
loaded spacexr and set parent environment
Loading required package: spacexr
loaded spacexr and set parent environment
Loading required package: spacexr
loaded spacexr and set parent environment
Loading required package: spacexr
loaded spacexr and set parent environment
Loading required package: spacexr
loaded spacexr and set parent environment
Loading required package: spacexr
loaded spacexr and set parent environment
Loading required package: spacexr
loaded spacexr and set parent environment
Loading required package: spacexr
loaded spacexr and set parent environment
Loading required package: spacexr
loaded spacexr and set parent environment
Loading required package: spacexr
loaded spacexr and set parent environment
Loading required package: spacexr
loaded spacexr and set parent environment
Loading required package: spacexr
loaded spacexr and set parent environment
Loading required package: spacexr
loaded spacexr and set parent environment
Loading required package: spacexr
loaded spacexr and set parent environment
Loading required package: spacexr
loaded spacexr and set parent environment
Loading required package: spacexr
loaded spacexr and set parent environment
Loading required package: spacexr
loaded spacexr and set parent environment
Warning message:
In asMethod(object) :
  sparse->dense coercion: allocating vector of size 4.1 GiB
