Unloading conda_R/4.4
Loading conda_R/4.4
Loading required package: SeuratObject
Loading required package: sp

Attaching package: ‘SeuratObject’

The following objects are masked from ‘package:base’:

    intersect, t

Loading required package: SingleCellExperiment
Loading required package: SummarizedExperiment
Loading required package: MatrixGenerics
Loading required package: matrixStats

Attaching package: ‘MatrixGenerics’

The following objects are masked from ‘package:matrixStats’:

    colAlls, colAnyNAs, colAnys, colAvgsPerRowSet, colCollapse,
    colCounts, colCummaxs, colCummins, colCumprods, colCumsums,
    colDiffs, colIQRDiffs, colIQRs, colLogSumExps, colMadDiffs,
    colMads, colMaxs, colMeans2, colMedians, colMins, colOrderStats,
    colProds, colQuantiles, colRanges, colRanks, colSdDiffs, colSds,
    colSums2, colTabulates, colVarDiffs, colVars, colWeightedMads,
    colWeightedMeans, colWeightedMedians, colWeightedSds,
    colWeightedVars, rowAlls, rowAnyNAs, rowAnys, rowAvgsPerColSet,
    rowCollapse, rowCounts, rowCummaxs, rowCummins, rowCumprods,
    rowCumsums, rowDiffs, rowIQRDiffs, rowIQRs, rowLogSumExps,
    rowMadDiffs, rowMads, rowMaxs, rowMeans2, rowMedians, rowMins,
    rowOrderStats, rowProds, rowQuantiles, rowRanges, rowRanks,
    rowSdDiffs, rowSds, rowSums2, rowTabulates, rowVarDiffs, rowVars,
    rowWeightedMads, rowWeightedMeans, rowWeightedMedians,
    rowWeightedSds, rowWeightedVars

Loading required package: GenomicRanges
Loading required package: stats4
Loading required package: BiocGenerics

Attaching package: ‘BiocGenerics’

The following object is masked from ‘package:SeuratObject’:

    intersect

The following objects are masked from ‘package:stats’:

    IQR, mad, sd, var, xtabs

The following objects are masked from ‘package:base’:

    anyDuplicated, aperm, append, as.data.frame, basename, cbind,
    colnames, dirname, do.call, duplicated, eval, evalq, Filter, Find,
    get, grep, grepl, intersect, is.unsorted, lapply, Map, mapply,
    match, mget, order, paste, pmax, pmax.int, pmin, pmin.int,
    Position, rank, rbind, Reduce, rownames, sapply, saveRDS, setdiff,
    table, tapply, union, unique, unsplit, which.max, which.min

Loading required package: S4Vectors

Attaching package: ‘S4Vectors’

The following object is masked from ‘package:utils’:

    findMatches

The following objects are masked from ‘package:base’:

    expand.grid, I, unname

Loading required package: IRanges

Attaching package: ‘IRanges’

The following object is masked from ‘package:sp’:

    %over%

Loading required package: GenomeInfoDb
Loading required package: Biobase
Welcome to Bioconductor

    Vignettes contain introductory material; view with
    'browseVignettes()'. To cite Bioconductor, see
    'citation("Biobase")', and for packages 'citation("pkgname")'.


Attaching package: ‘Biobase’

The following object is masked from ‘package:MatrixGenerics’:

    rowMedians

The following objects are masked from ‘package:matrixStats’:

    anyMissing, rowMedians


Attaching package: ‘SummarizedExperiment’

The following object is masked from ‘package:Seurat’:

    Assays

The following object is masked from ‘package:SeuratObject’:

    Assays

Warning message:
replacing previous import ‘S4Arrays::read_block’ by ‘DelayedArray::read_block’ when loading ‘SummarizedExperiment’ 

Attaching package: ‘Matrix’

The following object is masked from ‘package:S4Vectors’:

    expand

here() starts at /dcs04/lieber/marmaypag/spatialAMY_LIBD4125/spatialAmygdala
Loading required package: ggplot2
Running label transfer: Br8325 → Br6660
Computing neighbors...
Spatial mode is kNN_median
Parameters: k_geom=18
Done
Computing harmonic m = 0
Using 18 neighbors
Done
Computing neighbors...
Spatial mode is kNN_median
Parameters: k_geom=18
Done
Computing harmonic m = 0
Using 18 neighbors
Done
Error in getGlobalsAndPackages(expr, envir = envir, globals = globals) : 
  The total size of the 19 globals exported for future expression (‘FUN()’) is 601.86 MiB.. This exceeds the maximum allowed size of 500.00 MiB (option 'future.globals.maxSize'). The three largest globals are ‘FUN’ (582.17 MiB of class ‘function’), ‘umi_bin’ (19.27 MiB of class ‘numeric’) and ‘data_step1’ (351.90 KiB of class ‘list’)
Calls: SCTransform ... getGlobalsAndPackagesXApply -> getGlobalsAndPackages
Execution halted
