Running label transfer: Br8325 → Br9192
fitting ...
  |                                                                              |                                                                      |   0%  |                                                                              |===================================                                   |  50%  |                                                                              |======================================================================| 100%
variable initialize finish! 
predict Y and V! 
diff Energy = 13.673042 
Finish ICM step! 
iter = 2, loglik= -17420344.000000, dloglik=0.991888 
predict Y and V! 
diff Energy = 39.972457 
Finish ICM step! 
iter = 3, loglik= -17264220.000000, dloglik=0.008962 
predict Y and V! 
diff Energy = 1.268776 
Finish ICM step! 
iter = 4, loglik= -17200932.000000, dloglik=0.003666 
predict Y and V! 
diff Energy = 28.798704 
Finish ICM step! 
iter = 5, loglik= -17165952.000000, dloglik=0.002034 
predict Y and V! 
diff Energy = 1.585317 
Finish ICM step! 
iter = 6, loglik= -17145894.000000, dloglik=0.001168 
predict Y and V! 
Finish ICM step! 
iter = 7, loglik= -17132718.000000, dloglik=0.000768 
predict Y and V! 
Finish ICM step! 
iter = 8, loglik= -17123814.000000, dloglik=0.000520 
predict Y and V! 
diff Energy = 1.893231 
Finish ICM step! 
iter = 9, loglik= -17117502.000000, dloglik=0.000369 
predict Y and V! 
diff Energy = 0.322707 
Finish ICM step! 
iter = 10, loglik= -17112714.000000, dloglik=0.000280 
predict Y and V! 
diff Energy = 1.492115 
Finish ICM step! 
iter = 11, loglik= -17108898.000000, dloglik=0.000223 
predict Y and V! 
Finish ICM step! 
iter = 12, loglik= -17105492.000000, dloglik=0.000199 
predict Y and V! 
diff Energy = 3.835116 
Finish ICM step! 
iter = 13, loglik= -17102688.000000, dloglik=0.000164 
predict Y and V! 
diff Energy = 2.909423 
Finish ICM step! 
iter = 14, loglik= -17100176.000000, dloglik=0.000147 
predict Y and V! 
Finish ICM step! 
iter = 15, loglik= -17098172.000000, dloglik=0.000117 
predict Y and V! 
diff Energy = 0.203125 
Finish ICM step! 
iter = 16, loglik= -17096506.000000, dloglik=0.000097 
predict Y and V! 
diff Energy = 0.209740 
Finish ICM step! 
iter = 17, loglik= -17095070.000000, dloglik=0.000084 
predict Y and V! 
diff Energy = 0.258487 
Finish ICM step! 
iter = 18, loglik= -17093876.000000, dloglik=0.000070 
predict Y and V! 
Finish ICM step! 
iter = 19, loglik= -17092794.000000, dloglik=0.000063 
predict Y and V! 
Finish ICM step! 
iter = 20, loglik= -17091794.000000, dloglik=0.000059 
predict Y and V! 
Finish ICM step! 
iter = 21, loglik= -17090848.000000, dloglik=0.000055 
predict Y and V! 
Finish ICM step! 
iter = 22, loglik= -17089992.000000, dloglik=0.000050 
predict Y and V! 
diff Energy = 9.390875 
Finish ICM step! 
iter = 23, loglik= -17089178.000000, dloglik=0.000048 
predict Y and V! 
diff Energy = 6.119447 
Finish ICM step! 
iter = 24, loglik= -17088416.000000, dloglik=0.000045 
predict Y and V! 
diff Energy = 9.800304 
Finish ICM step! 
iter = 25, loglik= -17087608.000000, dloglik=0.000047 
predict Y and V! 
Finish ICM step! 
iter = 26, loglik= -17086674.000000, dloglik=0.000055 
predict Y and V! 
diff Energy = 6.690914 
Finish ICM step! 
iter = 27, loglik= -17085860.000000, dloglik=0.000048 
predict Y and V! 
Finish ICM step! 
iter = 28, loglik= -17084694.000000, dloglik=0.000068 
predict Y and V! 
diff Energy = 8.044373 
Finish ICM step! 
iter = 29, loglik= -17083350.000000, dloglik=0.000079 
predict Y and V! 
diff Energy = 3.274975 
Finish ICM step! 
iter = 30, loglik= -17081324.000000, dloglik=0.000119 
fitting ...
  |                                                                              |                                                                      |   0%  |                                                                              |===================================                                   |  50%  |                                                                              |======================================================================| 100%
variable initialize finish! 
predict Y and V! 
diff Energy = 82.483421 
Finish ICM step! 
iter = 2, loglik= -19263284.000000, dloglik=0.991030 
predict Y and V! 
diff Energy = 29.611777 
Finish ICM step! 
iter = 3, loglik= -19153430.000000, dloglik=0.005703 
predict Y and V! 
diff Energy = 70.954475 
Finish ICM step! 
iter = 4, loglik= -19114392.000000, dloglik=0.002038 
predict Y and V! 
diff Energy = 18.533439 
Finish ICM step! 
iter = 5, loglik= -19094866.000000, dloglik=0.001022 
predict Y and V! 
diff Energy = 15.987986 
Finish ICM step! 
iter = 6, loglik= -19083572.000000, dloglik=0.000591 
predict Y and V! 
diff Energy = 2.954284 
Finish ICM step! 
iter = 7, loglik= -19076494.000000, dloglik=0.000371 
predict Y and V! 
diff Energy = 43.476878 
Finish ICM step! 
iter = 8, loglik= -19071680.000000, dloglik=0.000252 
predict Y and V! 
Finish ICM step! 
iter = 9, loglik= -19068198.000000, dloglik=0.000183 
predict Y and V! 
diff Energy = 8.428765 
Finish ICM step! 
iter = 10, loglik= -19065392.000000, dloglik=0.000147 
predict Y and V! 
diff Energy = 3.516933 
Finish ICM step! 
iter = 11, loglik= -19063162.000000, dloglik=0.000117 
predict Y and V! 
diff Energy = 0.988467 
Finish ICM step! 
iter = 12, loglik= -19061458.000000, dloglik=0.000089 
predict Y and V! 
diff Energy = 0.372651 
Finish ICM step! 
iter = 13, loglik= -19060018.000000, dloglik=0.000076 
predict Y and V! 
Finish ICM step! 
iter = 14, loglik= -19058766.000000, dloglik=0.000066 
predict Y and V! 
Finish ICM step! 
iter = 15, loglik= -19057572.000000, dloglik=0.000063 
predict Y and V! 
Finish ICM step! 
iter = 16, loglik= -19056508.000000, dloglik=0.000056 
predict Y and V! 
Finish ICM step! 
iter = 17, loglik= -19055598.000000, dloglik=0.000048 
predict Y and V! 
diff Energy = 4.059207 
Finish ICM step! 
iter = 18, loglik= -19054722.000000, dloglik=0.000046 
predict Y and V! 
Finish ICM step! 
iter = 19, loglik= -19053758.000000, dloglik=0.000051 
predict Y and V! 
diff Energy = 0.006699 
Finish ICM step! 
iter = 20, loglik= -19052580.000000, dloglik=0.000062 
predict Y and V! 
Finish ICM step! 
iter = 21, loglik= -19050582.000000, dloglik=0.000105 
predict Y and V! 
Finish ICM step! 
iter = 22, loglik= -19046568.000000, dloglik=0.000211 
predict Y and V! 
diff Energy = 1.560478 
Finish ICM step! 
iter = 23, loglik= -19039086.000000, dloglik=0.000393 
predict Y and V! 
diff Energy = 0.037418 
Finish ICM step! 
iter = 24, loglik= -19030070.000000, dloglik=0.000474 
predict Y and V! 
diff Energy = 0.270237 
Finish ICM step! 
iter = 25, loglik= -19022704.000000, dloglik=0.000387 
predict Y and V! 
diff Energy = 2.954409 
Finish ICM step! 
iter = 26, loglik= -19017080.000000, dloglik=0.000296 
predict Y and V! 
diff Energy = 0.757034 
Finish ICM step! 
iter = 27, loglik= -19012342.000000, dloglik=0.000249 
predict Y and V! 
Finish ICM step! 
iter = 28, loglik= -19008160.000000, dloglik=0.000220 
predict Y and V! 
Finish ICM step! 
iter = 29, loglik= -19004222.000000, dloglik=0.000207 
predict Y and V! 
diff Energy = 0.095668 
Finish ICM step! 
iter = 30, loglik= -19000540.000000, dloglik=0.000194 
