Running label transfer: Br8325 → Br6660
fitting ...
  |                                                                              |                                                                      |   0%  |                                                                              |===================================                                   |  50%  |                                                                              |======================================================================| 100%
variable initialize finish! 
predict Y and V! 
diff Energy = 13.673042 
Finish ICM step! 
iter = 2, loglik= -17420344.000000, dloglik=0.991888 
predict Y and V! 
diff Energy = 39.972457 
Finish ICM step! 
iter = 3, loglik= -17264220.000000, dloglik=0.008962 
predict Y and V! 
diff Energy = 1.268776 
Finish ICM step! 
iter = 4, loglik= -17200932.000000, dloglik=0.003666 
predict Y and V! 
diff Energy = 28.798704 
Finish ICM step! 
iter = 5, loglik= -17165952.000000, dloglik=0.002034 
predict Y and V! 
diff Energy = 1.585317 
Finish ICM step! 
iter = 6, loglik= -17145894.000000, dloglik=0.001168 
predict Y and V! 
Finish ICM step! 
iter = 7, loglik= -17132718.000000, dloglik=0.000768 
predict Y and V! 
Finish ICM step! 
iter = 8, loglik= -17123814.000000, dloglik=0.000520 
predict Y and V! 
diff Energy = 1.893231 
Finish ICM step! 
iter = 9, loglik= -17117502.000000, dloglik=0.000369 
predict Y and V! 
diff Energy = 0.322707 
Finish ICM step! 
iter = 10, loglik= -17112714.000000, dloglik=0.000280 
predict Y and V! 
diff Energy = 1.492115 
Finish ICM step! 
iter = 11, loglik= -17108898.000000, dloglik=0.000223 
predict Y and V! 
Finish ICM step! 
iter = 12, loglik= -17105492.000000, dloglik=0.000199 
predict Y and V! 
diff Energy = 3.835116 
Finish ICM step! 
iter = 13, loglik= -17102688.000000, dloglik=0.000164 
predict Y and V! 
diff Energy = 2.909423 
Finish ICM step! 
iter = 14, loglik= -17100176.000000, dloglik=0.000147 
predict Y and V! 
Finish ICM step! 
iter = 15, loglik= -17098172.000000, dloglik=0.000117 
predict Y and V! 
diff Energy = 0.203125 
Finish ICM step! 
iter = 16, loglik= -17096506.000000, dloglik=0.000097 
predict Y and V! 
diff Energy = 0.209740 
Finish ICM step! 
iter = 17, loglik= -17095070.000000, dloglik=0.000084 
predict Y and V! 
diff Energy = 0.258487 
Finish ICM step! 
iter = 18, loglik= -17093876.000000, dloglik=0.000070 
predict Y and V! 
Finish ICM step! 
iter = 19, loglik= -17092794.000000, dloglik=0.000063 
predict Y and V! 
Finish ICM step! 
iter = 20, loglik= -17091794.000000, dloglik=0.000059 
predict Y and V! 
Finish ICM step! 
iter = 21, loglik= -17090848.000000, dloglik=0.000055 
predict Y and V! 
Finish ICM step! 
iter = 22, loglik= -17089992.000000, dloglik=0.000050 
predict Y and V! 
diff Energy = 9.390875 
Finish ICM step! 
iter = 23, loglik= -17089178.000000, dloglik=0.000048 
predict Y and V! 
diff Energy = 6.119447 
Finish ICM step! 
iter = 24, loglik= -17088416.000000, dloglik=0.000045 
predict Y and V! 
diff Energy = 9.800304 
Finish ICM step! 
iter = 25, loglik= -17087608.000000, dloglik=0.000047 
predict Y and V! 
Finish ICM step! 
iter = 26, loglik= -17086674.000000, dloglik=0.000055 
predict Y and V! 
diff Energy = 6.690914 
Finish ICM step! 
iter = 27, loglik= -17085860.000000, dloglik=0.000048 
predict Y and V! 
Finish ICM step! 
iter = 28, loglik= -17084694.000000, dloglik=0.000068 
predict Y and V! 
diff Energy = 8.044373 
Finish ICM step! 
iter = 29, loglik= -17083350.000000, dloglik=0.000079 
predict Y and V! 
diff Energy = 3.274975 
Finish ICM step! 
iter = 30, loglik= -17081324.000000, dloglik=0.000119 
fitting ...
  |                                                                              |                                                                      |   0%  |                                                                              |===================================                                   |  50%  |                                                                              |======================================================================| 100%
variable initialize finish! 
predict Y and V! 
Finish ICM step! 
iter = 2, loglik= -19954748.000000, dloglik=0.990708 
predict Y and V! 
diff Energy = 21.171173 
Finish ICM step! 
iter = 3, loglik= -19785036.000000, dloglik=0.008505 
predict Y and V! 
diff Energy = 50.733011 
Finish ICM step! 
iter = 4, loglik= -19712452.000000, dloglik=0.003669 
predict Y and V! 
diff Energy = 50.064652 
Finish ICM step! 
iter = 5, loglik= -19672896.000000, dloglik=0.002007 
predict Y and V! 
diff Energy = 36.163679 
Finish ICM step! 
iter = 6, loglik= -19648768.000000, dloglik=0.001226 
predict Y and V! 
diff Energy = 0.159257 
Finish ICM step! 
iter = 7, loglik= -19633268.000000, dloglik=0.000789 
predict Y and V! 
diff Energy = 27.269737 
Finish ICM step! 
iter = 8, loglik= -19622790.000000, dloglik=0.000534 
predict Y and V! 
diff Energy = 21.247797 
Finish ICM step! 
iter = 9, loglik= -19615366.000000, dloglik=0.000378 
predict Y and V! 
diff Energy = 9.469355 
Finish ICM step! 
iter = 10, loglik= -19609914.000000, dloglik=0.000278 
predict Y and V! 
diff Energy = 5.051040 
Finish ICM step! 
iter = 11, loglik= -19605782.000000, dloglik=0.000211 
predict Y and V! 
diff Energy = 0.212100 
Finish ICM step! 
iter = 12, loglik= -19602638.000000, dloglik=0.000160 
predict Y and V! 
Finish ICM step! 
iter = 13, loglik= -19600176.000000, dloglik=0.000126 
predict Y and V! 
diff Energy = 8.883073 
Finish ICM step! 
iter = 14, loglik= -19598364.000000, dloglik=0.000092 
predict Y and V! 
diff Energy = 5.081757 
Finish ICM step! 
iter = 15, loglik= -19596606.000000, dloglik=0.000090 
predict Y and V! 
Finish ICM step! 
iter = 16, loglik= -19595158.000000, dloglik=0.000074 
predict Y and V! 
diff Energy = 2.623283 
Finish ICM step! 
iter = 17, loglik= -19593976.000000, dloglik=0.000060 
predict Y and V! 
diff Energy = 8.544000 
Finish ICM step! 
iter = 18, loglik= -19592984.000000, dloglik=0.000051 
predict Y and V! 
diff Energy = 1.715830 
Finish ICM step! 
iter = 19, loglik= -19592108.000000, dloglik=0.000045 
predict Y and V! 
diff Energy = 2.367352 
Finish ICM step! 
iter = 20, loglik= -19591318.000000, dloglik=0.000040 
predict Y and V! 
diff Energy = 1.049817 
Finish ICM step! 
iter = 21, loglik= -19590614.000000, dloglik=0.000036 
predict Y and V! 
Finish ICM step! 
iter = 22, loglik= -19590016.000000, dloglik=0.000031 
predict Y and V! 
Finish ICM step! 
iter = 23, loglik= -19589498.000000, dloglik=0.000026 
predict Y and V! 
diff Energy = 2.206696 
Finish ICM step! 
iter = 24, loglik= -19588902.000000, dloglik=0.000030 
predict Y and V! 
Finish ICM step! 
iter = 25, loglik= -19588334.000000, dloglik=0.000029 
predict Y and V! 
Finish ICM step! 
iter = 26, loglik= -19587808.000000, dloglik=0.000027 
predict Y and V! 
diff Energy = 1.594387 
Finish ICM step! 
iter = 27, loglik= -19587304.000000, dloglik=0.000026 
predict Y and V! 
Finish ICM step! 
iter = 28, loglik= -19586824.000000, dloglik=0.000025 
predict Y and V! 
Finish ICM step! 
iter = 29, loglik= -19586454.000000, dloglik=0.000019 
predict Y and V! 
diff Energy = 0.392007 
Finish ICM step! 
iter = 30, loglik= -19586094.000000, dloglik=0.000018 
