Loading conda_R/4.4
Loading required package: SeuratObject
Loading required package: sp

Attaching package: ‘SeuratObject’

The following objects are masked from ‘package:base’:

    intersect, t

Loading required package: SingleCellExperiment
Loading required package: SummarizedExperiment
Loading required package: MatrixGenerics
Loading required package: matrixStats

Attaching package: ‘MatrixGenerics’

The following objects are masked from ‘package:matrixStats’:

    colAlls, colAnyNAs, colAnys, colAvgsPerRowSet, colCollapse,
    colCounts, colCummaxs, colCummins, colCumprods, colCumsums,
    colDiffs, colIQRDiffs, colIQRs, colLogSumExps, colMadDiffs,
    colMads, colMaxs, colMeans2, colMedians, colMins, colOrderStats,
    colProds, colQuantiles, colRanges, colRanks, colSdDiffs, colSds,
    colSums2, colTabulates, colVarDiffs, colVars, colWeightedMads,
    colWeightedMeans, colWeightedMedians, colWeightedSds,
    colWeightedVars, rowAlls, rowAnyNAs, rowAnys, rowAvgsPerColSet,
    rowCollapse, rowCounts, rowCummaxs, rowCummins, rowCumprods,
    rowCumsums, rowDiffs, rowIQRDiffs, rowIQRs, rowLogSumExps,
    rowMadDiffs, rowMads, rowMaxs, rowMeans2, rowMedians, rowMins,
    rowOrderStats, rowProds, rowQuantiles, rowRanges, rowRanks,
    rowSdDiffs, rowSds, rowSums2, rowTabulates, rowVarDiffs, rowVars,
    rowWeightedMads, rowWeightedMeans, rowWeightedMedians,
    rowWeightedSds, rowWeightedVars

Loading required package: GenomicRanges
Loading required package: stats4
Loading required package: BiocGenerics

Attaching package: ‘BiocGenerics’

The following object is masked from ‘package:SeuratObject’:

    intersect

The following objects are masked from ‘package:stats’:

    IQR, mad, sd, var, xtabs

The following objects are masked from ‘package:base’:

    anyDuplicated, aperm, append, as.data.frame, basename, cbind,
    colnames, dirname, do.call, duplicated, eval, evalq, Filter, Find,
    get, grep, grepl, intersect, is.unsorted, lapply, Map, mapply,
    match, mget, order, paste, pmax, pmax.int, pmin, pmin.int,
    Position, rank, rbind, Reduce, rownames, sapply, saveRDS, setdiff,
    table, tapply, union, unique, unsplit, which.max, which.min

Loading required package: S4Vectors

Attaching package: ‘S4Vectors’

The following object is masked from ‘package:utils’:

    findMatches

The following objects are masked from ‘package:base’:

    expand.grid, I, unname

Loading required package: IRanges

Attaching package: ‘IRanges’

The following object is masked from ‘package:sp’:

    %over%

Loading required package: GenomeInfoDb
Loading required package: Biobase
Welcome to Bioconductor

    Vignettes contain introductory material; view with
    'browseVignettes()'. To cite Bioconductor, see
    'citation("Biobase")', and for packages 'citation("pkgname")'.


Attaching package: ‘Biobase’

The following object is masked from ‘package:MatrixGenerics’:

    rowMedians

The following objects are masked from ‘package:matrixStats’:

    anyMissing, rowMedians


Attaching package: ‘SummarizedExperiment’

The following object is masked from ‘package:Seurat’:

    Assays

The following object is masked from ‘package:SeuratObject’:

    Assays

Warning message:
replacing previous import ‘S4Arrays::read_block’ by ‘DelayedArray::read_block’ when loading ‘SummarizedExperiment’ 

Attaching package: ‘Matrix’

The following object is masked from ‘package:S4Vectors’:

    expand

here() starts at /dcs04/lieber/marmaypag/spatialAMY_LIBD4125/spatialAmygdala
Loading required package: ggplot2
Loading required package: parallel
Loading required package: gtools
PRECAST :  An efficient data integration method is provided for multiple spatial transcriptomics data with non-cluster-relevant effects such as the complex batch effects. It unifies spatial factor analysis simultaneously with spatial clustering and embedding alignment, requiring only partially shared cell/domain clusters across datasets. More details can be referred to Wei Liu, et al. (2023) <doi:10.1038/s41467-023-35947-w>.   Check out our Package website (https://feiyoung.github.io/PRECAST/index.html) for a more complete description of the methods and analyses

Attaching package: ‘purrr’

The following object is masked from ‘package:GenomicRanges’:

    reduce

The following object is masked from ‘package:IRanges’:

    reduce

Running label transfer: Br8325 → Br9206
Warning: Data is of class matrix. Coercing to dgCMatrix.
Warning: Data is of class matrix. Coercing to dgCMatrix.
Filter spots and features from Raw count data...
 
 
2025-09-14 23:28:21.775858 : ***** Filtering step for raw count data finished!, 0.018 mins elapsed.
Select the variable genes for each data batch...
2025-09-14 23:28:21.777783 : ***** Gene selection finished!, 0 mins elapsed.
Filter spots and features from SVGs(HVGs) count data...
Normalizing layer: counts
Performing log-normalization
0%   10   20   30   40   50   60   70   80   90   100%
[----|----|----|----|----|----|----|----|----|----|
**************************************************|
2025-09-14 23:28:26.75159 : ***** Filtering step for count data with variable genes finished!, 0.074 mins elapsed.
Neighbors were identified for 29885 out of 29885 spots.
-----Intergrative data info.: 1 samples, 2000 genes X 29885 spots------
-----PRECAST model setting: error_heter=TRUE, Sigma_equal=FALSE, Sigma_diag=TRUE, mix_prop_heter=TRUE
Start computing intial values... 

2025-09-14 23:34:11.437271 : ***** Initialization finished!, 5.464 mins elapsed.
----Fitting PRECAST model----------------

2025-09-14 23:58:43.570235 : ***** PRECAST model fitting finished!, 24.536 mins elapsed.
Filter spots and features from Raw count data...
 
 
2025-09-14 23:58:44.655132 : ***** Filtering step for raw count data finished!, 0.018 mins elapsed.
Select the variable genes for each data batch...
CreatePRECASTObject: remove genes:SLC18A3  OTP  with low count reads in seuList.
2025-09-14 23:58:44.657387 : ***** Gene selection finished!, 0 mins elapsed.
Filter spots and features from SVGs(HVGs) count data...
Normalizing layer: counts
Performing log-normalization
0%   10   20   30   40   50   60   70   80   90   100%
[----|----|----|----|----|----|----|----|----|----|
**************************************************|
2025-09-14 23:58:48.21564 : ***** Filtering step for count data with variable genes finished!, 0.053 mins elapsed.
Neighbors were identified for 26846 out of 26846 spots.
-----Intergrative data info.: 1 samples, 1998 genes X 26846 spots------
-----PRECAST model setting: error_heter=TRUE, Sigma_equal=FALSE, Sigma_diag=TRUE, mix_prop_heter=TRUE
Start computing intial values... 

2025-09-15 00:04:09.261842 : ***** Initialization finished!, 5.145 mins elapsed.
----Fitting PRECAST model----------------

2025-09-15 00:26:37.149323 : ***** PRECAST model fitting finished!, 22.465 mins elapsed.
Error in is.data.frame(x) : 
  no slot of name "hZ" for this object of class "PRECASTObj"
Calls: CreateDimReducObject -> colnames -> is.data.frame
Execution halted
