Running label transfer: Br8325 → Br6423
fitting ...
  |                                                                              |                                                                      |   0%  |                                                                              |===================================                                   |  50%  |                                                                              |======================================================================| 100%
variable initialize finish! 
predict Y and V! 
diff Energy = 13.673042 
Finish ICM step! 
iter = 2, loglik= -17420344.000000, dloglik=0.991888 
predict Y and V! 
diff Energy = 39.972457 
Finish ICM step! 
iter = 3, loglik= -17264220.000000, dloglik=0.008962 
predict Y and V! 
diff Energy = 1.268776 
Finish ICM step! 
iter = 4, loglik= -17200932.000000, dloglik=0.003666 
predict Y and V! 
diff Energy = 28.798704 
Finish ICM step! 
iter = 5, loglik= -17165952.000000, dloglik=0.002034 
predict Y and V! 
diff Energy = 1.585317 
Finish ICM step! 
iter = 6, loglik= -17145894.000000, dloglik=0.001168 
predict Y and V! 
Finish ICM step! 
iter = 7, loglik= -17132718.000000, dloglik=0.000768 
predict Y and V! 
Finish ICM step! 
iter = 8, loglik= -17123814.000000, dloglik=0.000520 
predict Y and V! 
diff Energy = 1.893231 
Finish ICM step! 
iter = 9, loglik= -17117502.000000, dloglik=0.000369 
predict Y and V! 
diff Energy = 0.322707 
Finish ICM step! 
iter = 10, loglik= -17112714.000000, dloglik=0.000280 
predict Y and V! 
diff Energy = 1.492115 
Finish ICM step! 
iter = 11, loglik= -17108898.000000, dloglik=0.000223 
predict Y and V! 
Finish ICM step! 
iter = 12, loglik= -17105492.000000, dloglik=0.000199 
predict Y and V! 
diff Energy = 3.835116 
Finish ICM step! 
iter = 13, loglik= -17102688.000000, dloglik=0.000164 
predict Y and V! 
diff Energy = 2.909423 
Finish ICM step! 
iter = 14, loglik= -17100176.000000, dloglik=0.000147 
predict Y and V! 
Finish ICM step! 
iter = 15, loglik= -17098172.000000, dloglik=0.000117 
predict Y and V! 
diff Energy = 0.203125 
Finish ICM step! 
iter = 16, loglik= -17096506.000000, dloglik=0.000097 
predict Y and V! 
diff Energy = 0.209740 
Finish ICM step! 
iter = 17, loglik= -17095070.000000, dloglik=0.000084 
predict Y and V! 
diff Energy = 0.258487 
Finish ICM step! 
iter = 18, loglik= -17093876.000000, dloglik=0.000070 
predict Y and V! 
Finish ICM step! 
iter = 19, loglik= -17092794.000000, dloglik=0.000063 
predict Y and V! 
Finish ICM step! 
iter = 20, loglik= -17091794.000000, dloglik=0.000059 
predict Y and V! 
Finish ICM step! 
iter = 21, loglik= -17090848.000000, dloglik=0.000055 
predict Y and V! 
Finish ICM step! 
iter = 22, loglik= -17089992.000000, dloglik=0.000050 
predict Y and V! 
diff Energy = 9.390875 
Finish ICM step! 
iter = 23, loglik= -17089178.000000, dloglik=0.000048 
predict Y and V! 
diff Energy = 6.119447 
Finish ICM step! 
iter = 24, loglik= -17088416.000000, dloglik=0.000045 
predict Y and V! 
diff Energy = 9.800304 
Finish ICM step! 
iter = 25, loglik= -17087608.000000, dloglik=0.000047 
predict Y and V! 
Finish ICM step! 
iter = 26, loglik= -17086674.000000, dloglik=0.000055 
predict Y and V! 
diff Energy = 6.690914 
Finish ICM step! 
iter = 27, loglik= -17085860.000000, dloglik=0.000048 
predict Y and V! 
Finish ICM step! 
iter = 28, loglik= -17084694.000000, dloglik=0.000068 
predict Y and V! 
diff Energy = 8.044373 
Finish ICM step! 
iter = 29, loglik= -17083350.000000, dloglik=0.000079 
predict Y and V! 
diff Energy = 3.274975 
Finish ICM step! 
iter = 30, loglik= -17081324.000000, dloglik=0.000119 
fitting ...
  |                                                                              |                                                                      |   0%  |                                                                              |===================================                                   |  50%  |                                                                              |======================================================================| 100%
variable initialize finish! 
predict Y and V! 
diff Energy = 14.595427 
Finish ICM step! 
iter = 2, loglik= -16583296.000000, dloglik=0.992278 
predict Y and V! 
diff Energy = 8.974050 
Finish ICM step! 
iter = 3, loglik= -16393304.000000, dloglik=0.011457 
predict Y and V! 
diff Energy = 17.333988 
Finish ICM step! 
iter = 4, loglik= -16311618.000000, dloglik=0.004983 
predict Y and V! 
diff Energy = 64.738828 
Finish ICM step! 
iter = 5, loglik= -16269304.000000, dloglik=0.002594 
predict Y and V! 
diff Energy = 44.589143 
Finish ICM step! 
iter = 6, loglik= -16244668.000000, dloglik=0.001514 
predict Y and V! 
diff Energy = 2.902700 
Finish ICM step! 
iter = 7, loglik= -16228969.000000, dloglik=0.000966 
predict Y and V! 
diff Energy = 13.536766 
Finish ICM step! 
iter = 8, loglik= -16218047.000000, dloglik=0.000673 
predict Y and V! 
diff Energy = 13.589439 
Finish ICM step! 
iter = 9, loglik= -16209969.000000, dloglik=0.000498 
predict Y and V! 
diff Energy = 6.840038 
Finish ICM step! 
iter = 10, loglik= -16203731.000000, dloglik=0.000385 
predict Y and V! 
diff Energy = 7.720431 
Finish ICM step! 
iter = 11, loglik= -16198880.000000, dloglik=0.000299 
predict Y and V! 
diff Energy = 9.682444 
Finish ICM step! 
iter = 12, loglik= -16195090.000000, dloglik=0.000234 
predict Y and V! 
diff Energy = 5.514262 
Finish ICM step! 
iter = 13, loglik= -16192075.000000, dloglik=0.000186 
predict Y and V! 
diff Energy = 8.915183 
Finish ICM step! 
iter = 14, loglik= -16189642.000000, dloglik=0.000150 
predict Y and V! 
diff Energy = 6.347502 
Finish ICM step! 
iter = 15, loglik= -16187653.000000, dloglik=0.000123 
predict Y and V! 
diff Energy = 3.377178 
Finish ICM step! 
iter = 16, loglik= -16186057.000000, dloglik=0.000099 
predict Y and V! 
diff Energy = 11.507291 
Finish ICM step! 
iter = 17, loglik= -16184657.000000, dloglik=0.000086 
predict Y and V! 
Finish ICM step! 
iter = 18, loglik= -16183637.000000, dloglik=0.000063 
predict Y and V! 
diff Energy = 10.085860 
Finish ICM step! 
iter = 19, loglik= -16182688.000000, dloglik=0.000059 
predict Y and V! 
diff Energy = 1.382425 
Finish ICM step! 
iter = 20, loglik= -16181787.000000, dloglik=0.000056 
predict Y and V! 
Finish ICM step! 
iter = 21, loglik= -16181018.000000, dloglik=0.000048 
predict Y and V! 
diff Energy = 8.258542 
Finish ICM step! 
iter = 22, loglik= -16180350.000000, dloglik=0.000041 
predict Y and V! 
diff Energy = 1.080133 
Finish ICM step! 
iter = 23, loglik= -16179740.000000, dloglik=0.000038 
predict Y and V! 
diff Energy = 2.220342 
Finish ICM step! 
iter = 24, loglik= -16179157.000000, dloglik=0.000036 
predict Y and V! 
diff Energy = 2.724232 
Finish ICM step! 
iter = 25, loglik= -16178653.000000, dloglik=0.000031 
predict Y and V! 
diff Energy = 3.906309 
Finish ICM step! 
iter = 26, loglik= -16178125.000000, dloglik=0.000033 
predict Y and V! 
diff Energy = 2.023565 
Finish ICM step! 
iter = 27, loglik= -16177688.000000, dloglik=0.000027 
predict Y and V! 
diff Energy = 1.450037 
Finish ICM step! 
iter = 28, loglik= -16177236.000000, dloglik=0.000028 
predict Y and V! 
Finish ICM step! 
iter = 29, loglik= -16176819.000000, dloglik=0.000026 
predict Y and V! 
diff Energy = 1.978980 
Finish ICM step! 
iter = 30, loglik= -16176460.000000, dloglik=0.000022 
