Unloading conda_R/4.5
Loading conda_R/4.4

The following have been reloaded with a version change:
  1) conda_R/4.5 => conda_R/4.4


Currently Loaded Modules:
  1) JHPCE_ROCKY9_DEFAULT_ENV   3) git-status-size/github   5) conda_R/4.4
  2) JHPCE_tools/3.0            4) conda/3-24.3.0

 

Warning message:
replacing previous import ‘S4Arrays::read_block’ by ‘DelayedArray::read_block’ when loading ‘SummarizedExperiment’ 
Processing resolution: 0.6
Processing resolution: 0.8
Processing resolution: 1
Processing resolution: 1.2
Processing resolution: 1.4
Processing resolution: 1.6
Processing resolution: 1.8
Processing resolution: 2
Warning messages:
1: Missing cluster column: clust_Banksy_k36_res0_6_lam0.8 
2: Missing cluster column: clust_Banksy_k36_res0_8_lam0.8 
3: Missing cluster column: clust_Banksy_k36_res1_lam0.8 
4: Missing cluster column: clust_Banksy_k36_res1_2_lam0.8 
5: Missing cluster column: clust_Banksy_k36_res1_4_lam0.8 
6: Missing cluster column: clust_Banksy_k36_res1_6_lam0.8 
7: Missing cluster column: clust_Banksy_k36_res1_8_lam0.8 
8: Missing cluster column: clust_Banksy_k36_res2_lam0.8 
